Component: ARM Compiler 5.06 update 4 (build 422) Tool: armlink [4d35d2]

==============================================================================

Section Cross References

    startup_stm32l431xx.o(RESET) refers to startup_stm32l431xx.o(STACK) for __initial_sp
    startup_stm32l431xx.o(RESET) refers to startup_stm32l431xx.o(.text) for Reset_Handler
    startup_stm32l431xx.o(RESET) refers to stm32l4xx_it.o(i.NMI_Handler) for NMI_Handler
    startup_stm32l431xx.o(RESET) refers to stm32l4xx_it.o(i.HardFault_Handler) for HardFault_Handler
    startup_stm32l431xx.o(RESET) refers to stm32l4xx_it.o(i.MemManage_Handler) for MemManage_Handler
    startup_stm32l431xx.o(RESET) refers to stm32l4xx_it.o(i.BusFault_Handler) for BusFault_Handler
    startup_stm32l431xx.o(RESET) refers to stm32l4xx_it.o(i.UsageFault_Handler) for UsageFault_Handler
    startup_stm32l431xx.o(RESET) refers to stm32l4xx_it.o(i.SVC_Handler) for SVC_Handler
    startup_stm32l431xx.o(RESET) refers to stm32l4xx_it.o(i.DebugMon_Handler) for DebugMon_Handler
    startup_stm32l431xx.o(RESET) refers to stm32l4xx_it.o(i.PendSV_Handler) for PendSV_Handler
    startup_stm32l431xx.o(RESET) refers to stm32l4xx_it.o(i.SysTick_Handler) for SysTick_Handler
    startup_stm32l431xx.o(RESET) refers to stm32l4xx_it.o(i.EXTI0_IRQHandler) for EXTI0_IRQHandler
    startup_stm32l431xx.o(RESET) refers to stm32l4xx_it.o(i.EXTI2_IRQHandler) for EXTI2_IRQHandler
    startup_stm32l431xx.o(RESET) refers to stm32l4xx_it.o(i.EXTI9_5_IRQHandler) for EXTI9_5_IRQHandler
    startup_stm32l431xx.o(RESET) refers to stm32l4xx_it.o(i.USART2_IRQHandler) for USART2_IRQHandler
    startup_stm32l431xx.o(RESET) refers to stm32l4xx_it.o(i.USART3_IRQHandler) for USART3_IRQHandler
    startup_stm32l431xx.o(.text) refers to system_stm32l4xx.o(i.SystemInit) for SystemInit
    startup_stm32l431xx.o(.text) refers to entry.o(.ARM.Collect$$$$00000000) for __main
    main.o(i.HAL_GPIO_EXTI_Callback) refers to menu.o(i.SYSCLKConfig_STOP) for SYSCLKConfig_STOP
    main.o(i.HAL_GPIO_EXTI_Callback) refers to printf8.o(i.__0printf$8) for __2printf
    main.o(i.HAL_GPIO_EXTI_Callback) refers to fpcst90x.o(i.fp_power_on) for fp_power_on
    main.o(i.HAL_GPIO_EXTI_Callback) refers to apt8l16.o(i.APT_ScanTouchKey) for APT_ScanTouchKey
    main.o(i.HAL_GPIO_EXTI_Callback) refers to delay.o(i.sys_delay_us) for sys_delay_us
    main.o(i.HAL_GPIO_EXTI_Callback) refers to stm32l4xx_hal_gpio.o(i.HAL_GPIO_ReadPin) for HAL_GPIO_ReadPin
    main.o(i.HAL_GPIO_EXTI_Callback) refers to flash.o(i.factory_reset) for factory_reset
    main.o(i.HAL_GPIO_EXTI_Callback) refers to nfc9883.o(i.detect_card) for detect_card
    main.o(i.HAL_GPIO_EXTI_Callback) refers to main.o(.data) for .data
    main.o(i.HAL_GPIO_EXTI_Callback) refers to main.o(.constdata) for .constdata
    main.o(i.HAL_UART_RxCpltCallback) refers to strstr.o(.text) for strstr
    main.o(i.HAL_UART_RxCpltCallback) refers to usart.o(.bss) for huart2
    main.o(i.HAL_UART_RxCpltCallback) refers to main.o(.data) for .data
    main.o(i.HAL_UART_RxCpltCallback) refers to main.o(.bss) for .bss
    main.o(i.SystemClock_Config) refers to stm32l4xx_hal_pwr.o(i.HAL_PWR_EnableBkUpAccess) for HAL_PWR_EnableBkUpAccess
    main.o(i.SystemClock_Config) refers to stm32l4xx_hal_rcc.o(i.HAL_RCC_OscConfig) for HAL_RCC_OscConfig
    main.o(i.SystemClock_Config) refers to stm32l4xx_hal_rcc.o(i.HAL_RCC_ClockConfig) for HAL_RCC_ClockConfig
    main.o(i.SystemClock_Config) refers to stm32l4xx_hal_rcc_ex.o(i.HAL_RCCEx_PeriphCLKConfig) for HAL_RCCEx_PeriphCLKConfig
    main.o(i.SystemClock_Config) refers to stm32l4xx_hal_pwr_ex.o(i.HAL_PWREx_ControlVoltageScaling) for HAL_PWREx_ControlVoltageScaling
    main.o(i.SystemClock_Config) refers to stm32l4xx_hal_rcc.o(i.HAL_RCC_GetHCLKFreq) for HAL_RCC_GetHCLKFreq
    main.o(i.SystemClock_Config) refers to stm32l4xx_hal_cortex.o(i.HAL_SYSTICK_Config) for HAL_SYSTICK_Config
    main.o(i.SystemClock_Config) refers to stm32l4xx_hal_cortex.o(i.HAL_SYSTICK_CLKSourceConfig) for HAL_SYSTICK_CLKSourceConfig
    main.o(i.SystemClock_Config) refers to stm32l4xx_hal_rcc_ex.o(i.HAL_RCCEx_EnableMSIPLLMode) for HAL_RCCEx_EnableMSIPLLMode
    main.o(i.SystemClock_Config) refers to stm32l4xx_hal_cortex.o(i.HAL_NVIC_SetPriority) for HAL_NVIC_SetPriority
    main.o(i.main) refers to stm32l4xx_hal.o(i.HAL_Init) for HAL_Init
    main.o(i.main) refers to main.o(i.SystemClock_Config) for SystemClock_Config
    main.o(i.main) refers to gpio.o(i.MX_GPIO_Init) for MX_GPIO_Init
    main.o(i.main) refers to usart.o(i.MX_USART1_UART_Init) for MX_USART1_UART_Init
    main.o(i.main) refers to i2c.o(i.MX_I2C1_Init) for MX_I2C1_Init
    main.o(i.main) refers to spi.o(i.MX_SPI2_Init) for MX_SPI2_Init
    main.o(i.main) refers to usart.o(i.MX_USART2_UART_Init) for MX_USART2_UART_Init
    main.o(i.main) refers to usart.o(i.MX_USART3_UART_Init) for MX_USART3_UART_Init
    main.o(i.main) refers to adc.o(i.MX_ADC1_Init) for MX_ADC1_Init
[...]
    display_submenu_del                      0x08007b51   Thumb Code   226  ssd1305.o(i.display_submenu_del)
    display_submenu_sys                      0x08007c3d   Thumb Code   286  ssd1305.o(i.display_submenu_sys)
    display_subsubmenu_add                   0x08007d65   Thumb Code   226  ssd1305.o(i.display_subsubmenu_add)
    display_subsubmenu_sys                   0x08007e51   Thumb Code   286  ssd1305.o(i.display_subsubmenu_sys)
    display_sys_battery_info                 0x08007f79   Thumb Code   182  ssd1305.o(i.display_sys_battery_info)
    display_sys_config_fail                  0x08008085   Thumb Code    50  ssd1305.o(i.display_sys_config_fail)
    display_sys_config_sucessful             0x080080bd   Thumb Code    50  ssd1305.o(i.display_sys_config_sucessful)
    display_sys_config_wlan                  0x080080f5   Thumb Code   234  ssd1305.o(i.display_sys_config_wlan)
    display_sys_config_wlan_countdown        0x080081e5   Thumb Code   130  ssd1305.o(i.display_sys_config_wlan_countdown)
    display_sys_exit                         0x08008271   Thumb Code    50  ssd1305.o(i.display_sys_exit)
    display_sys_host_info                    0x080082a9   Thumb Code   404  ssd1305.o(i.display_sys_host_info)
    display_sys_info_menu                    0x080084a5   Thumb Code   288  ssd1305.o(i.display_sys_info_menu)
    display_sys_log_menu                     0x080085c9   Thumb Code  1424  ssd1305.o(i.display_sys_log_menu)
    display_sys_log_null                     0x08008b6d   Thumb Code    48  ssd1305.o(i.display_sys_log_null)
    display_sys_reset                        0x08008ba1   Thumb Code    88  ssd1305.o(i.display_sys_reset)
    display_sys_source_info                  0x08008bfd   Thumb Code   680  ssd1305.o(i.display_sys_source_info)
    display_sys_unlock_wlan_countdown        0x08008ebd   Thumb Code   130  ssd1305.o(i.display_sys_unlock_wlan_countdown)
    display_whether_factory                  0x08008f49   Thumb Code   172  ssd1305.o(i.display_whether_factory)
    display_wifi_wait                        0x08008ff9   Thumb Code   124  ssd1305.o(i.display_wifi_wait)
    factory_reset                            0x08009079   Thumb Code   120  flash.o(i.factory_reset)
    finger_login                             0x0800912d   Thumb Code   804  menu.o(i.finger_login)
    flash_exit                               0x080095a9   Thumb Code    70  flash.o(i.flash_exit)
    flash_init                               0x080095f5   Thumb Code   856  flash.o(i.flash_init)
    fp_add                                   0x08009b11   Thumb Code   998  fpcst90x.o(i.fp_add)
    fp_clear_flag_rx                         0x0800a0d1   Thumb Code    16  fpcst90x.o(i.fp_clear_flag_rx)
    fp_delete                                0x0800a0e9   Thumb Code   398  fpcst90x.o(i.fp_delete)
    fp_power_off                             0x0800a32f   Thumb Code    66  fpcst90x.o(i.fp_power_off)
    fp_power_on                              0x0800a371   Thumb Code   182  fpcst90x.o(i.fp_power_on)
    fp_sleep                                 0x0800a485   Thumb Code    24  fpcst90x.o(i.fp_sleep)
    fp_trans_recv                            0x0800a4a1   Thumb Code   120  fpcst90x.o(i.fp_trans_recv)
    fputc                                    0x0800a591   Thumb Code    20  usart.o(i.fputc)
    free                                     0x0800a5a9   Thumb Code    76  malloc.o(i.free)
    horn_powerOff                            0x0800a5f9   Thumb Code    32  win6170.o(i.horn_powerOff)
    horn_powerOn                             0x0800a61d   Thumb Code    12  win6170.o(i.horn_powerOn)
    init_ic                                  0x0800a629   Thumb Code   154  ssd1305.o(i.init_ic)
    keyboard_lock                            0x0800a6c5   Thumb Code   270  menu.o(i.keyboard_lock)
    keyboard_login                           0x0800a845   Thumb Code   398  menu.o(i.keyboard_login)
    keyboard_password_confirm                0x0800a9fd   Thumb Code   920  keyboard.o(i.keyboard_password_confirm)
    keyboard_password_del                    0x0800af35   Thumb Code   356  keyboard.o(i.keyboard_password_del)
    keyboard_password_save                   0x0800b159   Thumb Code   426  keyboard.o(i.keyboard_password_save)
    led_powerOff                             0x0800b3c5   Thumb Code    10  74hc595.o(i.led_powerOff)
    led_powerOn                              0x0800b3d5   Thumb Code    10  74hc595.o(i.led_powerOn)
    main                                     0x0800b3e5   Thumb Code   348  main.o(i.main)
    main_menu                                0x0800b559   Thumb Code   182  menu.o(i.main_menu)
    malloc                                   0x0800b619   Thumb Code    92  malloc.o(i.malloc)
    multi_mode_init                          0x0800b685   Thumb Code   230  menu.o(i.multi_mode_init)
    nfc9883_init                             0x0800b811   Thumb Code   278  nfc9883.o(i.nfc9883_init)
    nfc_add                                  0x0800b985   Thumb Code   762  nfc.o(i.nfc_add)
    nfc_delete                               0x0800bdc1   Thumb Code   374  nfc.o(i.nfc_delete)
    oled_init                                0x0800bff9   Thumb Code    10  ssd1305.o(i.oled_init)
    oled_powerOff                            0x0800c009   Thumb Code    50  ssd1305.o(i.oled_powerOff)
    oled_powerOn                             0x0800c041   Thumb Code    12  ssd1305.o(i.oled_powerOn)
    oled_refresh_gram                        0x0800c04d   Thumb Code    60  ssd1305.o(i.oled_refresh_gram)
    oled_refresh_gram_with_arg               0x0800c08d   Thumb Code    60  ssd1305.o(i.oled_refresh_gram_with_arg)
    oled_refresh_gram_with_multi_arg         0x0800c0cd   Thumb Code   100  ssd1305.o(i.oled_refresh_gram_with_multi_arg)
    phKeyStore_Rc663_Init                    0x0800c135   Thumb Code    22  phkeystore_rc663.o(i.phKeyStore_Rc663_Init)
    phalMfc_Sw_Init                          0x0800c14b   Thumb Code    24  phalmfc_sw.o(i.phalMfc_Sw_Init)
    phbalReg_Exchange                        0x0800c163   Thumb Code    48  phbalreg.o(i.phbalReg_Exchange)
    phbalReg_Stub_Exchange                   0x0800c193   Thumb Code    46  phbalreg_stub.o(i.phbalReg_Stub_Exchange)
    phbalReg_Stub_Init                       0x0800c1c1   Thumb Code    26  phbalreg_stub.o(i.phbalReg_Stub_Init)
    phhalHw_ApplyProtocolSettings            0x0800c1db   Thumb Code    36  phhalhw.o(i.phhalHw_ApplyProtocolSettings)
    phhalHw_Exchange                         0x0800c1ff   Thumb Code    46  phhalhw.o(i.phhalHw_Exchange)
    phhalHw_FieldReset                       0x0800c22d   Thumb Code    30  phhalhw.o(i.phhalHw_FieldReset)
    phhalHw_GetConfig                        0x0800c24b   Thumb Code    36  phhalhw.o(i.phhalHw_GetConfig)
    phhalHw_Rc663_ApplyProtocolSettings      0x0800c271   Thumb Code   432  phhalhw_rc663.o(i.phhalHw_Rc663_ApplyProtocolSettings)
    phhalHw_Rc663_Cmd_LoadProtocol           0x0800c429   Thumb Code    56  phhalhw_rc663_cmd.o(i.phhalHw_Rc663_Cmd_LoadProtocol)
    phhalHw_Rc663_Cmd_LoadReg                0x0800c461   Thumb Code    80  phhalhw_rc663_cmd.o(i.phhalHw_Rc663_Cmd_LoadReg)
    phhalHw_Rc663_Cmd_Lpcd                   0x0800c4b1   Thumb Code   730  phhalhw_rc663_cmd.o(i.phhalHw_Rc663_Cmd_Lpcd)
    phhalHw_Rc663_Cmd_LpcdConfig             0x0800c79b   Thumb Code   208  phhalhw_rc663_cmd.o(i.phhalHw_Rc663_Cmd_LpcdConfig)
    phhalHw_Rc663_Cmd_Lpcd_Set               0x0800c871   Thumb Code   588  phhalhw_rc663_cmd.o(i.phhalHw_Rc663_Cmd_Lpcd_Set)
    phhalHw_Rc663_Cmd_SoftReset              0x0800cacb   Thumb Code     8  phhalhw_rc663_cmd.o(i.phhalHw_Rc663_Cmd_SoftReset)
    phhalHw_Rc663_Command_Int                0x0800cad5   Thumb Code   756  phhalhw_rc663_int.o(i.phhalHw_Rc663_Command_Int)
    phhalHw_Rc663_Command_Int_Set            0x0800ce41   Thumb Code   384  phhalhw_rc663_int.o(i.phhalHw_Rc663_Command_Int_Set)
    phhalHw_Rc663_Exchange                   0x0800d037   Thumb Code  1250  phhalhw_rc663.o(i.phhalHw_Rc663_Exchange)
    phhalHw_Rc663_FieldOff                   0x0800d51f   Thumb Code    38  phhalhw_rc663.o(i.phhalHw_Rc663_FieldOff)
    phhalHw_Rc663_FieldOn                    0x0800d545   Thumb Code    38  phhalhw_rc663.o(i.phhalHw_Rc663_FieldOn)
    phhalHw_Rc663_FieldReset                 0x0800d56b   Thumb Code    56  phhalhw_rc663.o(i.phhalHw_Rc663_FieldReset)
    phhalHw_Rc663_FlushFifo                  0x0800d5a3   Thumb Code    38  phhalhw_rc663_int.o(i.phhalHw_Rc663_FlushFifo)
    phhalHw_Rc663_GetConfig                  0x0800d5c9   Thumb Code   618  phhalhw_rc663.o(i.phhalHw_Rc663_GetConfig)
    phhalHw_Rc663_GetDigiDelay               0x0800d839   Thumb Code   158  phhalhw_rc663_int.o(i.phhalHw_Rc663_GetDigiDelay)
    phhalHw_Rc663_GetFdt                     0x0800d8dd   Thumb Code   310  phhalhw_rc663_int.o(i.phhalHw_Rc663_GetFdt)
    phhalHw_Rc663_GetRxBuffer                0x0800da1f   Thumb Code   116  phhalhw_rc663_int.o(i.phhalHw_Rc663_GetRxBuffer)
    phhalHw_Rc663_GetTxBuffer                0x0800da93   Thumb Code    50  phhalhw_rc663_int.o(i.phhalHw_Rc663_GetTxBuffer)
    phhalHw_Rc663_Init                       0x0800dac5   Thumb Code   130  phhalhw_rc663.o(i.phhalHw_Rc663_Init)
    phhalHw_Rc663_ReadData                   0x0800db47   Thumb Code   110  phhalhw_rc663_int.o(i.phhalHw_Rc663_ReadData)
    phhalHw_Rc663_ReadFifo                   0x0800dbb5   Thumb Code   120  phhalhw_rc663_int.o(i.phhalHw_Rc663_ReadFifo)
    phhalHw_Rc663_ReadRegister               0x0800dc2d   Thumb Code   108  phhalhw_rc663.o(i.phhalHw_Rc663_ReadRegister)
    phhalHw_Rc663_SetCardMode                0x0800dc99   Thumb Code   806  phhalhw_rc663_int.o(i.phhalHw_Rc663_SetCardMode)
    phhalHw_Rc663_SetConfig                  0x0800dfcb   Thumb Code  1192  phhalhw_rc663.o(i.phhalHw_Rc663_SetConfig)
    phhalHw_Rc663_SetConfig_Int              0x0800e473   Thumb Code   382  phhalhw_rc663_int.o(i.phhalHw_Rc663_SetConfig_Int)
    phhalHw_Rc663_SetFdt                     0x0800e5f1   Thumb Code   204  phhalhw_rc663_int.o(i.phhalHw_Rc663_SetFdt)
    phhalHw_Rc663_SetRxWait                  0x0800e6c9   Thumb Code    94  phhalhw_rc663_int.o(i.phhalHw_Rc663_SetRxWait)
    phhalHw_Rc663_SetTxWait                  0x0800e729   Thumb Code   208  phhalhw_rc663_int.o(i.phhalHw_Rc663_SetTxWait)
    phhalHw_Rc663_Wait                       0x0800e801   Thumb Code   160  phhalhw_rc663.o(i.phhalHw_Rc663_Wait)
    phhalHw_Rc663_WaitIrq                    0x0800e8a1   Thumb Code   334  phhalhw_rc663_wait.o(i.phhalHw_Rc663_WaitIrq)
    phhalHw_Rc663_WriteData                  0x0800ea6d   Thumb Code   110  phhalhw_rc663_int.o(i.phhalHw_Rc663_WriteData)
    phhalHw_Rc663_WriteFifo                  0x0800eadb   Thumb Code   128  phhalhw_rc663_int.o(i.phhalHw_Rc663_WriteFifo)
    phhalHw_Rc663_WriteRegister              0x0800eb5b   Thumb Code    92  phhalhw_rc663.o(i.phhalHw_Rc663_WriteRegister)
    phhalHw_ReadRegister                     0x0800ebb7   Thumb Code    36  phhalhw.o(i.phhalHw_ReadRegister)
    phhalHw_SetConfig                        0x0800ebdb   Thumb Code    36  phhalhw.o(i.phhalHw_SetConfig)
    phhalHw_WriteRegister                    0x0800ebff   Thumb Code    36  phhalhw.o(i.phhalHw_WriteRegister)
    phpalI14443p3a_ActivateCard              0x0800ec23   Thumb Code    48  phpali14443p3a.o(i.phpalI14443p3a_ActivateCard)
    phpalI14443p3a_Sw_ActivateCard           0x0800ec53   Thumb Code   314  phpali14443p3a_sw.o(i.phpalI14443p3a_Sw_ActivateCard)
    phpalI14443p3a_Sw_Anticollision          0x0800ed93   Thumb Code   672  phpali14443p3a_sw.o(i.phpalI14443p3a_Sw_Anticollision)
    phpalI14443p3a_Sw_Init                   0x0800f039   Thumb Code    28  phpali14443p3a_sw.o(i.phpalI14443p3a_Sw_Init)
    phpalI14443p3a_Sw_RequestA               0x0800f055   Thumb Code     8  phpali14443p3a_sw.o(i.phpalI14443p3a_Sw_RequestA)
    phpalI14443p3a_Sw_RequestAEx             0x0800f05d   Thumb Code   176  phpali14443p3a_sw.o(i.phpalI14443p3a_Sw_RequestAEx)
    phpalI14443p3a_Sw_Select                 0x0800f10d   Thumb Code    16  phpali14443p3a_sw.o(i.phpalI14443p3a_Sw_Select)
    phpalI14443p3a_Sw_WakeUpA                0x0800f11d   Thumb Code     8  phpali14443p3a_sw.o(i.phpalI14443p3a_Sw_WakeUpA)
    phpalI14443p3b_RequestB                  0x0800f125   Thumb Code    46  phpali14443p3b.o(i.phpalI14443p3b_RequestB)
    phpalI14443p3b_Sw_CheckATQBEx            0x0800f153   Thumb Code    86  phpali14443p3b_sw.o(i.phpalI14443p3b_Sw_CheckATQBEx)
    phpalI14443p3b_Sw_RequestB               0x0800f1a9   Thumb Code    22  phpali14443p3b_sw.o(i.phpalI14443p3b_Sw_RequestB)
    phpalI14443p3b_Sw_RequestBEx             0x0800f1bf   Thumb Code   168  phpali14443p3b_sw.o(i.phpalI14443p3b_Sw_RequestBEx)
    phpalI14443p4_Sw_Init                    0x0800f267   Thumb Code    22  phpali14443p4_sw.o(i.phpalI14443p4_Sw_Init)
    phpalI14443p4_Sw_ResetProtocol           0x0800f27d   Thumb Code    32  phpali14443p4_sw.o(i.phpalI14443p4_Sw_ResetProtocol)
    phpalMifare_Sw_Init                      0x0800f29d   Thumb Code    24  phpalmifare_sw.o(i.phpalMifare_Sw_Init)
    send_bytes                               0x0800f2b5   Thumb Code   146  74hc595.o(i.send_bytes)
    set_win6170                              0x0800f351   Thumb Code   124  win6170.o(i.set_win6170)
    sleep_mode                               0x0800f3d1   Thumb Code   498  menu.o(i.sleep_mode)
    stm_flash_erase                          0x0800f669   Thumb Code    90  stmflash.o(i.stm_flash_erase)
    stm_flash_erase_write                    0x0800f719   Thumb Code   152  stmflash.o(i.stm_flash_erase_write)
    stm_flash_read                           0x0800f81d   Thumb Code    24  stmflash.o(i.stm_flash_read)
    sys_battery_get                          0x0800f835   Thumb Code    96  menu.o(i.sys_battery_get)
    sys_battery_used_log                     0x0800f8b9   Thumb Code    90  user_operator.o(i.sys_battery_used_log)
    sys_delay_us                             0x0800f919   Thumb Code    48  delay.o(i.sys_delay_us)
    sys_host_about_log                       0x0800f949   Thumb Code    90  user_operator.o(i.sys_host_about_log)
    sys_info_menu                            0x0800f9a9   Thumb Code   178  user_operator.o(i.sys_info_menu)
    sys_log_record                           0x0800fa61   Thumb Code   198  user_operator.o(i.sys_log_record)
    sys_operator_log                         0x0800fbc5   Thumb Code   252  user_operator.o(i.sys_operator_log)
    sys_resource_used_log                    0x0800fd29   Thumb Code   110  user_operator.o(i.sys_resource_used_log)
    sys_set_config_wlan                      0x0800fda5   Thumb Code   248  user_operator.o(i.sys_set_config_wlan)
    sys_set_config_wlan_countdown            0x0800feb5   Thumb Code   350  user_operator.o(i.sys_set_config_wlan_countdown)
    sys_set_date_menu                        0x08010149   Thumb Code  1872  user_operator.o(i.sys_set_date_menu)
    sys_set_factory_menu                     0x080108a5   Thumb Code   144  user_operator.o(i.sys_set_factory_menu)
    sys_set_menu                             0x08010939   Thumb Code   174  user_operator.o(i.sys_set_menu)
    user_add_hak_menu_sub                    0x080109ed   Thumb Code   232  user_operator.o(i.user_add_hak_menu_sub)
    user_add_keyboard_menu                   0x08010ae9   Thumb Code   476  user_operator.o(i.user_add_keyboard_menu)
    user_add_menu                            0x08010d31   Thumb Code   170  user_operator.o(i.user_add_menu)
    user_add_menu_sub                        0x08010de5   Thumb Code   296  user_operator.o(i.user_add_menu_sub)
    user_delete_card_menu                    0x08010f21   Thumb Code  1602  user_operator.o(i.user_delete_card_menu)
    user_delete_fp_menu                      0x08011591   Thumb Code   992  user_operator.o(i.user_delete_fp_menu)
    user_delete_hak_menu_sub                 0x08011b2d   Thumb Code   136  user_operator.o(i.user_delete_hak_menu_sub)
    user_delete_menu                         0x08011bc5   Thumb Code   170  user_operator.o(i.user_delete_menu)
    user_delete_menu_sub                     0x08011c79   Thumb Code   184  user_operator.o(i.user_delete_menu_sub)
    user_delete_password_menu                0x08011d41   Thumb Code  1538  user_operator.o(i.user_delete_password_menu)
    voice_repeat                             0x08012349   Thumb Code    58  menu.o(i.voice_repeat)
    vol_set                                  0x08012385   Thumb Code   248  win6170.o(i.vol_set)
    wifi_clear_flag_rx                       0x08012495   Thumb Code    16  wifi_8266.o(i.wifi_clear_flag_rx)
    wifi_get_mac                             0x080124ad   Thumb Code   132  wifi_8266.o(i.wifi_get_mac)
    wifi_get_status                          0x080125a5   Thumb Code   140  wifi_8266.o(i.wifi_get_status)
    wifi_parase_time                         0x080126bd   Thumb Code   532  wifi_8266.o(i.wifi_parase_time)
    wifi_power_off                           0x08012991   Thumb Code    12  wifi_8266.o(i.wifi_power_off)
    wifi_power_on                            0x080129a1   Thumb Code    26  wifi_8266.o(i.wifi_power_on)
    wifi_remote_open                         0x080129c9   Thumb Code  1694  wifi_8266.o(i.wifi_remote_open)
    wifi_set_time_zone                       0x08013075   Thumb Code    12  wifi_8266.o(i.wifi_set_time_zone)
    wifi_smart_config                        0x08013099   Thumb Code   340  wifi_8266.o(i.wifi_smart_config)
    wifi_upload_alarm_info                   0x0801330d   Thumb Code   312  wifi_8266.o(i.wifi_upload_alarm_info)
    wifi_upload_all_info                     0x080135a5   Thumb Code   574  wifi_8266.o(i.wifi_upload_all_info)
    wifi_upload_battery                      0x0801391d   Thumb Code   142  wifi_8266.o(i.wifi_upload_battery)
    wifi_upload_send                         0x080139ad   Thumb Code    70  wifi_8266.o(i.wifi_upload_send)
    wifi_upload_user_info                    0x08013a09   Thumb Code   334  wifi_8266.o(i.wifi_upload_user_info)
    wifi_wait_IPD                            0x08013bf5   Thumb Code   140  wifi_8266.o(i.wifi_wait_IPD)
    wifi_wait_IPD_time                       0x08013cf9   Thumb Code   130  wifi_8266.o(i.wifi_wait_IPD_time)
    wifi_wait_ready                          0x08013dd5   Thumb Code   104  wifi_8266.o(i.wifi_wait_ready)
    AHBPrescTable                            0x08013eb0   Data          16  system_stm32l4xx.o(.constdata)
    MSIRangeTable                            0x08013ec0   Data          48  system_stm32l4xx.o(.constdata)
    APBPrescTable                            0x08013ef0   Data           8  system_stm32l4xx.o(.constdata)
    NUMBER                                   0x08013f09   Data         160  ssd1305.o(.constdata)
    CHARACTER                                0x08013fa9   Data         416  ssd1305.o(.constdata)
    NUMBER_DEL                               0x08014149   Data          16  ssd1305.o(.constdata)
    PASSWORD_WARN                            0x08014159   Data         304  ssd1305.o(.constdata)
    PASSWORD_WARN_AGAIN                      0x08014289   Data         368  ssd1305.o(.constdata)
    PASSWORD_PUT                             0x080143f9   Data         160  ssd1305.o(.constdata)
    PASSWORD_NULL                            0x08014499   Data         128  ssd1305.o(.constdata)
    PASSWORD_ANDMIN                          0x08014519   Data         192  ssd1305.o(.constdata)
    PASSWORD_EXIT                            0x080145d9   Data         160  ssd1305.o(.constdata)
    ADD_USER                                 0x08014679   Data         160  ssd1305.o(.constdata)
    DEL_USER                                 0x08014719   Data         160  ssd1305.o(.constdata)
    SYS_SET                                  0x080147b9   Data         160  ssd1305.o(.constdata)
    SYS_INFO                                 0x08014859   Data         160  ssd1305.o(.constdata)
    ADMIN                                    0x080148f9   Data         128  ssd1305.o(.constdata)
    USER                                     0x08014979   Data         160  ssd1305.o(.constdata)
    USER_SE                                  0x08014a19   Data         192  ssd1305.o(.constdata)
    ADD_FINGER                               0x08014ad9   Data         160  ssd1305.o(.constdata)
    ADD_PASSWORD                             0x08014b79   Data         160  ssd1305.o(.constdata)
    ADD_CARD                                 0x08014c19   Data         192  ssd1305.o(.constdata)
    DEL_FINGER                               0x08014cd9   Data         160  ssd1305.o(.constdata)
    DEL_PASSWORD                             0x08014d79   Data         160  ssd1305.o(.constdata)
    DEL_CARD                                 0x08014e19   Data         192  ssd1305.o(.constdata)
    VOICE_SET                                0x08014ed9   Data         160  ssd1305.o(.constdata)
    WAN_SET                                  0x08014f79   Data         160  ssd1305.o(.constdata)
    DATA_SET                                 0x08015019   Data         160  ssd1305.o(.constdata)
    FACTORY_SET                              0x080150b9   Data         224  ssd1305.o(.constdata)
    VOICE_HIGH                               0x08015199   Data         128  ssd1305.o(.constdata)
    VOICE_MID                                0x08015219   Data         128  ssd1305.o(.constdata)
    VOICE_LOW                                0x08015299   Data         128  ssd1305.o(.constdata)
    VOICE_OFF                                0x08015319   Data          96  ssd1305.o(.constdata)
    SPE_CHART                                0x08015379   Data          16  ssd1305.o(.constdata)
    SPE_CHART_DEL                            0x08015389   Data          16  ssd1305.o(.constdata)
    company                                  0x08015399   Data         324  ssd1305.o(.constdata)
    CHECK_FAILED                             0x080154dd   Data         128  ssd1305.o(.constdata)
    CHECK_SUCESSFUL                          0x0801555d   Data         128  ssd1305.o(.constdata)
    OPERATE_F                                0x080155dd   Data         128  ssd1305.o(.constdata)
    CHECK_EXIT                               0x0801565d   Data         160  ssd1305.o(.constdata)
    DEL_SUCESS                               0x080156fd   Data         128  ssd1305.o(.constdata)
    DEL_FAILE                                0x0801577d   Data         128  ssd1305.o(.constdata)
    NUM_PASSWORD                             0x080157fd   Data          96  ssd1305.o(.constdata)
    NUM_FINGER                               0x0801585d   Data          96  ssd1305.o(.constdata)
    PASSWORD_LOCK                            0x080158bd   Data          96  ssd1305.o(.constdata)
    NUM_CARD                                 0x0801591d   Data          96  ssd1305.o(.constdata)
    FP_CHECK                                 0x0801597d   Data         128  ssd1305.o(.constdata)
    FP_PRESS                                 0x080159fd   Data         128  ssd1305.o(.constdata)
    FP_COLLECT                               0x08015a7d   Data         192  ssd1305.o(.constdata)
    FP_SUCESS                                0x08015b3d   Data         192  ssd1305.o(.constdata)
    FP_FAILE                                 0x08015bfd   Data         192  ssd1305.o(.constdata)
    FP_EXIT                                  0x08015cbd   Data         160  ssd1305.o(.constdata)
    FP_OUTTIME                               0x08015d5d   Data         192  ssd1305.o(.constdata)
    FP_DEL_SUCESS                            0x08015e1d   Data         192  ssd1305.o(.constdata)
    FP_DEL_FAILE                             0x08015edd   Data         192  ssd1305.o(.constdata)
    FP_DEL_NO_EXIT                           0x08015f9d   Data         160  ssd1305.o(.constdata)
    FP_NULL                                  0x0801603d   Data         128  ssd1305.o(.constdata)
    FP_REALSE                                0x080160bd   Data         160  ssd1305.o(.constdata)
    FP_FULL                                  0x0801615d   Data         128  ssd1305.o(.constdata)
    SET_SUCESS                               0x080161dd   Data         128  ssd1305.o(.constdata)
    SET_FAIL                                 0x0801625d   Data         128  ssd1305.o(.constdata)
    ANTI_HAK_SHOW                            0x080162dd   Data         160  ssd1305.o(.constdata)
    CONFIRM_SUCESS                           0x0801637d   Data         832  ssd1305.o(.constdata)
    APP_OPEN                                 0x080166bd   Data         176  ssd1305.o(.constdata)
    FACTORY_WHETHER                          0x0801676d   Data         320  ssd1305.o(.constdata)
    DATE_SHOW                                0x080168ad   Data         416  ssd1305.o(.constdata)
    DATE_LOG                                 0x08016a4d   Data         640  ssd1305.o(.constdata)
    SYS_VER                                  0x08016ccd   Data         512  ssd1305.o(.constdata)
    MAC                                      0x08016ecd   Data          80  ssd1305.o(.constdata)
    BATTERY                                  0x08016f1d   Data         288  ssd1305.o(.constdata)
    SOURCE_USED                              0x0801703d   Data         640  ssd1305.o(.constdata)
    LOG_NULL                                 0x080172bd   Data         128  ssd1305.o(.constdata)
    LOG_HEAD                                 0x0801733d   Data         144  ssd1305.o(.constdata)
    LOG_STATE                                0x080173cd   Data         272  ssd1305.o(.constdata)
    LOG_DATE                                 0x080174dd   Data         240  ssd1305.o(.constdata)
    LOG_TIME                                 0x080175cd   Data         208  ssd1305.o(.constdata)
    LOG_PERMISION                            0x0801769d   Data         192  ssd1305.o(.constdata)
    LOG_TYPE                                 0x0801775d   Data         192  ssd1305.o(.constdata)
    LOG_OPER                                 0x0801781d   Data         192  ssd1305.o(.constdata)
    CARD_NON_EXIT                            0x080178dd   Data         160  ssd1305.o(.constdata)
    CARD_FULL                                0x0801797d   Data         128  ssd1305.o(.constdata)
    CARD_RIGISTER                            0x080179fd   Data         160  ssd1305.o(.constdata)
    CARD_EXIT                                0x08017a9d   Data         160  ssd1305.o(.constdata)
    CARD_ADD_SUC                             0x08017b3d   Data         128  ssd1305.o(.constdata)
    CARD_NULL                                0x08017bbd   Data         128  ssd1305.o(.constdata)
    SYS_RESET                                0x08017c3d   Data         240  ssd1305.o(.constdata)
    SYS_EXIT                                 0x08017d2d   Data         128  ssd1305.o(.constdata)
    CONFIG_WLAN                              0x08017dad   Data         416  ssd1305.o(.constdata)
    WLAN_COUNTDOWN                           0x08017f4d   Data         160  ssd1305.o(.constdata)
    WLAN_TIME_SYS                            0x08017fed   Data         256  ssd1305.o(.constdata)
    WLAN_UNLOCK_COUNTDOWN                    0x080180ed   Data         224  ssd1305.o(.constdata)
    BATTERY_UPDATE                           0x080181cd   Data         192  ssd1305.o(.constdata)
    BATTERY_WARN                             0x0801828d   Data         320  ssd1305.o(.constdata)
    WLAN_SUCESSFUL                           0x080183cd   Data         128  ssd1305.o(.constdata)
    WLAN_FAIL                                0x0801844d   Data         128  ssd1305.o(.constdata)
    WLAN_STARTUP                             0x080184cd   Data         176  ssd1305.o(.constdata)
    KEY_LOCK                                 0x0801857d   Data         224  ssd1305.o(.constdata)
    IPHONE_RESULT                            0x0801865d   Data         224  ssd1305.o(.constdata)
    IPHONE_NONEXISTENT                       0x0801873d   Data         224  ssd1305.o(.constdata)
    IPHONE_OFFLINE                           0x0801881d   Data         112  ssd1305.o(.constdata)
    IPHONE_APPOINT                           0x0801888d   Data         448  ssd1305.o(.constdata)
    IPHONE_NUM                               0x08018a4d   Data         192  ssd1305.o(.constdata)
    LINE_D                                   0x08018b0d   Data          16  ssd1305.o(.constdata)
    DOUBLE_SPOT                              0x08018b1d   Data          16  ssd1305.o(.constdata)
    PERCENT                                  0x08018b2d   Data          16  ssd1305.o(.constdata)
    Region$$Table$$Base                      0x08019254   Number         0  anon$$obj.o(Region$$Table)
    Region$$Table$$Limit                     0x08019274   Number         0  anon$$obj.o(Region$$Table)
    finger_press_flag                        0x20000000   Data           1  main.o(.data)
    facteryReset                             0x20000001   Data           1  main.o(.data)
    prying_flag                              0x20000002   Data           1  main.o(.data)
    stopModeFlag                             0x20000003   Data           1  main.o(.data)
    cardIrq_flag                             0x20000004   Data           1  main.o(.data)
    aRxBuffer                                0x20000005   Data           1  main.o(.data)
    usart2_rx                                0x20000006   Data           1  main.o(.data)
    USART_RX_STA                             0x20000008   Data           2  main.o(.data)
    usart2_rx_len                            0x2000000a   Data           2  main.o(.data)
    battery_value                            0x2000000c   Data           4  main.o(.data)
    battery_class                            0x20000010   Data           1  main.o(.data)
    try_count                                0x20000011   Data           1  main.o(.data)
    fp_power_flag                            0x20000012   Data           1  main.o(.data)
    sdatestructure                           0x20000013   Data           4  main.o(.data)
    SystemCoreClock                          0x20000018   Data           4  system_stm32l4xx.o(.data)
    get_cur_number                           0x2000001c   Data           2  apt8l16.o(.data)
    pI                                       0x2000002c   Data           1  nfc9883.o(.data)
    pQ                                       0x2000002d   Data           1  nfc9883.o(.data)
    bSak                                     0x2000002e   Data           1  nfc9883.o(.data)
    bMoreCardsAvailable                      0x2000002f   Data           1  nfc9883.o(.data)
    bLength                                  0x20000030   Data           1  nfc9883.o(.data)
    i                                        0x20000031   Data           1  nfc9883.o(.data)
    balReader                                0x20000032   Data           2  nfc9883.o(.data)
    status                                   0x20000034   Data           2  nfc9883.o(.data)
    pHal                                     0x20000038   Data           4  nfc9883.o(.data)
    Rc663keyStore                            0x2000003c   Data           8  nfc9883.o(.data)
    key_board_flash                          0x20000054   Data           4  flash.o(.data)
    finger_flash                             0x20000058   Data           4  flash.o(.data)
    get_cur_info                             0x2000005c   Data           4  flash.o(.data)
    nfc_flash                                0x20000060   Data           4  flash.o(.data)
    log_flash                                0x20000064   Data           4  flash.o(.data)
    wifi_flash                               0x20000068   Data           4  flash.o(.data)
    wifi_sys_info                            0x2000006c   Data          44  wifi_8266.o(.data)
    uwTick                                   0x20000098   Data           4  stm32l4xx_hal.o(.data)
    pFlash                                   0x2000009c   Data          32  stm32l4xx_hal_flash.o(.data)
    __stdout                                 0x200000bc   Data           4  stdout.o(.data)
    __microlib_freelist                      0x200000c0   Data           4  mvars.o(.data)
    __microlib_freelist_initialised          0x200000c4   Data           4  mvars.o(.data)
    stimestructure                           0x200000c8   Data          20  main.o(.bss)
    USART_RX_BUF                             0x200000dc   Data        1024  main.o(.bss)
    usart2_rx_buf                            0x200004dc   Data         256  main.o(.bss)
    hadc1                                    0x200005dc   Data         100  adc.o(.bss)
    hi2c1                                    0x20000640   Data          76  i2c.o(.bss)
    hrtc                                     0x2000068c   Data          36  rtc.o(.bss)
    hspi2                                    0x200006b0   Data         100  spi.o(.bss)
    huart1                                   0x20000714   Data         120  usart.o(.bss)
    huart2                                   0x2000078c   Data         120  usart.o(.bss)
    huart3                                   0x20000804   Data         120  usart.o(.bss)
    OLED_GRAM                                0x2000087c   Data        1024  ssd1305.o(.bss)
    halReader                                0x20000c7c   Data          92  nfc9883.o(.bss)
    I14443p3a                                0x20000cd8   Data          20  nfc9883.o(.bss)
    I14443p3b                                0x20000cec   Data          40  nfc9883.o(.bss)
    I14443p4                                 0x20000d14   Data          20  nfc9883.o(.bss)
    palMifare                                0x20000d28   Data          12  nfc9883.o(.bss)
    alMfc                                    0x20000d34   Data          12  nfc9883.o(.bss)
    bUid                                     0x20000d40   Data          13  nfc9883.o(.bss)
    bHalBufferReader                         0x20000d4d   Data          64  nfc9883.o(.bss)
    bBufferReader                            0x20000d8d   Data          96  nfc9883.o(.bss)
    nfc_temp                                 0x20000e18   Data          34  nfc.o(.bss)
    __heap_base                              0x20000e40   Data           0  startup_stm32l431xx.o(HEAP)
    __heap_limit                             0x20004e40   Data           0  startup_stm32l431xx.o(HEAP)
    __initial_sp                             0x20006e40   Data           0  startup_stm32l431xx.o(STACK)



==============================================================================

Memory Map of the image

  Image Entry point : 0x0800018d

  Load Region LR_IROM1 (Base: 0x08000000, Size: 0x0001933c, Max: 0x00040000, ABSOLUTE)

    Execution Region ER_IROM1 (Base: 0x08000000, Size: 0x00019274, Max: 0x00040000, ABSOLUTE)

    Base Addr    Size         Type   Attr      Idx    E Section Name        Object

    0x08000000   0x0000018c   Data   RO            3    RESET               startup_stm32l431xx.o
    0x0800018c   0x00000000   Code   RO         7459  * .ARM.Collect$$$$00000000  mc_w.l(entry.o)
    0x0800018c   0x00000004   Code   RO         7785    .ARM.Collect$$$$00000001  mc_w.l(entry2.o)
    0x08000190   0x00000004   Code   RO         7788    .ARM.Collect$$$$00000004  mc_w.l(entry5.o)
    0x08000194   0x00000000   Code   RO         7790    .ARM.Collect$$$$00000008  mc_w.l(entry7b.o)
    0x08000194   0x00000000   Code   RO         7792    .ARM.Collect$$$$0000000A  mc_w.l(entry8b.o)
    0x08000194   0x00000008   Code   RO         7793    .ARM.Collect$$$$0000000B  mc_w.l(entry9a.o)
    0x0800019c   0x00000000   Code   RO         7795    .ARM.Collect$$$$0000000D  mc_w.l(entry10a.o)
    0x0800019c   0x00000000   Code   RO         7797    .ARM.Collect$$$$0000000F  mc_w.l(entry11a.o)
    0x0800019c   0x00000004   Code   RO         7786    .ARM.Collect$$$$00002712  mc_w.l(entry2.o)
    0x080001a0   0x00000024   Code   RO            4    .text               startup_stm32l431xx.o
    0x080001c4   0x00000068   Code   RO         7462    .text               mc_w.l(uldiv.o)
    0x0800022c   0x00000024   Code   RO         7464    .text               mc_w.l(memcpya.o)
    0x08000250   0x00000024   Code   RO         7466    .text               mc_w.l(memseta.o)
    0x08000274   0x00000018   Code   RO         7468    .text               mc_w.l(strcat.o)
    0x0800028c   0x00000024   Code   RO         7470    .text               mc_w.l(strstr.o)
    0x080002b0   0x00000018   Code   RO         7472    .text               mc_w.l(strncpy.o)
    0x080002c8   0x0000000e   Code   RO         7474    .text               mc_w.l(strlen.o)
    0x080002d6   0x0000001c   Code   RO         7476    .text               mc_w.l(strcmp.o)
    0x080002f2   0x00000012   Code   RO         7480    .text               mc_w.l(strcpy.o)
    0x08000304   0x0000001e   Code   RO         7482    .text               mc_w.l(strncmp.o)
    0x08000322   0x0000001c   Code   RO         7775    .text               mc_w.l(calloc.o)
    0x0800033e   0x0000015e   Code   RO         7777    .text               mf_w.l(dadd.o)
    0x0800049c   0x000000ea   Code   RO         7779    .text               mf_w.l(dmul.o)
    0x08000586   0x0000001a   Code   RO         7781    .text               mf_w.l(dfltui.o)
    0x080005a0   0x00000038   Code   RO         7783    .text               mf_w.l(d2f.o)
    0x080005d8   0x0000001e   Code   RO         7802    .text               mc_w.l(llshl.o)
    0x080005f6   0x00000020   Code   RO         7804    .text               mc_w.l(llushr.o)
    0x08000616   0x00000024   Code   RO         7806    .text               mc_w.l(llsshr.o)
    0x0800063a   0x00000000   Code   RO         7810    .text               mc_w.l(iusefp.o)
    0x0800063a   0x0000006e   Code   RO         7811    .text               mf_w.l(fepilogue.o)
    0x080006a8   0x000000ba   Code   RO         7813    .text               mf_w.l(depilogue.o)
    0x08000762   0x00000002   PAD
    0x08000764   0x00000024   Code   RO         7821    .text               mc_w.l(init.o)
    0x08000788   0x000000dc   Code   RO         3432    i.ADC_ConversionStop  STM32.lib(stm32l4xx_hal_adc.o)
    0x08000864   0x00000068   Code   RO         3436    i.ADC_Disable       STM32.lib(stm32l4xx_hal_adc.o)
    0x080008cc   0x00000068   Code   RO         3437    i.ADC_Enable        STM32.lib(stm32l4xx_hal_adc.o)
    0x08000934   0x00000066   Code   RO          778    i.APT_ChipRegInit   apt8l16.o
    0x0800099a   0x000000a2   Code   RO          779    i.APT_ChipRegSet    apt8l16.o
    0x08000a3c   0x00000004   Code   RO          780    i.APT_Init          apt8l16.o
    0x08000a40   0x00000028   Code   RO          781    i.APT_ReadChipReg   apt8l16.o
    0x08000a68   0x00000144   Code   RO          782    i.APT_ScanTouchKey  apt8l16.o
    0x08000bac   0x00000040   Code   RO          783    i.APT_WriteChipReg  apt8l16.o
    0x08000bec   0x0000000e   Code   RO          878    i.All_Screen        ssd1305.o
    0x08000bfa   0x00000002   Code   RO          574    i.BusFault_Handler  stm32l4xx_it.o
    0x08000bfc   0x00000034   Code   RO          879    i.Clear_Screen      ssd1305.o
    0x08000c30   0x00000002   Code   RO          575    i.DebugMon_Handler  stm32l4xx_it.o
    0x08000c32   0x00000006   Code   RO          576    i.EXTI0_IRQHandler  stm32l4xx_it.o
    0x08000c38   0x00000006   Code   RO          577    i.EXTI2_IRQHandler  stm32l4xx_it.o
    0x08000c3e   0x0000001a   Code   RO          578    i.EXTI9_5_IRQHandler  stm32l4xx_it.o
    0x08000c58   0x00000054   Code   RO         5701    i.FLASH_FlushCaches  STM32.lib(stm32l4xx_hal_flash_ex.o)
    0x08000cac   0x0000001c   Code   RO         5702    i.FLASH_MassErase   STM32.lib(stm32l4xx_hal_flash_ex.o)
    0x08000cc8   0x00000020   Code   RO         5705    i.FLASH_PageErase   STM32.lib(stm32l4xx_hal_flash_ex.o)
    0x08000ce8   0x00000018   Code   RO         5598    i.FLASH_Program_DoubleWord  STM32.lib(stm32l4xx_hal_flash.o)
    0x08000d00   0x00000024   Code   RO         5599    i.FLASH_Program_Fast  STM32.lib(stm32l4xx_hal_flash.o)
    0x08000d24   0x00000074   Code   RO         5600    i.FLASH_WaitForLastOperation  STM32.lib(stm32l4xx_hal_flash.o)
    0x08000d98   0x0000003c   Code   RO         1497    i.GetPage           stmflash.o
    0x08000dd4   0x000003f2   Code   RO         3439    i.HAL_ADC_ConfigChannel  STM32.lib(stm32l4xx_hal_adc.o)
    0x080011c6   0x00000004   Code   RO         3445    i.HAL_ADC_GetState  STM32.lib(stm32l4xx_hal_adc.o)
    0x080011ca   0x00000006   Code   RO         3446    i.HAL_ADC_GetValue  STM32.lib(stm32l4xx_hal_adc.o)
    0x080011d0   0x000001ac   Code   RO         3448    i.HAL_ADC_Init      STM32.lib(stm32l4xx_hal_adc.o)
    0x0800137c   0x00000044   Code   RO          347    i.HAL_ADC_MspInit   adc.o
    0x080013c0   0x000000a8   Code   RO         3452    i.HAL_ADC_PollForConversion  STM32.lib(stm32l4xx_hal_adc.o)
    0x08001468   0x00000088   Code   RO         3454    i.HAL_ADC_Start     STM32.lib(stm32l4xx_hal_adc.o)
    0x080014f0   0x0000003e   Code   RO         3457    i.HAL_ADC_Stop      STM32.lib(stm32l4xx_hal_adc.o)
    0x0800152e   0x0000004e   Code   RO         7369    i.HAL_DMA_Abort_IT  STM32.lib(stm32l4xx_hal_dma.o)
    0x0800157c   0x000000e6   Code   RO         5706    i.HAL_FLASHEx_Erase  STM32.lib(stm32l4xx_hal_flash_ex.o)
    0x08001662   0x00000002   PAD
    0x08001664   0x00000014   Code   RO         5604    i.HAL_FLASH_Lock    STM32.lib(stm32l4xx_hal_flash.o)
    0x08001678   0x000000aa   Code   RO         5609    i.HAL_FLASH_Program  STM32.lib(stm32l4xx_hal_flash.o)
    0x08001722   0x00000002   PAD
    0x08001724   0x00000028   Code   RO         5611    i.HAL_FLASH_Unlock  STM32.lib(stm32l4xx_hal_flash.o)
    0x0800174c   0x00000122   Code   RO         5770    i.HAL_GPIO_DeInit   STM32.lib(stm32l4xx_hal_gpio.o)
    0x0800186e   0x00000002   PAD
    0x08001870   0x000001dc   Code   RO           13    i.HAL_GPIO_EXTI_Callback  main.o
    0x08001a4c   0x00000018   Code   RO         5772    i.HAL_GPIO_EXTI_IRQHandler  STM32.lib(stm32l4xx_hal_gpio.o)
    0x08001a64   0x0000018e   Code   RO         5773    i.HAL_GPIO_Init     STM32.lib(stm32l4xx_hal_gpio.o)
    0x08001bf2   0x0000000a   Code   RO         5775    i.HAL_GPIO_ReadPin  STM32.lib(stm32l4xx_hal_gpio.o)
    0x08001bfc   0x0000000a   Code   RO         5777    i.HAL_GPIO_WritePin  STM32.lib(stm32l4xx_hal_gpio.o)
    0x08001c06   0x00000002   PAD
    0x08001c08   0x0000000c   Code   RO         5114    i.HAL_GetTick       STM32.lib(stm32l4xx_hal.o)
    0x08001c14   0x00000056   Code   RO         4229    i.HAL_I2CEx_ConfigAnalogFilter  STM32.lib(stm32l4xx_hal_i2c_ex.o)
    0x08001c6a   0x00000052   Code   RO         4230    i.HAL_I2CEx_ConfigDigitalFilter  STM32.lib(stm32l4xx_hal_i2c_ex.o)
    0x08001cbc   0x000000b8   Code   RO         3780    i.HAL_I2C_Init      STM32.lib(stm32l4xx_hal_i2c.o)
    0x08001d74   0x0000016a   Code   RO         3798    i.HAL_I2C_Mem_Read  STM32.lib(stm32l4xx_hal_i2c.o)
    0x08001ede   0x00000002   PAD
    0x08001ee0   0x0000015e   Code   RO         3801    i.HAL_I2C_Mem_Write  STM32.lib(stm32l4xx_hal_i2c.o)
    0x0800203e   0x00000002   PAD
    0x08002040   0x00000028   Code   RO          388    i.HAL_I2C_MspDeInit  i2c.o
    0x08002068   0x0000004c   Code   RO          389    i.HAL_I2C_MspInit   i2c.o
    0x080020b4   0x00000010   Code   RO         5118    i.HAL_IncTick       STM32.lib(stm32l4xx_hal.o)
    0x080020c4   0x0000001e   Code   RO         5119    i.HAL_Init          STM32.lib(stm32l4xx_hal.o)
    0x080020e2   0x00000002   PAD
    0x080020e4   0x00000030   Code   RO         5120    i.HAL_InitTick      STM32.lib(stm32l4xx_hal.o)
    0x08002114   0x00000080   Code   RO          680    i.HAL_MspInit       stm32l4xx_hal_msp.o
    0x08002194   0x00000016   Code   RO         6140    i.HAL_NVIC_DisableIRQ  STM32.lib(stm32l4xx_hal_cortex.o)
    0x080021aa   0x00000016   Code   RO         6141    i.HAL_NVIC_EnableIRQ  STM32.lib(stm32l4xx_hal_cortex.o)
    0x080021c0   0x00000040   Code   RO         6147    i.HAL_NVIC_SetPriority  STM32.lib(stm32l4xx_hal_cortex.o)
    0x08002200   0x00000024   Code   RO         6148    i.HAL_NVIC_SetPriorityGrouping  STM32.lib(stm32l4xx_hal_cortex.o)
    0x08002224   0x00000068   Code   RO         5951    i.HAL_PWREx_ControlVoltageScaling  STM32.lib(stm32l4xx_hal_pwr_ex.o)
    0x0800228c   0x00000038   Code   RO         5973    i.HAL_PWREx_EnterSTOP2Mode  STM32.lib(stm32l4xx_hal_pwr_ex.o)
    0x080022c4   0x00000010   Code   RO         5974    i.HAL_PWREx_GetVoltageRange  STM32.lib(stm32l4xx_hal_pwr_ex.o)
    0x080022d4   0x00000010   Code   RO         5843    i.HAL_PWR_EnableBkUpAccess  STM32.lib(stm32l4xx_hal_pwr.o)
    0x080022e4   0x00000010   Code   RO         5436    i.HAL_RCCEx_EnableMSIPLLMode  STM32.lib(stm32l4xx_hal_rcc_ex.o)
    0x080022f4   0x000002ba   Code   RO         5442    i.HAL_RCCEx_PeriphCLKConfig  STM32.lib(stm32l4xx_hal_rcc_ex.o)
    0x080025ae   0x00000002   PAD
    0x080025b0   0x00000118   Code   RO         5320    i.HAL_RCC_ClockConfig  STM32.lib(stm32l4xx_hal_rcc.o)
    0x080026c8   0x00000040   Code   RO         5323    i.HAL_RCC_GetClockConfig  STM32.lib(stm32l4xx_hal_rcc.o)
    0x08002708   0x0000000c   Code   RO         5324    i.HAL_RCC_GetHCLKFreq  STM32.lib(stm32l4xx_hal_rcc.o)
    0x08002714   0x000000e4   Code   RO         5325    i.HAL_RCC_GetOscConfig  STM32.lib(stm32l4xx_hal_rcc.o)
    0x080027f8   0x00000024   Code   RO         5326    i.HAL_RCC_GetPCLK1Freq  STM32.lib(stm32l4xx_hal_rcc.o)
    0x0800281c   0x00000024   Code   RO         5327    i.HAL_RCC_GetPCLK2Freq  STM32.lib(stm32l4xx_hal_rcc.o)
    0x08002840   0x000000a4   Code   RO         5328    i.HAL_RCC_GetSysClockFreq  STM32.lib(stm32l4xx_hal_rcc.o)
    0x080028e4   0x000004b8   Code   RO         5331    i.HAL_RCC_OscConfig  STM32.lib(stm32l4xx_hal_rcc.o)
    0x08002d9c   0x00000044   Code   RO         4288    i.HAL_RTC_GetDate   STM32.lib(stm32l4xx_hal_rtc.o)
    0x08002de0   0x00000054   Code   RO         4290    i.HAL_RTC_GetTime   STM32.lib(stm32l4xx_hal_rtc.o)
    0x08002e34   0x000000c0   Code   RO         4291    i.HAL_RTC_Init      STM32.lib(stm32l4xx_hal_rtc.o)
    0x08002ef4   0x00000020   Code   RO          431    i.HAL_RTC_MspInit   rtc.o
    0x08002f14   0x000000d0   Code   RO         4297    i.HAL_RTC_SetDate   STM32.lib(stm32l4xx_hal_rtc.o)
    0x08002fe4   0x00000100   Code   RO         4298    i.HAL_RTC_SetTime   STM32.lib(stm32l4xx_hal_rtc.o)
    0x080030e4   0x00000036   Code   RO         4299    i.HAL_RTC_WaitForSynchro  STM32.lib(stm32l4xx_hal_rtc.o)
    0x0800311a   0x000000ac   Code   RO         4431    i.HAL_SPI_Init      STM32.lib(stm32l4xx_hal_spi.o)
    0x080031c6   0x00000002   PAD
    0x080031c8   0x0000002c   Code   RO          472    i.HAL_SPI_MspDeInit  spi.o
    0x080031f4   0x0000004c   Code   RO          473    i.HAL_SPI_MspInit   spi.o
    0x08003240   0x00000268   Code   RO         4440    i.HAL_SPI_TransmitReceive  STM32.lib(stm32l4xx_hal_spi.o)
    0x080034a8   0x00000018   Code   RO         6150    i.HAL_SYSTICK_CLKSourceConfig  STM32.lib(stm32l4xx_hal_cortex.o)
    0x080034c0   0x00000002   Code   RO         6151    i.HAL_SYSTICK_Callback  STM32.lib(stm32l4xx_hal_cortex.o)
    0x080034c2   0x00000028   Code   RO         6152    i.HAL_SYSTICK_Config  STM32.lib(stm32l4xx_hal_cortex.o)
    0x080034ea   0x00000008   Code   RO         6153    i.HAL_SYSTICK_IRQHandler  STM32.lib(stm32l4xx_hal_cortex.o)
    0x080034f2   0x00000002   Code   RO         7308    i.HAL_UARTEx_WakeupCallback  STM32.lib(stm32l4xx_hal_uart_ex.o)
    0x080034f4   0x00000002   Code   RO         4769    i.HAL_UART_ErrorCallback  STM32.lib(stm32l4xx_hal_uart.o)
    0x080034f6   0x0000000a   Code   RO         4771    i.HAL_UART_GetState  STM32.lib(stm32l4xx_hal_uart.o)
    0x08003500   0x00000144   Code   RO         4772    i.HAL_UART_IRQHandler  STM32.lib(stm32l4xx_hal_uart.o)
    0x08003644   0x0000006a   Code   RO         4773    i.HAL_UART_Init     STM32.lib(stm32l4xx_hal_uart.o)
    0x080036ae   0x00000002   PAD
    0x080036b0   0x00000078   Code   RO          514    i.HAL_UART_MspDeInit  usart.o
    0x08003728   0x000000d0   Code   RO          515    i.HAL_UART_MspInit  usart.o
    0x080037f8   0x000000ac   Code   RO         4778    i.HAL_UART_Receive_IT  STM32.lib(stm32l4xx_hal_uart.o)
    0x080038a4   0x000000c0   Code   RO           14    i.HAL_UART_RxCpltCallback  main.o
    0x08003964   0x000000b0   Code   RO         4781    i.HAL_UART_Transmit  STM32.lib(stm32l4xx_hal_uart.o)
    0x08003a14   0x00000002   Code   RO         4784    i.HAL_UART_TxCpltCallback  STM32.lib(stm32l4xx_hal_uart.o)
    0x08003a16   0x00000002   Code   RO          579    i.HardFault_Handler  stm32l4xx_it.o
    0x08003a18   0x00000022   Code   RO         3827    i.I2C_Flush_TXDR    STM32.lib(stm32l4xx_hal_i2c.o)
    0x08003a3a   0x00000002   PAD
    0x08003a3c   0x00000084   Code   RO         3835    i.I2C_IsAcknowledgeFailed  STM32.lib(stm32l4xx_hal_i2c.o)
    0x08003ac0   0x00000064   Code   RO         3838    i.I2C_RequestMemoryRead  STM32.lib(stm32l4xx_hal_i2c.o)
    0x08003b24   0x00000064   Code   RO         3839    i.I2C_RequestMemoryWrite  STM32.lib(stm32l4xx_hal_i2c.o)
    0x08003b88   0x0000002c   Code   RO         3842    i.I2C_TransferConfig  STM32.lib(stm32l4xx_hal_i2c.o)
    0x08003bb4   0x00000058   Code   RO         3843    i.I2C_WaitOnFlagUntilTimeout  STM32.lib(stm32l4xx_hal_i2c.o)
    0x08003c0c   0x0000004c   Code   RO         3845    i.I2C_WaitOnSTOPFlagUntilTimeout  STM32.lib(stm32l4xx_hal_i2c.o)
    0x08003c58   0x00000050   Code   RO         3846    i.I2C_WaitOnTXISFlagUntilTimeout  STM32.lib(stm32l4xx_hal_i2c.o)
    0x08003ca8   0x00000040   Code   RO          880    i.IC_IIC_Start      ssd1305.o
    0x08003ce8   0x00000034   Code   RO          881    i.IC_IIC_Stop       ssd1305.o
    0x08003d1c   0x0000000c   Code   RO         3461    i.LL_ADC_GetOffsetChannel  STM32.lib(stm32l4xx_hal_adc.o)
    0x08003d28   0x00000008   Code   RO         3462    i.LL_ADC_INJ_IsConversionOngoing  STM32.lib(stm32l4xx_hal_adc.o)
    0x08003d30   0x00000008   Code   RO         3463    i.LL_ADC_REG_IsConversionOngoing  STM32.lib(stm32l4xx_hal_adc.o)
    0x08003d38   0x00000010   Code   RO         3464    i.LL_ADC_REG_IsTriggerSourceSWStart  STM32.lib(stm32l4xx_hal_adc.o)
    0x08003d48   0x0000001e   Code   RO         3466    i.LL_ADC_SetChannelSamplingTime  STM32.lib(stm32l4xx_hal_adc.o)
    0x08003d66   0x00000010   Code   RO         3467    i.LL_ADC_SetOffsetState  STM32.lib(stm32l4xx_hal_adc.o)
    0x08003d76   0x00000002   PAD
    0x08003d78   0x00000098   Code   RO         1582    i.LOCK              hsj08.o
    0x08003e10   0x00000088   Code   RO          348    i.MX_ADC1_Init      adc.o
    0x08003e98   0x000001d6   Code   RO          322    i.MX_GPIO_Init      gpio.o
    0x0800406e   0x00000002   PAD
    0x08004070   0x00000074   Code   RO          390    i.MX_I2C1_Init      i2c.o
    0x080040e4   0x0000009c   Code   RO          432    i.MX_RTC_Init       rtc.o
    0x08004180   0x00000064   Code   RO          474    i.MX_SPI2_Init      spi.o
    0x080041e4   0x00000050   Code   RO          516    i.MX_USART1_UART_Init  usart.o
    0x08004234   0x00000050   Code   RO          517    i.MX_USART2_UART_Init  usart.o
    0x08004284   0x00000050   Code   RO          518    i.MX_USART3_UART_Init  usart.o
    0x080042d4   0x00000002   Code   RO          580    i.MemManage_Handler  stm32l4xx_it.o
    0x080042d6   0x00000002   Code   RO          581    i.NMI_Handler       stm32l4xx_it.o
    0x080042d8   0x00000020   Code   RO         6154    i.NVIC_SetPriority  STM32.lib(stm32l4xx_hal_cortex.o)
    0x080042f8   0x00000002   Code   RO          582    i.PendSV_Handler    stm32l4xx_it.o
    0x080042fa   0x00000002   PAD
    0x080042fc   0x0000012c   Code   RO         5446    i.RCCEx_PLLSAI1_Config  STM32.lib(stm32l4xx_hal_rcc_ex.o)
    0x08004428   0x0000007c   Code   RO         5332    i.RCC_SetFlashLatencyFromMSIRange  STM32.lib(stm32l4xx_hal_rcc.o)
    0x080044a4   0x00000012   Code   RO         4300    i.RTC_Bcd2ToByte    STM32.lib(stm32l4xx_hal_rtc.o)
    0x080044b6   0x00000018   Code   RO         4301    i.RTC_ByteToBcd2    STM32.lib(stm32l4xx_hal_rtc.o)
    0x080044ce   0x00000002   PAD
    0x080044d0   0x0000003a   Code   RO         4302    i.RTC_EnterInitMode  STM32.lib(stm32l4xx_hal_rtc.o)
    0x0800450a   0x00000002   PAD
    0x0800450c   0x00000038   Code   RO         3362    i.RegCtl_SpiHwGetReg  nfc9883.lib(regctl_spihw.o)
    0x08004544   0x00000002   Code   RO         3363    i.RegCtl_SpiHwInit  nfc9883.lib(regctl_spihw.o)
    0x08004546   0x00000002   PAD
    0x08004548   0x00000034   Code   RO         3364    i.RegCtl_SpiHwSetReg  nfc9883.lib(regctl_spihw.o)
    0x0800457c   0x00000034   Code   RO          882    i.Reset_IC          ssd1305.o
    0x080045b0   0x00000040   Code   RO         3365    i.Reset_RC663_device  nfc9883.lib(regctl_spihw.o)
    0x080045f0   0x00000024   Code   RO          883    i.SDA_OUT           ssd1305.o
    0x08004614   0x00000098   Code   RO         3367    i.SPIWriteByte      nfc9883.lib(regctl_spihw.o)
    0x080046ac   0x00000048   Code   RO         4469    i.SPI_EndRxTxTransaction  STM32.lib(stm32l4xx_hal_spi.o)
    0x080046f4   0x00000096   Code   RO         4474    i.SPI_WaitFifoStateUntilTimeout  STM32.lib(stm32l4xx_hal_spi.o)
    0x0800478a   0x00000094   Code   RO         4475    i.SPI_WaitFlagStateUntilTimeout  STM32.lib(stm32l4xx_hal_spi.o)
    0x0800481e   0x00000002   Code   RO          583    i.SVC_Handler       stm32l4xx_it.o
    0x08004820   0x000002e0   Code   RO         1660    i.SYSCLKConfig_STOP  menu.o
    0x08004b00   0x0000000e   Code   RO          584    i.SysTick_Handler   stm32l4xx_it.o
    0x08004b0e   0x00000002   PAD
    0x08004b10   0x000000b8   Code   RO           15    i.SystemClock_Config  main.o
    0x08004bc8   0x00000044   Code   RO          705    i.SystemInit        system_stm32l4xx.o
    0x08004c0c   0x000000c8   Code   RO         4786    i.UART_AdvFeatureConfig  STM32.lib(stm32l4xx_hal_uart.o)
    0x08004cd4   0x0000005c   Code   RO         4787    i.UART_CheckIdleState  STM32.lib(stm32l4xx_hal_uart.o)
    0x08004d30   0x00000014   Code   RO         4788    i.UART_DMAAbortOnError  STM32.lib(stm32l4xx_hal_uart.o)
    0x08004d44   0x00000020   Code   RO         4798    i.UART_EndRxTransfer  STM32.lib(stm32l4xx_hal_uart.o)
    0x08004d64   0x0000005c   Code   RO         4800    i.UART_RxISR_16BIT  STM32.lib(stm32l4xx_hal_uart.o)
    0x08004dc0   0x0000005a   Code   RO         4801    i.UART_RxISR_8BIT   STM32.lib(stm32l4xx_hal_uart.o)
    0x08004e1a   0x00000002   PAD
    0x08004e1c   0x00000254   Code   RO         4802    i.UART_SetConfig    STM32.lib(stm32l4xx_hal_uart.o)
    0x08005070   0x00000064   Code   RO         4805    i.UART_WaitOnFlagUntilTimeout  STM32.lib(stm32l4xx_hal_uart.o)
    0x080050d4   0x00000048   Code   RO         1583    i.UNLOCK            hsj08.o
    0x0800511c   0x00000044   Code   RO          585    i.USART2_IRQHandler  stm32l4xx_it.o
    0x08005160   0x00000044   Code   RO          586    i.USART3_IRQHandler  stm32l4xx_it.o
    0x080051a4   0x00000002   Code   RO          587    i.UsageFault_Handler  stm32l4xx_it.o
    0x080051a6   0x00000002   PAD
    0x080051a8   0x0000008c   Code   RO         1661    i.UsartConfig_STOP  menu.o
    0x08005234   0x00000022   Code   RO          884    i.Write_Command     ssd1305.o
    0x08005256   0x00000022   Code   RO          885    i.Write_Data        ssd1305.o
    0x08005278   0x00000098   Code   RO          886    i.Write_IIC_Data    ssd1305.o
    0x08005310   0x00000002   Code   RO           16    i._Error_Handler    main.o
    0x08005312   0x00000002   PAD
    0x08005314   0x0000003c   Code   RO         3368    i._SSP0_GetReg      nfc9883.lib(regctl_spihw.o)
    0x08005350   0x00000038   Code   RO         3369    i._SSP0_SetReg      nfc9883.lib(regctl_spihw.o)
    0x08005388   0x00000020   Code   RO         7693    i.__0printf$8       mc_w.l(printf8.o)
    0x080053a8   0x00000028   Code   RO         7695    i.__0sprintf$8      mc_w.l(printf8.o)
    0x080053d0   0x0000000e   Code   RO         7825    i.__scatterload_copy  mc_w.l(handlers.o)
    0x080053de   0x00000002   Code   RO         7826    i.__scatterload_null  mc_w.l(handlers.o)
    0x080053e0   0x0000000e   Code   RO         7827    i.__scatterload_zeroinit  mc_w.l(handlers.o)
    0x080053ee   0x00000002   PAD
    0x080053f0   0x00000416   Code   RO         7700    i._printf_core      mc_w.l(printf8.o)
    0x08005806   0x00000024   Code   RO         7701    i._printf_post_padding  mc_w.l(printf8.o)
    0x0800582a   0x0000002e   Code   RO         7702    i._printf_pre_padding  mc_w.l(printf8.o)
    0x08005858   0x0000000a   Code   RO         7704    i._sputc            mc_w.l(printf8.o)
    0x08005862   0x00000002   PAD
    0x08005864   0x00000302   Code   RO         1662    i.card_login        menu.o
    0x08005b66   0x00000002   PAD
    0x08005b68   0x0000026e   Code   RO         1622    i.detect_card       nfc9883.o
    0x08005dd6   0x00000002   PAD
    0x08005dd8   0x00000024   Code   RO          887    i.display_battery_update  ssd1305.o
    0x08005dfc   0x0000005c   Code   RO          888    i.display_battery_warn  ssd1305.o
    0x08005e58   0x00000038   Code   RO          890    i.display_card_exit  ssd1305.o
    0x08005e90   0x00000038   Code   RO          891    i.display_card_full  ssd1305.o
    0x08005ec8   0x00000038   Code   RO          892    i.display_card_non_exit  ssd1305.o
    0x08005f00   0x00000038   Code   RO          893    i.display_card_null  ssd1305.o
    0x08005f38   0x00000038   Code   RO          894    i.display_card_rigister  ssd1305.o
    0x08005f70   0x00000034   Code   RO          896    i.display_check_failed  ssd1305.o
    0x08005fa4   0x0000018a   Code   RO          897    i.display_check_sucessful  ssd1305.o
    0x0800612e   0x00000002   PAD
    0x08006130   0x0000005c   Code   RO          898    i.display_company_name  ssd1305.o
    0x0800618c   0x00000252   Code   RO          899    i.display_confirm   ssd1305.o
    0x080063de   0x00000002   PAD
    0x080063e0   0x00000078   Code   RO          902    i.display_date_set  ssd1305.o
    0x08006458   0x0000007a   Code   RO          903    i.display_date_update  ssd1305.o
    0x080064d2   0x00000002   PAD
    0x080064d4   0x000001bc   Code   RO          904    i.display_date_ymd  ssd1305.o
    0x08006690   0x00000034   Code   RO          905    i.display_del_failed  ssd1305.o
    0x080066c4   0x00000034   Code   RO          906    i.display_del_sucessful  ssd1305.o
    0x080066f8   0x00000034   Code   RO          907    i.display_finger_check_fail  ssd1305.o
    0x0800672c   0x00000034   Code   RO          909    i.display_finger_del_fail  ssd1305.o
    0x08006760   0x00000034   Code   RO          910    i.display_finger_del_sucess  ssd1305.o
    0x08006794   0x00000034   Code   RO          911    i.display_finger_exit  ssd1305.o
    0x080067c8   0x00000034   Code   RO          912    i.display_finger_fail  ssd1305.o
    0x080067fc   0x00000034   Code   RO          913    i.display_finger_full  ssd1305.o
    0x08006830   0x00000034   Code   RO          915    i.display_finger_null  ssd1305.o
    0x08006864   0x00000034   Code   RO          917    i.display_finger_press  ssd1305.o
    0x08006898   0x00000034   Code   RO          918    i.display_finger_realse  ssd1305.o
    0x080068cc   0x000000c8   Code   RO          920    i.display_iphone_appoint  ssd1305.o
    0x08006994   0x00000038   Code   RO          921    i.display_iphone_nonexistent  ssd1305.o
    0x080069cc   0x00000038   Code   RO          922    i.display_iphone_num  ssd1305.o
    0x08006a04   0x00000030   Code   RO          923    i.display_iphone_number  ssd1305.o
    0x08006a34   0x0000005c   Code   RO          924    i.display_iphone_offline  ssd1305.o
    0x08006a90   0x00000038   Code   RO          925    i.display_iphone_result  ssd1305.o
    0x08006ac8   0x00000120   Code   RO          926    i.display_keyboard_count  ssd1305.o
    0x08006be8   0x00000128   Code   RO          927    i.display_mainmenu  ssd1305.o
    0x08006d10   0x00000030   Code   RO          928    i.display_number    ssd1305.o
    0x08006d40   0x0000017a   Code   RO          929    i.display_number_card  ssd1305.o
    0x08006eba   0x00000002   PAD
    0x08006ebc   0x00000126   Code   RO          930    i.display_number_card_const  ssd1305.o
    0x08006fe2   0x00000002   PAD
    0x08006fe4   0x00000028   Code   RO          931    i.display_number_del  ssd1305.o
    0x0800700c   0x0000019a   Code   RO          932    i.display_number_finger  ssd1305.o
    0x080071a6   0x00000002   PAD
    0x080071a8   0x000001fe   Code   RO          933    i.display_number_finger_const  ssd1305.o
    0x080073a6   0x00000002   PAD
    0x080073a8   0x00000122   Code   RO          934    i.display_number_password  ssd1305.o
    0x080074ca   0x00000002   PAD
    0x080074cc   0x00000122   Code   RO          935    i.display_number_password_const  ssd1305.o
    0x080075ee   0x00000002   PAD
    0x080075f0   0x00000054   Code   RO          936    i.display_one_word  ssd1305.o
    0x08007644   0x00000058   Code   RO          937    i.display_one_word_const  ssd1305.o
    0x0800769c   0x00000034   Code   RO          938    i.display_operate_fail  ssd1305.o
    0x080076d0   0x00000034   Code   RO          939    i.display_passwod_admin  ssd1305.o
    0x08007704   0x00000034   Code   RO          940    i.display_passwod_exit  ssd1305.o
    0x08007738   0x00000034   Code   RO          941    i.display_passwod_null  ssd1305.o
    0x0800776c   0x00000038   Code   RO          942    i.display_passwod_put  ssd1305.o
    0x080077a4   0x000000d0   Code   RO          943    i.display_passwod_warn  ssd1305.o
    0x08007874   0x000000a0   Code   RO          944    i.display_passwod_warn_again  ssd1305.o
    0x08007914   0x00000034   Code   RO          946    i.display_set_sucess  ssd1305.o
    0x08007948   0x00000094   Code   RO          947    i.display_spe_char  ssd1305.o
    0x080079dc   0x00000090   Code   RO          948    i.display_spe_char_del  ssd1305.o
    0x08007a6c   0x000000e4   Code   RO          949    i.display_submenu_add  ssd1305.o
    0x08007b50   0x000000ec   Code   RO          950    i.display_submenu_del  ssd1305.o
    0x08007c3c   0x00000128   Code   RO          951    i.display_submenu_sys  ssd1305.o
    0x08007d64   0x000000ec   Code   RO          952    i.display_subsubmenu_add  ssd1305.o
    0x08007e50   0x00000128   Code   RO          953    i.display_subsubmenu_sys  ssd1305.o
    0x08007f78   0x0000010c   Code   RO          954    i.display_sys_battery_info  ssd1305.o
    0x08008084   0x00000038   Code   RO          955    i.display_sys_config_fail  ssd1305.o
    0x080080bc   0x00000038   Code   RO          956    i.display_sys_config_sucessful  ssd1305.o
    0x080080f4   0x000000f0   Code   RO          957    i.display_sys_config_wlan  ssd1305.o
    0x080081e4   0x0000008c   Code   RO          958    i.display_sys_config_wlan_countdown  ssd1305.o
    0x08008270   0x00000038   Code   RO          959    i.display_sys_exit  ssd1305.o
    0x080082a8   0x000001fc   Code   RO          960    i.display_sys_host_info  ssd1305.o
    0x080084a4   0x00000124   Code   RO          961    i.display_sys_info_menu  ssd1305.o
    0x080085c8   0x000005a2   Code   RO          962    i.display_sys_log_menu  ssd1305.o
    0x08008b6a   0x00000002   PAD
    0x08008b6c   0x00000034   Code   RO          963    i.display_sys_log_null  ssd1305.o
    0x08008ba0   0x0000005c   Code   RO          964    i.display_sys_reset  ssd1305.o
    0x08008bfc   0x000002be   Code   RO          965    i.display_sys_source_info  ssd1305.o
    0x08008eba   0x00000002   PAD
    0x08008ebc   0x0000008c   Code   RO          967    i.display_sys_unlock_wlan_countdown  ssd1305.o
    0x08008f48   0x000000b0   Code   RO          968    i.display_whether_factory  ssd1305.o
    0x08008ff8   0x00000080   Code   RO          969    i.display_wifi_wait  ssd1305.o
    0x08009078   0x000000b4   Code   RO         2000    i.factory_reset     flash.o
    0x0800912c   0x0000047a   Code   RO         1663    i.finger_login      menu.o
    0x080095a6   0x00000002   PAD
    0x080095a8   0x0000004c   Code   RO         2001    i.flash_exit        flash.o
    0x080095f4   0x0000051c   Code   RO         2002    i.flash_init        flash.o
    0x08009b10   0x000005be   Code   RO         1935    i.fp_add            fpcst90x.o
    0x0800a0ce   0x00000002   PAD
    0x0800a0d0   0x00000018   Code   RO         1936    i.fp_clear_flag_rx  fpcst90x.o
    0x0800a0e8   0x00000246   Code   RO         1937    i.fp_delete         fpcst90x.o
    0x0800a32e   0x00000042   Code   RO         1938    i.fp_power_off      fpcst90x.o
    0x0800a370   0x00000114   Code   RO         1939    i.fp_power_on       fpcst90x.o
    0x0800a484   0x0000001c   Code   RO         1940    i.fp_sleep          fpcst90x.o
    0x0800a4a0   0x000000ee   Code   RO         1941    i.fp_trans_recv     fpcst90x.o
    0x0800a58e   0x00000002   PAD
    0x0800a590   0x00000018   Code   RO          519    i.fputc             usart.o
    0x0800a5a8   0x00000050   Code   RO         7747    i.free              mc_w.l(malloc.o)
    0x0800a5f8   0x00000024   Code   RO         1539    i.horn_powerOff     win6170.o
    0x0800a61c   0x0000000c   Code   RO         1540    i.horn_powerOn      win6170.o
    0x0800a628   0x0000009a   Code   RO          970    i.init_ic           ssd1305.o
    0x0800a6c2   0x00000002   PAD
    0x0800a6c4   0x00000180   Code   RO         1664    i.keyboard_lock     menu.o
    0x0800a844   0x000001b8   Code   RO         1665    i.keyboard_login    menu.o
    0x0800a9fc   0x00000536   Code   RO         1897    i.keyboard_password_confirm  keyboard.o
    0x0800af32   0x00000002   PAD
    0x0800af34   0x00000222   Code   RO         1898    i.keyboard_password_del  keyboard.o
    0x0800b156   0x00000002   PAD
    0x0800b158   0x0000026a   Code   RO         1899    i.keyboard_password_save  keyboard.o
    0x0800b3c2   0x00000002   PAD
    0x0800b3c4   0x00000010   Code   RO          742    i.led_powerOff      74hc595.o
    0x0800b3d4   0x00000010   Code   RO          743    i.led_powerOn       74hc595.o
    0x0800b3e4   0x00000174   Code   RO           17    i.main              main.o
    0x0800b558   0x000000c0   Code   RO         1666    i.main_menu         menu.o
    0x0800b618   0x0000006c   Code   RO         7748    i.malloc            mc_w.l(malloc.o)
    0x0800b684   0x0000018c   Code   RO         1667    i.multi_mode_init   menu.o
    0x0800b810   0x00000174   Code   RO         1623    i.nfc9883_init      nfc9883.o
    0x0800b984   0x0000043a   Code   RO         2044    i.nfc_add           nfc.o
    0x0800bdbe   0x00000002   PAD
    0x0800bdc0   0x00000236   Code   RO         2045    i.nfc_delete        nfc.o
    0x0800bff6   0x00000002   PAD
    0x0800bff8   0x00000010   Code   RO          971    i.oled_init         ssd1305.o
    0x0800c008   0x00000038   Code   RO          972    i.oled_powerOff     ssd1305.o
    0x0800c040   0x0000000c   Code   RO          973    i.oled_powerOn      ssd1305.o
    0x0800c04c   0x00000040   Code   RO          974    i.oled_refresh_gram  ssd1305.o
    0x0800c08c   0x00000040   Code   RO          975    i.oled_refresh_gram_with_arg  ssd1305.o
    0x0800c0cc   0x00000068   Code   RO          976    i.oled_refresh_gram_with_multi_arg  ssd1305.o
    0x0800c134   0x00000016   Code   RO         3168    i.phKeyStore_Rc663_Init  nfc9883.lib(phkeystore_rc663.o)
    0x0800c14a   0x00000018   Code   RO         3268    i.phalMfc_Sw_Init   nfc9883.lib(phalmfc_sw.o)
    0x0800c162   0x00000030   Code   RO         6269    i.phbalReg_Exchange  nfc9883.lib(phbalreg.o)
    0x0800c192   0x0000002e   Code   RO         2337    i.phbalReg_Stub_Exchange  nfc9883.lib(phbalreg_stub.o)
    0x0800c1c0   0x0000001a   Code   RO         2340    i.phbalReg_Stub_Init  nfc9883.lib(phbalreg_stub.o)
    0x0800c1da   0x00000024   Code   RO         2228    i.phhalHw_ApplyProtocolSettings  nfc9883.lib(phhalhw.o)
    0x0800c1fe   0x0000002e   Code   RO         2229    i.phhalHw_Exchange  nfc9883.lib(phhalhw.o)
    0x0800c22c   0x0000001e   Code   RO         2232    i.phhalHw_FieldReset  nfc9883.lib(phhalhw.o)
    0x0800c24a   0x00000024   Code   RO         2233    i.phhalHw_GetConfig  nfc9883.lib(phhalhw.o)
    0x0800c26e   0x00000002   PAD
    0x0800c270   0x000001b8   Code   RO         2964    i.phhalHw_Rc663_ApplyProtocolSettings  nfc9883.lib(phhalhw_rc663.o)
    0x0800c428   0x00000038   Code   RO         3073    i.phhalHw_Rc663_Cmd_LoadProtocol  nfc9883.lib(phhalhw_rc663_cmd.o)
    0x0800c460   0x00000050   Code   RO         3074    i.phhalHw_Rc663_Cmd_LoadReg  nfc9883.lib(phhalhw_rc663_cmd.o)
    0x0800c4b0   0x000002ea   Code   RO         3075    i.phhalHw_Rc663_Cmd_Lpcd  nfc9883.lib(phhalhw_rc663_cmd.o)
    0x0800c79a   0x000000d6   Code   RO         3076    i.phhalHw_Rc663_Cmd_LpcdConfig  nfc9883.lib(phhalhw_rc663_cmd.o)
    0x0800c870   0x0000025a   Code   RO         3077    i.phhalHw_Rc663_Cmd_Lpcd_Set  nfc9883.lib(phhalhw_rc663_cmd.o)
    0x0800caca   0x00000008   Code   RO         3080    i.phhalHw_Rc663_Cmd_SoftReset  nfc9883.lib(phhalhw_rc663_cmd.o)
    0x0800cad2   0x00000002   PAD
    0x0800cad4   0x0000036a   Code   RO         6554    i.phhalHw_Rc663_Command_Int  nfc9883.lib(phhalhw_rc663_int.o)
    0x0800ce3e   0x00000002   PAD
    0x0800ce40   0x000001f6   Code   RO         6555    i.phhalHw_Rc663_Command_Int_Set  nfc9883.lib(phhalhw_rc663_int.o)
    0x0800d036   0x000004e8   Code   RO         2965    i.phhalHw_Rc663_Exchange  nfc9883.lib(phhalhw_rc663.o)
    0x0800d51e   0x00000026   Code   RO         2966    i.phhalHw_Rc663_FieldOff  nfc9883.lib(phhalhw_rc663.o)
    0x0800d544   0x00000026   Code   RO         2967    i.phhalHw_Rc663_FieldOn  nfc9883.lib(phhalhw_rc663.o)
    0x0800d56a   0x00000038   Code   RO         2968    i.phhalHw_Rc663_FieldReset  nfc9883.lib(phhalhw_rc663.o)
    0x0800d5a2   0x00000026   Code   RO         6556    i.phhalHw_Rc663_FlushFifo  nfc9883.lib(phhalhw_rc663_int.o)
    0x0800d5c8   0x00000270   Code   RO         2969    i.phhalHw_Rc663_GetConfig  nfc9883.lib(phhalhw_rc663.o)
    0x0800d838   0x000000a4   Code   RO         6557    i.phhalHw_Rc663_GetDigiDelay  nfc9883.lib(phhalhw_rc663_int.o)
    0x0800d8dc   0x00000142   Code   RO         6558    i.phhalHw_Rc663_GetFdt  nfc9883.lib(phhalhw_rc663_int.o)
    0x0800da1e   0x00000074   Code   RO         6559    i.phhalHw_Rc663_GetRxBuffer  nfc9883.lib(phhalhw_rc663_int.o)
    0x0800da92   0x00000032   Code   RO         6560    i.phhalHw_Rc663_GetTxBuffer  nfc9883.lib(phhalhw_rc663_int.o)
    0x0800dac4   0x00000082   Code   RO         2970    i.phhalHw_Rc663_Init  nfc9883.lib(phhalhw_rc663.o)
    0x0800db46   0x0000006e   Code   RO         6562    i.phhalHw_Rc663_ReadData  nfc9883.lib(phhalhw_rc663_int.o)
    0x0800dbb4   0x00000078   Code   RO         6563    i.phhalHw_Rc663_ReadFifo  nfc9883.lib(phhalhw_rc663_int.o)
    0x0800dc2c   0x0000006c   Code   RO         2973    i.phhalHw_Rc663_ReadRegister  nfc9883.lib(phhalhw_rc663.o)
    0x0800dc98   0x00000332   Code   RO         6564    i.phhalHw_Rc663_SetCardMode  nfc9883.lib(phhalhw_rc663_int.o)
    0x0800dfca   0x000004a8   Code   RO         2974    i.phhalHw_Rc663_SetConfig  nfc9883.lib(phhalhw_rc663.o)
    0x0800e472   0x0000017e   Code   RO         6565    i.phhalHw_Rc663_SetConfig_Int  nfc9883.lib(phhalhw_rc663_int.o)
    0x0800e5f0   0x000000d8   Code   RO         6566    i.phhalHw_Rc663_SetFdt  nfc9883.lib(phhalhw_rc663_int.o)
    0x0800e6c8   0x0000005e   Code   RO         6567    i.phhalHw_Rc663_SetRxWait  nfc9883.lib(phhalhw_rc663_int.o)
    0x0800e726   0x00000002   PAD
    0x0800e728   0x000000d8   Code   RO         6568    i.phhalHw_Rc663_SetTxWait  nfc9883.lib(phhalhw_rc663_int.o)
    0x0800e800   0x000000a0   Code   RO         2975    i.phhalHw_Rc663_Wait  nfc9883.lib(phhalhw_rc663.o)
    0x0800e8a0   0x000001cc   Code   RO         6676    i.phhalHw_Rc663_WaitIrq  nfc9883.lib(phhalhw_rc663_wait.o)
    0x0800ea6c   0x0000006e   Code   RO         6569    i.phhalHw_Rc663_WriteData  nfc9883.lib(phhalhw_rc663_int.o)
    0x0800eada   0x00000080   Code   RO         6570    i.phhalHw_Rc663_WriteFifo  nfc9883.lib(phhalhw_rc663_int.o)
    0x0800eb5a   0x0000005c   Code   RO         2976    i.phhalHw_Rc663_WriteRegister  nfc9883.lib(phhalhw_rc663.o)
    0x0800ebb6   0x00000024   Code   RO         2236    i.phhalHw_ReadRegister  nfc9883.lib(phhalhw.o)
    0x0800ebda   0x00000024   Code   RO         2237    i.phhalHw_SetConfig  nfc9883.lib(phhalhw.o)
    0x0800ebfe   0x00000024   Code   RO         2239    i.phhalHw_WriteRegister  nfc9883.lib(phhalhw.o)
    0x0800ec22   0x00000030   Code   RO         2402    i.phpalI14443p3a_ActivateCard  nfc9883.lib(phpali14443p3a.o)
    0x0800ec52   0x00000140   Code   RO         2625    i.phpalI14443p3a_Sw_ActivateCard  nfc9883.lib(phpali14443p3a_sw.o)
    0x0800ed92   0x000002a6   Code   RO         2626    i.phpalI14443p3a_Sw_Anticollision  nfc9883.lib(phpali14443p3a_sw.o)
    0x0800f038   0x0000001c   Code   RO         2630    i.phpalI14443p3a_Sw_Init  nfc9883.lib(phpali14443p3a_sw.o)
    0x0800f054   0x00000008   Code   RO         2631    i.phpalI14443p3a_Sw_RequestA  nfc9883.lib(phpali14443p3a_sw.o)
    0x0800f05c   0x000000b0   Code   RO         2632    i.phpalI14443p3a_Sw_RequestAEx  nfc9883.lib(phpali14443p3a_sw.o)
    0x0800f10c   0x00000010   Code   RO         2633    i.phpalI14443p3a_Sw_Select  nfc9883.lib(phpali14443p3a_sw.o)
    0x0800f11c   0x00000008   Code   RO         2634    i.phpalI14443p3a_Sw_WakeUpA  nfc9883.lib(phpali14443p3a_sw.o)
    0x0800f124   0x0000002e   Code   RO         2712    i.phpalI14443p3b_RequestB  nfc9883.lib(phpali14443p3b.o)
    0x0800f152   0x00000056   Code   RO         6324    i.phpalI14443p3b_Sw_CheckATQBEx  nfc9883.lib(phpali14443p3b_sw.o)
    0x0800f1a8   0x00000016   Code   RO         6333    i.phpalI14443p3b_Sw_RequestB  nfc9883.lib(phpali14443p3b_sw.o)
    0x0800f1be   0x000000a8   Code   RO         6334    i.phpalI14443p3b_Sw_RequestBEx  nfc9883.lib(phpali14443p3b_sw.o)
    0x0800f266   0x00000016   Code   RO         2800    i.phpalI14443p4_Sw_Init  nfc9883.lib(phpali14443p4_sw.o)
    0x0800f27c   0x00000020   Code   RO         2806    i.phpalI14443p4_Sw_ResetProtocol  nfc9883.lib(phpali14443p4_sw.o)
    0x0800f29c   0x00000018   Code   RO         2905    i.phpalMifare_Sw_Init  nfc9883.lib(phpalmifare_sw.o)
    0x0800f2b4   0x0000009c   Code   RO          744    i.send_bytes        74hc595.o
    0x0800f350   0x00000080   Code   RO         1541    i.set_win6170       win6170.o
    0x0800f3d0   0x00000298   Code   RO         1668    i.sleep_mode        menu.o
    0x0800f668   0x000000b0   Code   RO         1498    i.stm_flash_erase   stmflash.o
    0x0800f718   0x00000104   Code   RO         1499    i.stm_flash_erase_write  stmflash.o
    0x0800f81c   0x00000018   Code   RO         1500    i.stm_flash_read    stmflash.o
    0x0800f834   0x00000084   Code   RO         1669    i.sys_battery_get   menu.o
    0x0800f8b8   0x00000060   Code   RO         1749    i.sys_battery_used_log  user_operator.o
    0x0800f918   0x00000030   Code   RO          842    i.sys_delay_us      delay.o
    0x0800f948   0x00000060   Code   RO         1750    i.sys_host_about_log  user_operator.o
    0x0800f9a8   0x000000b8   Code   RO         1751    i.sys_info_menu     user_operator.o
    0x0800fa60   0x00000164   Code   RO         1752    i.sys_log_record    user_operator.o
    0x0800fbc4   0x00000164   Code   RO         1753    i.sys_operator_log  user_operator.o
    0x0800fd28   0x0000007c   Code   RO         1754    i.sys_resource_used_log  user_operator.o
    0x0800fda4   0x0000010e   Code   RO         1755    i.sys_set_config_wlan  user_operator.o
    0x0800feb2   0x00000002   PAD
    0x0800feb4   0x00000294   Code   RO         1756    i.sys_set_config_wlan_countdown  user_operator.o
    0x08010148   0x0000075a   Code   RO         1757    i.sys_set_date_menu  user_operator.o
    0x080108a2   0x00000002   PAD
    0x080108a4   0x00000094   Code   RO         1758    i.sys_set_factory_menu  user_operator.o
    0x08010938   0x000000b4   Code   RO         1759    i.sys_set_menu      user_operator.o
    0x080109ec   0x000000fa   Code   RO         1760    i.user_add_hak_menu_sub  user_operator.o
    0x08010ae6   0x00000002   PAD
    0x08010ae8   0x00000246   Code   RO         1761    i.user_add_keyboard_menu  user_operator.o
    0x08010d2e   0x00000002   PAD
    0x08010d30   0x000000b4   Code   RO         1762    i.user_add_menu     user_operator.o
    0x08010de4   0x0000013a   Code   RO         1763    i.user_add_menu_sub  user_operator.o
    0x08010f1e   0x00000002   PAD
    0x08010f20   0x0000066e   Code   RO         1764    i.user_delete_card_menu  user_operator.o
    0x0801158e   0x00000002   PAD
    0x08011590   0x0000059a   Code   RO         1765    i.user_delete_fp_menu  user_operator.o
    0x08011b2a   0x00000002   PAD
    0x08011b2c   0x00000096   Code   RO         1766    i.user_delete_hak_menu_sub  user_operator.o
    0x08011bc2   0x00000002   PAD
    0x08011bc4   0x000000b4   Code   RO         1767    i.user_delete_menu  user_operator.o
    0x08011c78   0x000000c6   Code   RO         1768    i.user_delete_menu_sub  user_operator.o
    0x08011d3e   0x00000002   PAD
    0x08011d40   0x00000608   Code   RO         1769    i.user_delete_password_menu  user_operator.o
    0x08012348   0x0000003a   Code   RO         1670    i.voice_repeat      menu.o
    0x08012382   0x00000002   PAD
    0x08012384   0x0000010e   Code   RO         1542    i.vol_set           win6170.o
    0x08012492   0x00000002   PAD
    0x08012494   0x00000018   Code   RO         2082    i.wifi_clear_flag_rx  wifi_8266.o
    0x080124ac   0x000000f8   Code   RO         2083    i.wifi_get_mac      wifi_8266.o
    0x080125a4   0x00000118   Code   RO         2084    i.wifi_get_status   wifi_8266.o
    0x080126bc   0x000002d4   Code   RO         2088    i.wifi_parase_time  wifi_8266.o
    0x08012990   0x00000010   Code   RO         2089    i.wifi_power_off    wifi_8266.o
    0x080129a0   0x00000028   Code   RO         2090    i.wifi_power_on     wifi_8266.o
    0x080129c8   0x000006aa   Code   RO         2091    i.wifi_remote_open  wifi_8266.o
    0x08013072   0x00000002   PAD
    0x08013074   0x00000024   Code   RO         2092    i.wifi_set_time_zone  wifi_8266.o
    0x08013098   0x00000274   Code   RO         2093    i.wifi_smart_config  wifi_8266.o
    0x0801330c   0x00000298   Code   RO         2094    i.wifi_upload_alarm_info  wifi_8266.o
    0x080135a4   0x00000378   Code   RO         2095    i.wifi_upload_all_info  wifi_8266.o
    0x0801391c   0x0000008e   Code   RO         2096    i.wifi_upload_battery  wifi_8266.o
    0x080139aa   0x00000002   PAD
    0x080139ac   0x0000005c   Code   RO         2097    i.wifi_upload_send  wifi_8266.o
    0x08013a08   0x000001ec   Code   RO         2098    i.wifi_upload_user_info  wifi_8266.o
    0x08013bf4   0x00000104   Code   RO         2099    i.wifi_wait_IPD     wifi_8266.o
    0x08013cf8   0x000000dc   Code   RO         2100    i.wifi_wait_IPD_time  wifi_8266.o
    0x08013dd4   0x000000c4   Code   RO         2102    i.wifi_wait_ready   wifi_8266.o
    0x08013e98   0x00000017   Data   RO           21    .constdata          main.o
    0x08013eaf   0x00000001   PAD
    0x08013eb0   0x00000040   Data   RO          706    .constdata          system_stm32l4xx.o
    0x08013ef0   0x00000008   Data   RO          707    .constdata          system_stm32l4xx.o
    0x08013ef8   0x00000011   Data   RO          784    .constdata          apt8l16.o
    0x08013f09   0x00004ce5   Data   RO          978    .constdata          ssd1305.o
    0x08018bee   0x00000026   Data   RO         1501    .constdata          stmflash.o
    0x08018c14   0x00000005   Data   RO         1585    .constdata          hsj08.o
    0x08018c19   0x00000019   Data   RO         1625    .constdata          nfc9883.o
    0x08018c32   0x00000053   Data   RO         1672    .constdata          menu.o
    0x08018c85   0x00000003   PAD
    0x08018c88   0x000000ec   Data   RO         1770    .constdata          user_operator.o
    0x08018d74   0x00000047   Data   RO         1900    .constdata          keyboard.o
    0x08018dbb   0x00000001   PAD
    0x08018dbc   0x00000044   Data   RO         1942    .constdata          fpcst90x.o
    0x08018e00   0x0000000b   Data   RO         2003    .constdata          flash.o
    0x08018e0b   0x00000013   Data   RO         2047    .constdata          nfc.o
    0x08018e1e   0x00000002   PAD
    0x08018e20   0x00000114   Data   RO         2103    .constdata          wifi_8266.o
    0x08018f34   0x00000138   Data   RO         2977    .constdata          nfc9883.lib(phhalhw_rc663.o)
    0x0801906c   0x0000000d   Data   RO         3370    .constdata          nfc9883.lib(regctl_spihw.o)
    0x08019079   0x00000001   PAD
    0x0801907a   0x0000017e   Data   RO         6571    .constdata          nfc9883.lib(phhalhw_rc663_int.o)
    0x080191f8   0x00000016   Data   RO         6677    .constdata          nfc9883.lib(phhalhw_rc663_wait.o)
    0x0801920e   0x00000002   PAD
    0x08019210   0x00000043   Data   RO         1673    .conststring        menu.o
    0x08019253   0x00000001   PAD
    0x08019254   0x00000020   Data   RO         7823    Region$$Table       anon$$obj.o


    Execution Region RW_IRAM1 (Base: 0x20000000, Size: 0x00006e40, Max: 0x00010000, ABSOLUTE)

    Base Addr    Size         Type   Attr      Idx    E Section Name        Object

    0x20000000   0x0000000c   Data   RW           22    .data               main.o
    0x2000000c   0x00000004   Data   RW           24    .data               main.o
    0x20000010   0x00000001   Data   RW           25    .data               main.o
    0x20000011   0x00000001   Data   RW           26    .data               main.o
    0x20000012   0x00000001   Data   RW           27    .data               main.o
    0x20000013   0x00000004   Data   RW           28    .data               main.o
    0x20000017   0x00000001   PAD
    0x20000018   0x00000004   Data   RW          708    .data               system_stm32l4xx.o
    0x2000001c   0x00000010   Data   RW          785    .data               apt8l16.o
    0x2000002c   0x00000018   Data   RW         1626    .data               nfc9883.o
    0x20000044   0x0000000a   Data   RW         1674    .data               menu.o
    0x2000004e   0x00000002   PAD
    0x20000050   0x00000004   Data   RW         1771    .data               user_operator.o
    0x20000054   0x00000018   Data   RW         2004    .data               flash.o
    0x2000006c   0x0000002c   Data   RW         2104    .data               wifi_8266.o
    0x20000098   0x00000004   Data   RW         5135    .data               STM32.lib(stm32l4xx_hal.o)
    0x2000009c   0x00000020   Data   RW         5612    .data               STM32.lib(stm32l4xx_hal_flash.o)
    0x200000bc   0x00000004   Data   RW         7799    .data               mc_w.l(stdout.o)
    0x200000c0   0x00000004   Data   RW         7808    .data               mc_w.l(mvars.o)
    0x200000c4   0x00000004   Data   RW         7809    .data               mc_w.l(mvars.o)
    0x200000c8   0x00000014   Zero   RW           18    .bss                main.o
    0x200000dc   0x00000500   Zero   RW           19    .bss                main.o
    0x200005dc   0x00000064   Zero   RW          349    .bss                adc.o
    0x20000640   0x0000004c   Zero   RW          391    .bss                i2c.o
    0x2000068c   0x00000024   Zero   RW          433    .bss                rtc.o
    0x200006b0   0x00000064   Zero   RW          475    .bss                spi.o
    0x20000714   0x00000168   Zero   RW          520    .bss                usart.o
    0x2000087c   0x00000400   Zero   RW          977    .bss                ssd1305.o
    0x20000c7c   0x00000171   Zero   RW         1624    .bss                nfc9883.o
    0x20000ded   0x00000003   PAD
    0x20000df0   0x00000028   Zero   RW         1671    .bss                menu.o
    0x20000e18   0x00000022   Zero   RW         2046    .bss                nfc.o
    0x20000e3a   0x00000006   PAD
    0x20000e40   0x00004000   Zero   RW            2    HEAP                startup_stm32l431xx.o
    0x20004e40   0x00002000   Zero   RW            1    STACK               startup_stm32l431xx.o


==============================================================================

Image component sizes


      Code (inc. data)   RO Data    RW Data    ZI Data      Debug   Object Name

       188         22          0          0          0       1546   74hc595.o
       204         44          0          0        100       1633   adc.o
       696        140         17         16          0       6983   apt8l16.o
        48          0          0          0          0        687   delay.o
      1564        498         11         24          0       3316   flash.o
      2684        862         68          0          0       7082   fpcst90x.o
       470         30          0          0          0       1115   gpio.o
       224         84          5          0          0       1060   hsj08.o
       232         46          0          0         76       2113   i2c.o
      2498        778         71          0          0       4695   keyboard.o
      1226        312         23         23       1300     713235   main.o
      5058       1290        150         10         40      11202   menu.o
      1648        500         19          0         34       3026   nfc.o
       994        256         25         24        369       2679   nfc9883.o
       188         36          0          0         36       1507   rtc.o
       220         50          0          0        100       2105   spi.o
     13898       1170      19685          0       1024      64956   ssd1305.o
        36          8        396          0      24576        832   startup_stm32l431xx.o
       128          6          0          0          0        894   stm32l4xx_hal_msp.o
       204         24          0          0          0       6701   stm32l4xx_it.o
       520        198         38          0          0       3591   stmflash.o
        68         12         72          4          0       1205   system_stm32l4xx.o
       592        126          0          0        360       4173   usart.o
     10830       2530        236          4          0      22340   user_operator.o
      6656       2458        276         44          0      18520   wifi_8266.o
       446         36          0          0          0       2463   win6170.o

    ----------------------------------------------------------------------
     51600      11516      21132        152      28024     889659   Object Totals
         0          0         32          0          0          0   (incl. Generated)
        80          0          8          3          9          0   (incl. Padding)

    ----------------------------------------------------------------------

      Code (inc. data)   RO Data    RW Data    ZI Data      Debug   Library Member Name

       106         18          0          4          0       3647   stm32l4xx_hal.o
      2332        102          0          0          0     757216   stm32l4xx_hal_adc.o
       250         14          0          0          0      32995   stm32l4xx_hal_cortex.o
        78          0          0          0          0       1115   stm32l4xx_hal_dma.o
       406         48          0         32          0       5298   stm32l4xx_hal_flash.o
       374         24          0          0          0       4049   stm32l4xx_hal_flash_ex.o
       732         60          0          0          0       4652   stm32l4xx_hal_gpio.o
      1550         40          0          0          0      11910   stm32l4xx_hal_i2c.o
       168          0          0          0          0       1971   stm32l4xx_hal_i2c_ex.o
        16          4          0          0          0        563   stm32l4xx_hal_pwr.o
       176         30          0          0          0       2041   stm32l4xx_hal_pwr_ex.o
      2152        106          0          0          0       9116   stm32l4xx_hal_rcc.o
      1014         36          0          0          0       3717   stm32l4xx_hal_rcc_ex.o
       962         30          0          0          0       7768   stm32l4xx_hal_rtc.o
      1158          0          0          0          0       6101   stm32l4xx_hal_spi.o
      2014         74          0          0          0      13156   stm32l4xx_hal_uart.o
         2          0          0          0          0       1040   stm32l4xx_hal_uart_ex.o
        28          0          0          0          0         76   calloc.o
         0          0          0          0          0          0   entry.o
         0          0          0          0          0          0   entry10a.o
         0          0          0          0          0          0   entry11a.o
         8          4          0          0          0          0   entry2.o
         4          0          0          0          0          0   entry5.o
         0          0          0          0          0          0   entry7b.o
         0          0          0          0          0          0   entry8b.o
         8          4          0          0          0          0   entry9a.o
        30          0          0          0          0          0   handlers.o
        36          8          0          0          0         68   init.o
         0          0          0          0          0          0   iusefp.o
        30          0          0          0          0         68   llshl.o
        36          0          0          0          0         68   llsshr.o
        32          0          0          0          0         68   llushr.o
       188         20          0          0          0        160   malloc.o
        36          0          0          0          0         68   memcpya.o
        36          0          0          0          0        108   memseta.o
         0          0          0          8          0          0   mvars.o
      1210         60          0          0          0        504   printf8.o
         0          0          0          4          0          0   stdout.o
        24          0          0          0          0         68   strcat.o
        28          0          0          0          0         76   strcmp.o
        18          0          0          0          0         68   strcpy.o
        14          0          0          0          0         68   strlen.o
        30          0          0          0          0         80   strncmp.o
        24          0          0          0          0         76   strncpy.o
        36          0          0          0          0         80   strstr.o
       104          0          0          0          0         92   uldiv.o
        56          0          0          0          0         88   d2f.o
       350          0          0          0          0        148   dadd.o
       186          0          0          0          0        176   depilogue.o
        26          0          0          0          0         76   dfltui.o
       234          0          0          0          0         96   dmul.o
       110          0          0          0          0        168   fepilogue.o
        24          0          0          0          0       2533   phalmfc_sw.o
        48          0          0          0          0       1356   phbalreg.o
        72          0          0          0          0       2154   phbalreg_stub.o
       256          0          0          0          0      12247   phhalhw.o
      4134        100        312          0          0      15388   phhalhw_rc663.o
      1706         18          0          0          0       7880   phhalhw_rc663_cmd.o
      4260        292        382          0          0      20377   phhalhw_rc663_int.o
       460        126         22          0          0       1936   phhalhw_rc663_wait.o
        22          0          0          0          0       1348   phkeystore_rc663.o
        48          0          0          0          0       2166   phpali14443p3a.o
      1234          0          0          0          0       8187   phpali14443p3a_sw.o
        46          0          0          0          0       2394   phpali14443p3b.o
       276          0          0          0          0       3456   phpali14443p3b_sw.o
        54          0          0          0          0       4233   phpali14443p4_sw.o
        24          0          0          0          0       2158   phpalmifare_sw.o
       442        122         13          0          0       4888   regctl_spihw.o

    ----------------------------------------------------------------------
     29564       1340        732         48          0     961604   Library Totals
        46          0          3          0          0          0   (incl. Padding)

    ----------------------------------------------------------------------

      Code (inc. data)   RO Data    RW Data    ZI Data      Debug   Library Name

     13490        586          0         36          0     866355   STM32.lib
      1960         96          0         12          0       1796   mc_w.l
       962          0          0          0          0        752   mf_w.l
     13106        658        729          0          0      92701   nfc9883.lib

    ----------------------------------------------------------------------
     29564       1340        732         48          0     961604   Library Totals

    ----------------------------------------------------------------------

==============================================================================


      Code (inc. data)   RO Data    RW Data    ZI Data      Debug   

     81164      12856      21864        200      28024    1812415   Grand Totals
     81164      12856      21864        200      28024    1812415   ELF Image Totals
     81164      12856      21864        200          0          0   ROM Totals

==============================================================================

    Total RO  Size (Code + RO Data)               103028 ( 100.61kB)
    Total RW  Size (RW Data + ZI Data)             28224 (  27.56kB)
    Total ROM Size (Code + RO Data + RW Data)     103228 ( 100.81kB)

==============================================================================

