Component: ARM Compiler 5.06 update 4 (build 422) Tool: armlink [4d35d2]

==============================================================================

Section Cross References

    startup_stm32l431xx.o(RESET) refers to startup_stm32l431xx.o(STACK) for __initial_sp
    startup_stm32l431xx.o(RESET) refers to startup_stm32l431xx.o(.text) for Reset_Handler
    startup_stm32l431xx.o(RESET) refers to stm32l4xx_it.o(i.NMI_Handler) for NMI_Handler
    startup_stm32l431xx.o(RESET) refers to stm32l4xx_it.o(i.HardFault_Handler) for HardFault_Handler
    startup_stm32l431xx.o(RESET) refers to stm32l4xx_it.o(i.MemManage_Handler) for MemManage_Handler
    startup_stm32l431xx.o(RESET) refers to stm32l4xx_it.o(i.BusFault_Handler) for BusFault_Handler
    startup_stm32l431xx.o(RESET) refers to stm32l4xx_it.o(i.UsageFault_Handler) for UsageFault_Handler
    startup_stm32l431xx.o(RESET) refers to stm32l4xx_it.o(i.SVC_Handler) for SVC_Handler
    startup_stm32l431xx.o(RESET) refers to stm32l4xx_it.o(i.DebugMon_Handler) for DebugMon_Handler
    startup_stm32l431xx.o(RESET) refers to stm32l4xx_it.o(i.PendSV_Handler) for PendSV_Handler
    startup_stm32l431xx.o(RESET) refers to stm32l4xx_it.o(i.SysTick_Handler) for SysTick_Handler
    startup_stm32l431xx.o(RESET) refers to stm32l4xx_it.o(i.EXTI0_IRQHandler) for EXTI0_IRQHandler
    startup_stm32l431xx.o(.text) refers to system_stm32l4xx.o(i.SystemInit) for SystemInit
    startup_stm32l431xx.o(.text) refers to entry.o(.ARM.Collect$$$$00000000) for __main
    main.o(i.HAL_GPIO_EXTI_Callback) refers to apt8l16.o(i.APT_ScanTouchKey) for APT_ScanTouchKey
    main.o(i.SystemClock_Config) refers to stm32l4xx_hal_pwr.o(i.HAL_PWR_EnableBkUpAccess) for HAL_PWR_EnableBkUpAccess
    main.o(i.SystemClock_Config) refers to stm32l4xx_hal_rcc.o(i.HAL_RCC_OscConfig) for HAL_RCC_OscConfig
    main.o(i.SystemClock_Config) refers to stm32l4xx_hal_rcc.o(i.HAL_RCC_ClockConfig) for HAL_RCC_ClockConfig
    main.o(i.SystemClock_Config) refers to stm32l4xx_hal_rcc_ex.o(i.HAL_RCCEx_PeriphCLKConfig) for HAL_RCCEx_PeriphCLKConfig
    main.o(i.SystemClock_Config) refers to stm32l4xx_hal_pwr_ex.o(i.HAL_PWREx_ControlVoltageScaling) for HAL_PWREx_ControlVoltageScaling
    main.o(i.SystemClock_Config) refers to stm32l4xx_hal_rcc.o(i.HAL_RCC_GetHCLKFreq) for HAL_RCC_GetHCLKFreq
    main.o(i.SystemClock_Config) refers to stm32l4xx_hal_cortex.o(i.HAL_SYSTICK_Config) for HAL_SYSTICK_Config
    main.o(i.SystemClock_Config) refers to stm32l4xx_hal_cortex.o(i.HAL_SYSTICK_CLKSourceConfig) for HAL_SYSTICK_CLKSourceConfig
    main.o(i.SystemClock_Config) refers to stm32l4xx_hal_rcc_ex.o(i.HAL_RCCEx_EnableMSIPLLMode) for HAL_RCCEx_EnableMSIPLLMode
    main.o(i.SystemClock_Config) refers to stm32l4xx_hal_cortex.o(i.HAL_NVIC_SetPriority) for HAL_NVIC_SetPriority
    main.o(i.main) refers to stm32l4xx_hal.o(i.HAL_Init) for HAL_Init
    main.o(i.main) refers to main.o(i.SystemClock_Config) for SystemClock_Config
    main.o(i.main) refers to gpio.o(i.MX_GPIO_Init) for MX_GPIO_Init
    main.o(i.main) refers to usart.o(i.MX_USART1_UART_Init) for MX_USART1_UART_Init
    main.o(i.main) refers to i2c.o(i.MX_I2C1_Init) for MX_I2C1_Init
    main.o(i.main) refers to spi.o(i.MX_SPI2_Init) for MX_SPI2_Init
    main.o(i.main) refers to 74hc595.o(i.send_bytes) for send_bytes
    main.o(i.main) refers to ssd1305.o(i.Reset_IC) for Reset_IC
    main.o(i.main) refers to ssd1305.o(i.init_ic) for init_ic
    main.o(i.main) refers to ssd1305.o(i.oled_init) for oled_init
    main.o(i.main) refers to win6170.o(i.set_win6170) for set_win6170
    main.o(i.main) refers to delay.o(i.delay_init) for delay_init
    main.o(i.main) refers to apt8l16.o(i.APT_Init) for APT_Init
    main.o(i.main) refers to flash_alloc.o(i.flash_init) for flash_init
    main.o(i.main) refers to menu.o(i.login) for login
    main.o(i.main) refers to menu.o(i.main_menu) for main_menu
    gpio.o(i.MX_GPIO_Init) refers to stm32l4xx_hal_gpio.o(i.HAL_GPIO_WritePin) for HAL_GPIO_WritePin
    gpio.o(i.MX_GPIO_Init) refers to stm32l4xx_hal_gpio.o(i.HAL_GPIO_Init) for HAL_GPIO_Init
    gpio.o(i.MX_GPIO_Init) refers to stm32l4xx_hal_cortex.o(i.HAL_NVIC_SetPriority) for HAL_NVIC_SetPriority
    gpio.o(i.MX_GPIO_Init) refers to stm32l4xx_hal_cortex.o(i.HAL_NVIC_EnableIRQ) for HAL_NVIC_EnableIRQ
    i2c.o(i.HAL_I2C_MspDeInit) refers to stm32l4xx_hal_gpio.o(i.HAL_GPIO_DeInit) for HAL_GPIO_DeInit
    i2c.o(i.HAL_I2C_MspInit) refers to stm32l4xx_hal_gpio.o(i.HAL_GPIO_Init) for HAL_GPIO_Init
    i2c.o(i.MX_I2C1_Init) refers to stm32l4xx_hal_i2c.o(i.HAL_I2C_Init) for HAL_I2C_Init
    i2c.o(i.MX_I2C1_Init) refers to main.o(i._Error_Handler) for _Error_Handler
    i2c.o(i.MX_I2C1_Init) refers to stm32l4xx_hal_i2c_ex.o(i.HAL_I2CEx_ConfigAnalogFilter) for HAL_I2CEx_ConfigAnalogFilter
    i2c.o(i.MX_I2C1_Init) refers to stm32l4xx_hal_i2c_ex.o(i.HAL_I2CEx_ConfigDigitalFilter) for HAL_I2CEx_ConfigDigitalFilter
    i2c.o(i.MX_I2C1_Init) refers to i2c.o(.bss) for .bss
[...]
    ../Drivers/STM32L4xx_HAL_Driver/Src/stm32l4xx_hal_i2c_ex.c 0x00000000   Number         0  stm32l4xx_hal_i2c_ex.o ABSOLUTE
    ../Drivers/STM32L4xx_HAL_Driver/Src/stm32l4xx_hal_pwr.c 0x00000000   Number         0  stm32l4xx_hal_pwr.o ABSOLUTE
    ../Drivers/STM32L4xx_HAL_Driver/Src/stm32l4xx_hal_pwr_ex.c 0x00000000   Number         0  stm32l4xx_hal_pwr_ex.o ABSOLUTE
    ../Drivers/STM32L4xx_HAL_Driver/Src/stm32l4xx_hal_rcc.c 0x00000000   Number         0  stm32l4xx_hal_rcc.o ABSOLUTE
    ../Drivers/STM32L4xx_HAL_Driver/Src/stm32l4xx_hal_rcc_ex.c 0x00000000   Number         0  stm32l4xx_hal_rcc_ex.o ABSOLUTE
    ../Drivers/STM32L4xx_HAL_Driver/Src/stm32l4xx_hal_spi.c 0x00000000   Number         0  stm32l4xx_hal_spi.o ABSOLUTE
    ../Drivers/STM32L4xx_HAL_Driver/Src/stm32l4xx_hal_spi_ex.c 0x00000000   Number         0  stm32l4xx_hal_spi_ex.o ABSOLUTE
    ../Drivers/STM32L4xx_HAL_Driver/Src/stm32l4xx_hal_tim.c 0x00000000   Number         0  stm32l4xx_hal_tim.o ABSOLUTE
    ../Drivers/STM32L4xx_HAL_Driver/Src/stm32l4xx_hal_tim_ex.c 0x00000000   Number         0  stm32l4xx_hal_tim_ex.o ABSOLUTE
    ../Drivers/STM32L4xx_HAL_Driver/Src/stm32l4xx_hal_uart.c 0x00000000   Number         0  stm32l4xx_hal_uart.o ABSOLUTE
    ../Drivers/STM32L4xx_HAL_Driver/Src/stm32l4xx_hal_uart_ex.c 0x00000000   Number         0  stm32l4xx_hal_uart_ex.o ABSOLUTE
    ../Src/gpio.c                            0x00000000   Number         0  gpio.o ABSOLUTE
    ../Src/i2c.c                             0x00000000   Number         0  i2c.o ABSOLUTE
    ../Src/main.c                            0x00000000   Number         0  main.o ABSOLUTE
    ../Src/spi.c                             0x00000000   Number         0  spi.o ABSOLUTE
    ../Src/stm32l4xx_hal_msp.c               0x00000000   Number         0  stm32l4xx_hal_msp.o ABSOLUTE
    ../Src/stm32l4xx_it.c                    0x00000000   Number         0  stm32l4xx_it.o ABSOLUTE
    ../Src/usart.c                           0x00000000   Number         0  usart.o ABSOLUTE
    ../clib/microlib/division.c              0x00000000   Number         0  uidiv.o ABSOLUTE
    ../clib/microlib/division.c              0x00000000   Number         0  uldiv.o ABSOLUTE
    ../clib/microlib/init/entry.s            0x00000000   Number         0  entry9a.o ABSOLUTE
    ../clib/microlib/init/entry.s            0x00000000   Number         0  entry11b.o ABSOLUTE
    ../clib/microlib/init/entry.s            0x00000000   Number         0  entry8b.o ABSOLUTE
    ../clib/microlib/init/entry.s            0x00000000   Number         0  entry11a.o ABSOLUTE
    ../clib/microlib/init/entry.s            0x00000000   Number         0  entry10b.o ABSOLUTE
    ../clib/microlib/init/entry.s            0x00000000   Number         0  entry8a.o ABSOLUTE
    ../clib/microlib/init/entry.s            0x00000000   Number         0  entry7b.o ABSOLUTE
    ../clib/microlib/init/entry.s            0x00000000   Number         0  entry10a.o ABSOLUTE
    ../clib/microlib/init/entry.s            0x00000000   Number         0  entry9b.o ABSOLUTE
    ../clib/microlib/init/entry.s            0x00000000   Number         0  entry7a.o ABSOLUTE
    ../clib/microlib/init/entry.s            0x00000000   Number         0  entry5.o ABSOLUTE
    ../clib/microlib/init/entry.s            0x00000000   Number         0  entry.o ABSOLUTE
    ../clib/microlib/init/entry.s            0x00000000   Number         0  entry2.o ABSOLUTE
    ../clib/microlib/longlong.c              0x00000000   Number         0  llshl.o ABSOLUTE
    ../clib/microlib/longlong.c              0x00000000   Number         0  llushr.o ABSOLUTE
    ../clib/microlib/longlong.c              0x00000000   Number         0  llsshr.o ABSOLUTE
    ../clib/microlib/malloc/calloc.c         0x00000000   Number         0  calloc.o ABSOLUTE
    ../clib/microlib/malloc/malloc.c         0x00000000   Number         0  mallocr.o ABSOLUTE
    ../clib/microlib/malloc/malloc.c         0x00000000   Number         0  malloc.o ABSOLUTE
    ../clib/microlib/malloc/malloc.c         0x00000000   Number         0  mallocra.o ABSOLUTE
    ../clib/microlib/malloc/malloc.c         0x00000000   Number         0  malloca.o ABSOLUTE
    ../clib/microlib/malloc/mvars.c          0x00000000   Number         0  mvars.o ABSOLUTE
    ../clib/microlib/printf/printf.c         0x00000000   Number         0  printfa.o ABSOLUTE
    ../clib/microlib/printf/printf.c         0x00000000   Number         0  printf3.o ABSOLUTE
    ../clib/microlib/printf/printf.c         0x00000000   Number         0  printf8.o ABSOLUTE
    ../clib/microlib/printf/printf.c         0x00000000   Number         0  printfb.o ABSOLUTE
    ../clib/microlib/printf/printf.c         0x00000000   Number         0  printf7.o ABSOLUTE
    ../clib/microlib/printf/printf.c         0x00000000   Number         0  printf0.o ABSOLUTE
    ../clib/microlib/printf/printf.c         0x00000000   Number         0  printf6.o ABSOLUTE
    ../clib/microlib/printf/printf.c         0x00000000   Number         0  printf5.o ABSOLUTE
    ../clib/microlib/printf/printf.c         0x00000000   Number         0  printf4.o ABSOLUTE
    ../clib/microlib/printf/printf.c         0x00000000   Number         0  printf2.o ABSOLUTE
    ../clib/microlib/printf/printf.c         0x00000000   Number         0  printf1.o ABSOLUTE
    ../clib/microlib/printf/stubs.s          0x00000000   Number         0  stubs.o ABSOLUTE
    ../clib/microlib/stdio/streams.c         0x00000000   Number         0  stdout.o ABSOLUTE
    ../clib/microlib/string/memcpy.c         0x00000000   Number         0  memcpyb.o ABSOLUTE
    ../clib/microlib/string/memcpy.c         0x00000000   Number         0  memcpya.o ABSOLUTE
    ../clib/microlib/string/memset.c         0x00000000   Number         0  memseta.o ABSOLUTE
    ../clib/microlib/string/strncmp.c        0x00000000   Number         0  strncmp.o ABSOLUTE
    ../clib/microlib/string/strncpy.c        0x00000000   Number         0  strncpy.o ABSOLUTE
    ../clib/microlib/stubs.s                 0x00000000   Number         0  iusefp.o ABSOLUTE
    ../fplib/microlib/fpadd.c                0x00000000   Number         0  dadd.o ABSOLUTE
    ../fplib/microlib/fpdiv.c                0x00000000   Number         0  ddiv.o ABSOLUTE
    ../fplib/microlib/fpepilogue.c           0x00000000   Number         0  depilogue.o ABSOLUTE
    ../fplib/microlib/fpfix.c                0x00000000   Number         0  dfixul.o ABSOLUTE
    ../fplib/microlib/fpmul.c                0x00000000   Number         0  dmul.o ABSOLUTE
    ..\Drivers\STM32L4xx_HAL_Driver\Src\stm32l4xx_hal.c 0x00000000   Number         0  stm32l4xx_hal.o ABSOLUTE
    ..\Drivers\STM32L4xx_HAL_Driver\Src\stm32l4xx_hal_cortex.c 0x00000000   Number         0  stm32l4xx_hal_cortex.o ABSOLUTE
    ..\Drivers\STM32L4xx_HAL_Driver\Src\stm32l4xx_hal_dma.c 0x00000000   Number         0  stm32l4xx_hal_dma.o ABSOLUTE
    ..\Drivers\STM32L4xx_HAL_Driver\Src\stm32l4xx_hal_dma_ex.c 0x00000000   Number         0  stm32l4xx_hal_dma_ex.o ABSOLUTE
    ..\Drivers\STM32L4xx_HAL_Driver\Src\stm32l4xx_hal_flash.c 0x00000000   Number         0  stm32l4xx_hal_flash.o ABSOLUTE
    ..\Drivers\STM32L4xx_HAL_Driver\Src\stm32l4xx_hal_flash_ex.c 0x00000000   Number         0  stm32l4xx_hal_flash_ex.o ABSOLUTE
    ..\Drivers\STM32L4xx_HAL_Driver\Src\stm32l4xx_hal_flash_ramfunc.c 0x00000000   Number         0  stm32l4xx_hal_flash_ramfunc.o ABSOLUTE
    ..\Drivers\STM32L4xx_HAL_Driver\Src\stm32l4xx_hal_gpio.c 0x00000000   Number         0  stm32l4xx_hal_gpio.o ABSOLUTE
    ..\Drivers\STM32L4xx_HAL_Driver\Src\stm32l4xx_hal_i2c.c 0x00000000   Number         0  stm32l4xx_hal_i2c.o ABSOLUTE
    ..\Drivers\STM32L4xx_HAL_Driver\Src\stm32l4xx_hal_i2c_ex.c 0x00000000   Number         0  stm32l4xx_hal_i2c_ex.o ABSOLUTE
    ..\Drivers\STM32L4xx_HAL_Driver\Src\stm32l4xx_hal_pwr.c 0x00000000   Number         0  stm32l4xx_hal_pwr.o ABSOLUTE
    ..\Drivers\STM32L4xx_HAL_Driver\Src\stm32l4xx_hal_pwr_ex.c 0x00000000   Number         0  stm32l4xx_hal_pwr_ex.o ABSOLUTE
    ..\Drivers\STM32L4xx_HAL_Driver\Src\stm32l4xx_hal_rcc.c 0x00000000   Number         0  stm32l4xx_hal_rcc.o ABSOLUTE
    ..\Drivers\STM32L4xx_HAL_Driver\Src\stm32l4xx_hal_rcc_ex.c 0x00000000   Number         0  stm32l4xx_hal_rcc_ex.o ABSOLUTE
    ..\Drivers\STM32L4xx_HAL_Driver\Src\stm32l4xx_hal_spi.c 0x00000000   Number         0  stm32l4xx_hal_spi.o ABSOLUTE
    ..\Drivers\STM32L4xx_HAL_Driver\Src\stm32l4xx_hal_spi_ex.c 0x00000000   Number         0  stm32l4xx_hal_spi_ex.o ABSOLUTE
    ..\Drivers\STM32L4xx_HAL_Driver\Src\stm32l4xx_hal_tim.c 0x00000000   Number         0  stm32l4xx_hal_tim.o ABSOLUTE
    ..\Drivers\STM32L4xx_HAL_Driver\Src\stm32l4xx_hal_tim_ex.c 0x00000000   Number         0  stm32l4xx_hal_tim_ex.o ABSOLUTE
    ..\Drivers\STM32L4xx_HAL_Driver\Src\stm32l4xx_hal_uart.c 0x00000000   Number         0  stm32l4xx_hal_uart.o ABSOLUTE
    ..\Drivers\STM32L4xx_HAL_Driver\Src\stm32l4xx_hal_uart_ex.c 0x00000000   Number         0  stm32l4xx_hal_uart_ex.o ABSOLUTE
    ..\Src\gpio.c                            0x00000000   Number         0  gpio.o ABSOLUTE
    ..\Src\i2c.c                             0x00000000   Number         0  i2c.o ABSOLUTE
    ..\Src\main.c                            0x00000000   Number         0  main.o ABSOLUTE
    ..\Src\spi.c                             0x00000000   Number         0  spi.o ABSOLUTE
    ..\Src\stm32l4xx_hal_msp.c               0x00000000   Number         0  stm32l4xx_hal_msp.o ABSOLUTE
    ..\Src\stm32l4xx_it.c                    0x00000000   Number         0  stm32l4xx_it.o ABSOLUTE
    ..\Src\usart.c                           0x00000000   Number         0  usart.o ABSOLUTE
    ..\User\Application\src\flash_alloc.c    0x00000000   Number         0  flash_alloc.o ABSOLUTE
    ..\User\Application\src\menu.c           0x00000000   Number         0  menu.o ABSOLUTE
    ..\User\Application\src\user_change.c    0x00000000   Number         0  user_change.o ABSOLUTE
    ..\User\Drivers\src\74hc595.c            0x00000000   Number         0  74hc595.o ABSOLUTE
    ..\User\Drivers\src\apt8l16.c            0x00000000   Number         0  apt8l16.o ABSOLUTE
    ..\User\Drivers\src\delay.c              0x00000000   Number         0  delay.o ABSOLUTE
    ..\User\Drivers\src\ssd1305.c            0x00000000   Number         0  ssd1305.o ABSOLUTE
    ..\User\Drivers\src\st25r3911b.c         0x00000000   Number         0  st25r3911b.o ABSOLUTE
    ..\User\Drivers\src\stmflash.c           0x00000000   Number         0  stmflash.o ABSOLUTE
    ..\User\Drivers\src\win6170.c            0x00000000   Number         0  win6170.o ABSOLUTE
    ..\\Src\system_stm32l4xx.c               0x00000000   Number         0  system_stm32l4xx.o ABSOLUTE
    ..\\User\\Application\\src\\flash_alloc.c 0x00000000   Number         0  flash_alloc.o ABSOLUTE
    ..\\User\\Application\\src\\menu.c       0x00000000   Number         0  menu.o ABSOLUTE
    ..\\User\\Application\\src\\user_change.c 0x00000000   Number         0  user_change.o ABSOLUTE
    ..\\User\\Drivers\\src\\74hc595.c        0x00000000   Number         0  74hc595.o ABSOLUTE
    ..\\User\\Drivers\\src\\apt8l16.c        0x00000000   Number         0  apt8l16.o ABSOLUTE
    ..\\User\\Drivers\\src\\delay.c          0x00000000   Number         0  delay.o ABSOLUTE
    ..\\User\\Drivers\\src\\ssd1305.c        0x00000000   Number         0  ssd1305.o ABSOLUTE
    ..\\User\\Drivers\\src\\st25r3911b.c     0x00000000   Number         0  st25r3911b.o ABSOLUTE
    ..\\User\\Drivers\\src\\stmflash.c       0x00000000   Number         0  stmflash.o ABSOLUTE
    ..\\User\\Drivers\\src\\win6170.c        0x00000000   Number         0  win6170.o ABSOLUTE
    cdrcmple.s                               0x00000000   Number         0  cdrcmple.o ABSOLUTE
    dc.s                                     0x00000000   Number         0  dc.o ABSOLUTE
    handlers.s                               0x00000000   Number         0  handlers.o ABSOLUTE
    init.s                                   0x00000000   Number         0  init.o ABSOLUTE
    startup_stm32l431xx.s                    0x00000000   Number         0  startup_stm32l431xx.o ABSOLUTE
    RESET                                    0x08000000   Section      396  startup_stm32l431xx.o(RESET)
    .ARM.Collect$$$$00000000                 0x0800018c   Section        0  entry.o(.ARM.Collect$$$$00000000)
    .ARM.Collect$$$$00000001                 0x0800018c   Section        4  entry2.o(.ARM.Collect$$$$00000001)
    .ARM.Collect$$$$00000004                 0x08000190   Section        4  entry5.o(.ARM.Collect$$$$00000004)
    .ARM.Collect$$$$00000008                 0x08000194   Section        0  entry7b.o(.ARM.Collect$$$$00000008)
    .ARM.Collect$$$$0000000A                 0x08000194   Section        0  entry8b.o(.ARM.Collect$$$$0000000A)
    .ARM.Collect$$$$0000000B                 0x08000194   Section        8  entry9a.o(.ARM.Collect$$$$0000000B)
    .ARM.Collect$$$$0000000D                 0x0800019c   Section        0  entry10a.o(.ARM.Collect$$$$0000000D)
    .ARM.Collect$$$$0000000F                 0x0800019c   Section        0  entry11a.o(.ARM.Collect$$$$0000000F)
    .ARM.Collect$$$$00002712                 0x0800019c   Section        4  entry2.o(.ARM.Collect$$$$00002712)
    __lit__00000000                          0x0800019c   Data           4  entry2.o(.ARM.Collect$$$$00002712)
    .text                                    0x080001a0   Section       36  startup_stm32l431xx.o(.text)
    $v0                                      0x080001a0   Number         0  startup_stm32l431xx.o(.text)
    .text                                    0x080001c4   Section        0  uldiv.o(.text)
    .text                                    0x0800022c   Section        0  memseta.o(.text)
    .text                                    0x08000250   Section        0  strncpy.o(.text)
    .text                                    0x08000268   Section        0  strncmp.o(.text)
    .text                                    0x08000286   Section        0  calloc.o(.text)
    .text                                    0x080002a2   Section        0  llshl.o(.text)
    .text                                    0x080002c0   Section        0  llushr.o(.text)
    .text                                    0x080002e0   Section       36  init.o(.text)
    i.APT_ChipRegInit                        0x08000304   Section        0  apt8l16.o(i.APT_ChipRegInit)
    i.APT_ChipRegSet                         0x0800038c   Section        0  apt8l16.o(i.APT_ChipRegSet)
    i.APT_Init                               0x080003d4   Section        0  apt8l16.o(i.APT_Init)
    i.APT_ReadChipReg                        0x080003d8   Section        0  apt8l16.o(i.APT_ReadChipReg)
    i.APT_ScanTouchKey                       0x08000434   Section        0  apt8l16.o(i.APT_ScanTouchKey)
    i.APT_WriteChipReg                       0x08000530   Section        0  apt8l16.o(i.APT_WriteChipReg)
    i.All_Screen                             0x08000590   Section        0  ssd1305.o(i.All_Screen)
    i.BusFault_Handler                       0x0800059e   Section        0  stm32l4xx_it.o(i.BusFault_Handler)
    i.Clear_Screen                           0x080005a0   Section        0  ssd1305.o(i.Clear_Screen)
    i.DebugMon_Handler                       0x080005d4   Section        0  stm32l4xx_it.o(i.DebugMon_Handler)
    i.EXTI0_IRQHandler                       0x080005d6   Section        0  stm32l4xx_it.o(i.EXTI0_IRQHandler)
    i.FLASH_FlushCaches                      0x080005dc   Section        0  stm32l4xx_hal_flash_ex.o(i.FLASH_FlushCaches)
    i.FLASH_MassErase                        0x08000630   Section        0  stm32l4xx_hal_flash_ex.o(i.FLASH_MassErase)
    FLASH_MassErase                          0x08000631   Thumb Code    24  stm32l4xx_hal_flash_ex.o(i.FLASH_MassErase)
    i.FLASH_PageErase                        0x0800064c   Section        0  stm32l4xx_hal_flash_ex.o(i.FLASH_PageErase)
    i.FLASH_Program_DoubleWord               0x0800066c   Section        0  stm32l4xx_hal_flash.o(i.FLASH_Program_DoubleWord)
    FLASH_Program_DoubleWord                 0x0800066d   Thumb Code    18  stm32l4xx_hal_flash.o(i.FLASH_Program_DoubleWord)
    i.FLASH_Program_Fast                     0x08000684   Section        0  stm32l4xx_hal_flash.o(i.FLASH_Program_Fast)
    FLASH_Program_Fast                       0x08000685   Thumb Code    32  stm32l4xx_hal_flash.o(i.FLASH_Program_Fast)
    i.FLASH_WaitForLastOperation             0x080006a8   Section        0  stm32l4xx_hal_flash.o(i.FLASH_WaitForLastOperation)
    i.GetPage                                0x0800071c   Section        0  stmflash.o(i.GetPage)
    GetPage                                  0x0800071d   Thumb Code    56  stmflash.o(i.GetPage)
    i.HAL_Delay                              0x08000758   Section        0  stm32l4xx_hal.o(i.HAL_Delay)
    i.HAL_FLASHEx_Erase                      0x08000774   Section        0  stm32l4xx_hal_flash_ex.o(i.HAL_FLASHEx_Erase)
    i.HAL_FLASH_Lock                         0x0800085c   Section        0  stm32l4xx_hal_flash.o(i.HAL_FLASH_Lock)
    i.HAL_FLASH_Program                      0x08000870   Section        0  stm32l4xx_hal_flash.o(i.HAL_FLASH_Program)
    i.HAL_FLASH_Unlock                       0x0800091c   Section        0  stm32l4xx_hal_flash.o(i.HAL_FLASH_Unlock)
    i.HAL_GPIO_EXTI_Callback                 0x08000944   Section        0  main.o(i.HAL_GPIO_EXTI_Callback)
    i.HAL_GPIO_EXTI_IRQHandler               0x08000950   Section        0  stm32l4xx_hal_gpio.o(i.HAL_GPIO_EXTI_IRQHandler)
    i.HAL_GPIO_Init                          0x08000968   Section        0  stm32l4xx_hal_gpio.o(i.HAL_GPIO_Init)
    i.HAL_GPIO_ReadPin                       0x08000af6   Section        0  stm32l4xx_hal_gpio.o(i.HAL_GPIO_ReadPin)
    i.HAL_GPIO_WritePin                      0x08000b00   Section        0  stm32l4xx_hal_gpio.o(i.HAL_GPIO_WritePin)
    i.HAL_GetTick                            0x08000b0c   Section        0  stm32l4xx_hal.o(i.HAL_GetTick)
    i.HAL_I2CEx_ConfigAnalogFilter           0x08000b18   Section        0  stm32l4xx_hal_i2c_ex.o(i.HAL_I2CEx_ConfigAnalogFilter)
    i.HAL_I2CEx_ConfigDigitalFilter          0x08000b6e   Section        0  stm32l4xx_hal_i2c_ex.o(i.HAL_I2CEx_ConfigDigitalFilter)
    i.HAL_I2C_Init                           0x08000bc0   Section        0  stm32l4xx_hal_i2c.o(i.HAL_I2C_Init)
    i.HAL_I2C_Mem_Read                       0x08000c78   Section        0  stm32l4xx_hal_i2c.o(i.HAL_I2C_Mem_Read)
    i.HAL_I2C_Mem_Write                      0x08000de4   Section        0  stm32l4xx_hal_i2c.o(i.HAL_I2C_Mem_Write)
    i.HAL_I2C_MspInit                        0x08000f44   Section        0  i2c.o(i.HAL_I2C_MspInit)
    i.HAL_IncTick                            0x08000f90   Section        0  stm32l4xx_hal.o(i.HAL_IncTick)
    i.HAL_Init                               0x08000fa0   Section        0  stm32l4xx_hal.o(i.HAL_Init)
    i.HAL_InitTick                           0x08000fc0   Section        0  stm32l4xx_hal.o(i.HAL_InitTick)
    i.HAL_MspInit                            0x08000ff0   Section        0  stm32l4xx_hal_msp.o(i.HAL_MspInit)
    i.HAL_NVIC_DisableIRQ                    0x08001070   Section        0  stm32l4xx_hal_cortex.o(i.HAL_NVIC_DisableIRQ)
    i.HAL_NVIC_EnableIRQ                     0x08001086   Section        0  stm32l4xx_hal_cortex.o(i.HAL_NVIC_EnableIRQ)
    i.HAL_NVIC_SetPriority                   0x0800109c   Section        0  stm32l4xx_hal_cortex.o(i.HAL_NVIC_SetPriority)
    i.HAL_NVIC_SetPriorityGrouping           0x080010dc   Section        0  stm32l4xx_hal_cortex.o(i.HAL_NVIC_SetPriorityGrouping)
    i.HAL_PWREx_ControlVoltageScaling        0x08001100   Section        0  stm32l4xx_hal_pwr_ex.o(i.HAL_PWREx_ControlVoltageScaling)
    i.HAL_PWREx_GetVoltageRange              0x08001168   Section        0  stm32l4xx_hal_pwr_ex.o(i.HAL_PWREx_GetVoltageRange)
    i.HAL_PWR_EnableBkUpAccess               0x08001178   Section        0  stm32l4xx_hal_pwr.o(i.HAL_PWR_EnableBkUpAccess)
    i.HAL_RCCEx_EnableMSIPLLMode             0x08001188   Section        0  stm32l4xx_hal_rcc_ex.o(i.HAL_RCCEx_EnableMSIPLLMode)
    i.HAL_RCCEx_PeriphCLKConfig              0x08001198   Section        0  stm32l4xx_hal_rcc_ex.o(i.HAL_RCCEx_PeriphCLKConfig)
    i.HAL_RCC_ClockConfig                    0x08001454   Section        0  stm32l4xx_hal_rcc.o(i.HAL_RCC_ClockConfig)
    i.HAL_RCC_GetHCLKFreq                    0x0800156c   Section        0  stm32l4xx_hal_rcc.o(i.HAL_RCC_GetHCLKFreq)
    i.HAL_RCC_GetPCLK1Freq                   0x08001578   Section        0  stm32l4xx_hal_rcc.o(i.HAL_RCC_GetPCLK1Freq)
    i.HAL_RCC_GetPCLK2Freq                   0x0800159c   Section        0  stm32l4xx_hal_rcc.o(i.HAL_RCC_GetPCLK2Freq)
    i.HAL_RCC_GetSysClockFreq                0x080015c0   Section        0  stm32l4xx_hal_rcc.o(i.HAL_RCC_GetSysClockFreq)
    i.HAL_RCC_OscConfig                      0x08001664   Section        0  stm32l4xx_hal_rcc.o(i.HAL_RCC_OscConfig)
    i.HAL_SPI_Init                           0x08001b1c   Section        0  stm32l4xx_hal_spi.o(i.HAL_SPI_Init)
    i.HAL_SPI_MspInit                        0x08001bc8   Section        0  spi.o(i.HAL_SPI_MspInit)
    i.HAL_SYSTICK_CLKSourceConfig            0x08001c14   Section        0  stm32l4xx_hal_cortex.o(i.HAL_SYSTICK_CLKSourceConfig)
    i.HAL_SYSTICK_Callback                   0x08001c2c   Section        0  stm32l4xx_hal_cortex.o(i.HAL_SYSTICK_Callback)
    i.HAL_SYSTICK_Config                     0x08001c2e   Section        0  stm32l4xx_hal_cortex.o(i.HAL_SYSTICK_Config)
    i.HAL_SYSTICK_IRQHandler                 0x08001c56   Section        0  stm32l4xx_hal_cortex.o(i.HAL_SYSTICK_IRQHandler)
    i.HAL_UART_Init                          0x08001c5e   Section        0  stm32l4xx_hal_uart.o(i.HAL_UART_Init)
    i.HAL_UART_MspInit                       0x08001cc8   Section        0  usart.o(i.HAL_UART_MspInit)
    i.HAL_UART_Transmit                      0x08001d14   Section        0  stm32l4xx_hal_uart.o(i.HAL_UART_Transmit)
    i.HardFault_Handler                      0x08001dc4   Section        0  stm32l4xx_it.o(i.HardFault_Handler)
    i.I2C_Flush_TXDR                         0x08001dc6   Section        0  stm32l4xx_hal_i2c.o(i.I2C_Flush_TXDR)
    I2C_Flush_TXDR                           0x08001dc7   Thumb Code    34  stm32l4xx_hal_i2c.o(i.I2C_Flush_TXDR)
    i.I2C_IsAcknowledgeFailed                0x08001de8   Section        0  stm32l4xx_hal_i2c.o(i.I2C_IsAcknowledgeFailed)
    I2C_IsAcknowledgeFailed                  0x08001de9   Thumb Code   128  stm32l4xx_hal_i2c.o(i.I2C_IsAcknowledgeFailed)
    i.I2C_RequestMemoryRead                  0x08001e6c   Section        0  stm32l4xx_hal_i2c.o(i.I2C_RequestMemoryRead)
    I2C_RequestMemoryRead                    0x08001e6d   Thumb Code    94  stm32l4xx_hal_i2c.o(i.I2C_RequestMemoryRead)
    i.I2C_RequestMemoryWrite                 0x08001ed0   Section        0  stm32l4xx_hal_i2c.o(i.I2C_RequestMemoryWrite)
    I2C_RequestMemoryWrite                   0x08001ed1   Thumb Code    94  stm32l4xx_hal_i2c.o(i.I2C_RequestMemoryWrite)
    i.I2C_TransferConfig                     0x08001f34   Section        0  stm32l4xx_hal_i2c.o(i.I2C_TransferConfig)
    I2C_TransferConfig                       0x08001f35   Thumb Code    40  stm32l4xx_hal_i2c.o(i.I2C_TransferConfig)
    i.I2C_WaitOnFlagUntilTimeout             0x08001f60   Section        0  stm32l4xx_hal_i2c.o(i.I2C_WaitOnFlagUntilTimeout)
    I2C_WaitOnFlagUntilTimeout               0x08001f61   Thumb Code    88  stm32l4xx_hal_i2c.o(i.I2C_WaitOnFlagUntilTimeout)
    i.I2C_WaitOnSTOPFlagUntilTimeout         0x08001fb8   Section        0  stm32l4xx_hal_i2c.o(i.I2C_WaitOnSTOPFlagUntilTimeout)
    I2C_WaitOnSTOPFlagUntilTimeout           0x08001fb9   Thumb Code    76  stm32l4xx_hal_i2c.o(i.I2C_WaitOnSTOPFlagUntilTimeout)
    i.I2C_WaitOnTXISFlagUntilTimeout         0x08002004   Section        0  stm32l4xx_hal_i2c.o(i.I2C_WaitOnTXISFlagUntilTimeout)
    I2C_WaitOnTXISFlagUntilTimeout           0x08002005   Thumb Code    80  stm32l4xx_hal_i2c.o(i.I2C_WaitOnTXISFlagUntilTimeout)
    i.IC_IIC_Start                           0x08002054   Section        0  ssd1305.o(i.IC_IIC_Start)
    i.IC_IIC_Stop                            0x08002094   Section        0  ssd1305.o(i.IC_IIC_Stop)
    i.MX_GPIO_Init                           0x080020c8   Section        0  gpio.o(i.MX_GPIO_Init)
    i.MX_I2C1_Init                           0x080021c4   Section        0  i2c.o(i.MX_I2C1_Init)
    i.MX_SPI2_Init                           0x08002238   Section        0  spi.o(i.MX_SPI2_Init)
    i.MX_USART1_UART_Init                    0x0800229c   Section        0  usart.o(i.MX_USART1_UART_Init)
    i.MemManage_Handler                      0x080022ec   Section        0  stm32l4xx_it.o(i.MemManage_Handler)
    i.NMI_Handler                            0x080022ee   Section        0  stm32l4xx_it.o(i.NMI_Handler)
    i.NVIC_SetPriority                       0x080022f0   Section        0  stm32l4xx_hal_cortex.o(i.NVIC_SetPriority)
    NVIC_SetPriority                         0x080022f1   Thumb Code    32  stm32l4xx_hal_cortex.o(i.NVIC_SetPriority)
    i.PendSV_Handler                         0x08002310   Section        0  stm32l4xx_it.o(i.PendSV_Handler)
    i.RCCEx_PLLSAI1_Config                   0x08002314   Section        0  stm32l4xx_hal_rcc_ex.o(i.RCCEx_PLLSAI1_Config)
    RCCEx_PLLSAI1_Config                     0x08002315   Thumb Code   278  stm32l4xx_hal_rcc_ex.o(i.RCCEx_PLLSAI1_Config)
    i.RCC_SetFlashLatencyFromMSIRange        0x08002440   Section        0  stm32l4xx_hal_rcc.o(i.RCC_SetFlashLatencyFromMSIRange)
    RCC_SetFlashLatencyFromMSIRange          0x08002441   Thumb Code   116  stm32l4xx_hal_rcc.o(i.RCC_SetFlashLatencyFromMSIRange)
    i.Reset_IC                               0x080024bc   Section        0  ssd1305.o(i.Reset_IC)
    i.SDA_OUT                                0x080024f0   Section        0  ssd1305.o(i.SDA_OUT)
    SDA_OUT                                  0x080024f1   Thumb Code    30  ssd1305.o(i.SDA_OUT)
    i.SVC_Handler                            0x08002514   Section        0  stm32l4xx_it.o(i.SVC_Handler)
    i.SysTick_Handler                        0x08002516   Section        0  stm32l4xx_it.o(i.SysTick_Handler)
    i.SystemClock_Config                     0x08002524   Section        0  main.o(i.SystemClock_Config)
    i.SystemInit                             0x080025b8   Section        0  system_stm32l4xx.o(i.SystemInit)
    i.UART_AdvFeatureConfig                  0x080025fc   Section        0  stm32l4xx_hal_uart.o(i.UART_AdvFeatureConfig)
    i.UART_CheckIdleState                    0x080026c4   Section        0  stm32l4xx_hal_uart.o(i.UART_CheckIdleState)
    i.UART_SetConfig                         0x08002720   Section        0  stm32l4xx_hal_uart.o(i.UART_SetConfig)
    i.UART_WaitOnFlagUntilTimeout            0x08002974   Section        0  stm32l4xx_hal_uart.o(i.UART_WaitOnFlagUntilTimeout)
    i.UsageFault_Handler                     0x080029d8   Section        0  stm32l4xx_it.o(i.UsageFault_Handler)
    i.Write_Command                          0x080029da   Section        0  ssd1305.o(i.Write_Command)
    i.Write_Data                             0x080029fc   Section        0  ssd1305.o(i.Write_Data)
    i.Write_IIC_Data                         0x08002a20   Section        0  ssd1305.o(i.Write_IIC_Data)
    i._Error_Handler                         0x08002ab8   Section        0  main.o(i._Error_Handler)
    i.__0printf$5                            0x08002abc   Section        0  printf5.o(i.__0printf$5)
    i.__scatterload_copy                     0x08002adc   Section       14  handlers.o(i.__scatterload_copy)
    i.__scatterload_null                     0x08002aea   Section        2  handlers.o(i.__scatterload_null)
    i.__scatterload_zeroinit                 0x08002aec   Section       14  handlers.o(i.__scatterload_zeroinit)
    i._printf_core                           0x08002afc   Section        0  printf5.o(i._printf_core)
    _printf_core                             0x08002afd   Thumb Code   658  printf5.o(i._printf_core)
    i.delay_init                             0x08002dc4   Section        0  delay.o(i.delay_init)
    i.dele_password                          0x08002de0   Section        0  user_change.o(i.dele_password)
    i.display_check_exit                     0x08002f84   Section        0  ssd1305.o(i.display_check_exit)
    i.display_check_failed                   0x08002fb8   Section        0  ssd1305.o(i.display_check_failed)
    i.display_check_sucessful                0x08002fec   Section        0  ssd1305.o(i.display_check_sucessful)
    i.display_company_name                   0x08003020   Section        0  ssd1305.o(i.display_company_name)
    i.display_del_failed                     0x08003054   Section        0  ssd1305.o(i.display_del_failed)
    i.display_del_sucessful                  0x08003088   Section        0  ssd1305.o(i.display_del_sucessful)
    i.display_mainmenu                       0x080030bc   Section        0  ssd1305.o(i.display_mainmenu)
    i.display_number                         0x080031e4   Section        0  ssd1305.o(i.display_number)
    i.display_number_del                     0x08003214   Section        0  ssd1305.o(i.display_number_del)
    i.display_number_password                0x0800323c   Section        0  ssd1305.o(i.display_number_password)
    i.display_number_password_const          0x080032e8   Section        0  ssd1305.o(i.display_number_password_const)
    i.display_one_word                       0x08003394   Section        0  ssd1305.o(i.display_one_word)
    i.display_one_word_const                 0x080033e8   Section        0  ssd1305.o(i.display_one_word_const)
    i.display_passwod_warn                   0x08003440   Section        0  ssd1305.o(i.display_passwod_warn)
    i.display_passwod_warn_again             0x08003474   Section        0  ssd1305.o(i.display_passwod_warn_again)
    i.display_spe_char                       0x080034a8   Section        0  ssd1305.o(i.display_spe_char)
    i.display_spe_char_del                   0x080034ec   Section        0  ssd1305.o(i.display_spe_char_del)
    i.display_submenu_del                    0x08003530   Section        0  ssd1305.o(i.display_submenu_del)
    i.display_subsubmenu_add                 0x08003614   Section        0  ssd1305.o(i.display_subsubmenu_add)
    i.flash_init                             0x080036f8   Section        0  flash_alloc.o(i.flash_init)
    i.fputc                                  0x08003838   Section        0  usart.o(i.fputc)
    i.init_ic                                0x08003850   Section        0  ssd1305.o(i.init_ic)
    i.login                                  0x080038ec   Section        0  menu.o(i.login)
    i.main                                   0x080039d4   Section        0  main.o(i.main)
    i.main_menu                              0x08003a24   Section        0  menu.o(i.main_menu)
    i.malloc                                 0x08003a88   Section        0  malloc.o(i.malloc)
    i.oled_init                              0x08003af4   Section        0  ssd1305.o(i.oled_init)
    i.oled_refresh_gram                      0x08003b04   Section        0  ssd1305.o(i.oled_refresh_gram)
    i.oled_refresh_gram_with_arg             0x08003b44   Section        0  ssd1305.o(i.oled_refresh_gram_with_arg)
    i.save_password                          0x08003ba0   Section        0  user_change.o(i.save_password)
    i.send_bytes                             0x08003cbc   Section        0  74hc595.o(i.send_bytes)
    i.set_win6170                            0x08003d1c   Section        0  win6170.o(i.set_win6170)
    i.stm_flash_erase_write                  0x08003d9c   Section        0  stmflash.o(i.stm_flash_erase_write)
    i.stm_flash_read                         0x08003e58   Section        0  stmflash.o(i.stm_flash_read)
    i.sys_delay_us                           0x08003e70   Section        0  delay.o(i.sys_delay_us)
    i.user_add                               0x08003ea4   Section        0  user_change.o(i.user_add)
    i.user_confirm                           0x08003f04   Section        0  flash_alloc.o(i.user_confirm)
    i.user_delete                            0x08004050   Section        0  user_change.o(i.user_delete)
    i.user_password_del                      0x080040ac   Section        0  flash_alloc.o(i.user_password_del)
    i.user_password_save                     0x0800413c   Section        0  flash_alloc.o(i.user_password_save)
    .constdata                               0x080042cc   Section       64  system_stm32l4xx.o(.constdata)
    .constdata                               0x0800430c   Section        8  system_stm32l4xx.o(.constdata)
    .constdata                               0x08004314   Section     5824  ssd1305.o(.constdata)
    .data                                    0x20000000   Section        4  stm32l4xx_hal.o(.data)
    .data                                    0x20000004   Section       32  stm32l4xx_hal_flash.o(.data)
    .data                                    0x20000024   Section        4  system_stm32l4xx.o(.data)
    .data                                    0x20000028   Section       16  apt8l16.o(.data)
    key_map                                  0x2000002a   Data          14  apt8l16.o(.data)
    .data                                    0x20000038   Section        4  delay.o(.data)
    fac_us                                   0x20000038   Data           1  delay.o(.data)
    fac_ms                                   0x2000003a   Data           2  delay.o(.data)
    .data                                    0x2000003c   Section        4  menu.o(.data)
    number_cur                               0x2000003c   Data           1  menu.o(.data)
    delay_count                              0x2000003e   Data           2  menu.o(.data)
    .data                                    0x20000040   Section        2  user_change.o(.data)
    delay_count                              0x20000040   Data           2  user_change.o(.data)
    .data                                    0x20000044   Section       12  flash_alloc.o(.data)
    .data                                    0x20000050   Section        4  stdout.o(.data)
    .data                                    0x20000054   Section        4  mvars.o(.data)
    .data                                    0x20000058   Section        4  mvars.o(.data)
    .bss                                     0x2000005c   Section       76  i2c.o(.bss)
    .bss                                     0x200000a8   Section      100  spi.o(.bss)
    .bss                                     0x2000010c   Section      120  usart.o(.bss)
    .bss                                     0x20000184   Section     1024  ssd1305.o(.bss)
    .bss                                     0x20000584   Section      126  menu.o(.bss)
    password                                 0x20000584   Data         126  menu.o(.bss)
    HEAP                                     0x20000608   Section     6144  startup_stm32l431xx.o(HEAP)
    STACK                                    0x20001e08   Section     1024  startup_stm32l431xx.o(STACK)

    Global Symbols

    Symbol Name                              Value     Ov Type        Size  Object(Section)

    BuildAttributes$$THM_ISAv4$E$P$D$K$B$S$7EM$VFPi3$EXTD16$VFPS$VFMA$PE$A:L22UL41UL21$X:L11$S22US41US21$IEEE1$IW$USESV6$~STKCKD$USESV7$~SHL$OSPACE$ROPI$EBA8$MICROLIB$REQ8$PRES8$EABIv2 0x00000000   Number         0  anon$$obj.o ABSOLUTE
    __ARM_use_no_argv                        0x00000000   Number         0  main.o ABSOLUTE
    _printf_a                                0x00000000   Number         0  stubs.o ABSOLUTE
    _printf_c                                0x00000000   Number         0  stubs.o ABSOLUTE
    _printf_charcount                        0x00000000   Number         0  stubs.o ABSOLUTE
    _printf_d                                0x00000000   Number         0  stubs.o ABSOLUTE
    _printf_e                                0x00000000   Number         0  stubs.o ABSOLUTE
    _printf_f                                0x00000000   Number         0  stubs.o ABSOLUTE
    _printf_flags                            0x00000000   Number         0  stubs.o ABSOLUTE
    _printf_fp_dec                           0x00000000   Number         0  stubs.o ABSOLUTE
    _printf_fp_hex                           0x00000000   Number         0  stubs.o ABSOLUTE
    _printf_g                                0x00000000   Number         0  stubs.o ABSOLUTE
    _printf_i                                0x00000000   Number         0  stubs.o ABSOLUTE
    _printf_int_dec                          0x00000000   Number         0  stubs.o ABSOLUTE
    _printf_l                                0x00000000   Number         0  stubs.o ABSOLUTE
    _printf_lc                               0x00000000   Number         0  stubs.o ABSOLUTE
    _printf_ll                               0x00000000   Number         0  stubs.o ABSOLUTE
    _printf_lld                              0x00000000   Number         0  stubs.o ABSOLUTE
    _printf_lli                              0x00000000   Number         0  stubs.o ABSOLUTE
    _printf_llo                              0x00000000   Number         0  stubs.o ABSOLUTE
    _printf_llu                              0x00000000   Number         0  stubs.o ABSOLUTE
    _printf_llx                              0x00000000   Number         0  stubs.o ABSOLUTE
    _printf_longlong_dec                     0x00000000   Number         0  stubs.o ABSOLUTE
    _printf_longlong_hex                     0x00000000   Number         0  stubs.o ABSOLUTE
    _printf_longlong_oct                     0x00000000   Number         0  stubs.o ABSOLUTE
    _printf_ls                               0x00000000   Number         0  stubs.o ABSOLUTE
    _printf_mbtowc                           0x00000000   Number         0  stubs.o ABSOLUTE
    _printf_n                                0x00000000   Number         0  stubs.o ABSOLUTE
    _printf_o                                0x00000000   Number         0  stubs.o ABSOLUTE
    _printf_p                                0x00000000   Number         0  stubs.o ABSOLUTE
    _printf_percent                          0x00000000   Number         0  stubs.o ABSOLUTE
    _printf_pre_padding                      0x00000000   Number         0  stubs.o ABSOLUTE
    _printf_return_value                     0x00000000   Number         0  stubs.o ABSOLUTE
    _printf_s                                0x00000000   Number         0  stubs.o ABSOLUTE
    _printf_sizespec                         0x00000000   Number         0  stubs.o ABSOLUTE
    _printf_str                              0x00000000   Number         0  stubs.o ABSOLUTE
    _printf_truncate_signed                  0x00000000   Number         0  stubs.o ABSOLUTE
    _printf_truncate_unsigned                0x00000000   Number         0  stubs.o ABSOLUTE
    _printf_u                                0x00000000   Number         0  stubs.o ABSOLUTE
    _printf_wc                               0x00000000   Number         0  stubs.o ABSOLUTE
    _printf_wctomb                           0x00000000   Number         0  stubs.o ABSOLUTE
    _printf_widthprec                        0x00000000   Number         0  stubs.o ABSOLUTE
    _printf_x                                0x00000000   Number         0  stubs.o ABSOLUTE
    __cpp_initialize__aeabi_                  - Undefined Weak Reference
    __cxa_finalize                            - Undefined Weak Reference
    __decompress                              - Undefined Weak Reference
    _clock_init                               - Undefined Weak Reference
    _microlib_exit                            - Undefined Weak Reference
    __Vectors_Size                           0x0000018c   Number         0  startup_stm32l431xx.o ABSOLUTE
    __Vectors                                0x08000000   Data           4  startup_stm32l431xx.o(RESET)
    __Vectors_End                            0x0800018c   Data           0  startup_stm32l431xx.o(RESET)
    __main                                   0x0800018d   Thumb Code     0  entry.o(.ARM.Collect$$$$00000000)
    _main_stk                                0x0800018d   Thumb Code     0  entry2.o(.ARM.Collect$$$$00000001)
    _main_scatterload                        0x08000191   Thumb Code     0  entry5.o(.ARM.Collect$$$$00000004)
    __main_after_scatterload                 0x08000195   Thumb Code     0  entry5.o(.ARM.Collect$$$$00000004)
    _main_clock                              0x08000195   Thumb Code     0  entry7b.o(.ARM.Collect$$$$00000008)
    _main_cpp_init                           0x08000195   Thumb Code     0  entry8b.o(.ARM.Collect$$$$0000000A)
    _main_init                               0x08000195   Thumb Code     0  entry9a.o(.ARM.Collect$$$$0000000B)
    __rt_final_cpp                           0x0800019d   Thumb Code     0  entry10a.o(.ARM.Collect$$$$0000000D)
    __rt_final_exit                          0x0800019d   Thumb Code     0  entry11a.o(.ARM.Collect$$$$0000000F)
    Reset_Handler                            0x080001a1   Thumb Code     8  startup_stm32l431xx.o(.text)
    ADC1_IRQHandler                          0x080001bb   Thumb Code     0  startup_stm32l431xx.o(.text)
    CAN1_RX0_IRQHandler                      0x080001bb   Thumb Code     0  startup_stm32l431xx.o(.text)
    CAN1_RX1_IRQHandler                      0x080001bb   Thumb Code     0  startup_stm32l431xx.o(.text)
    CAN1_SCE_IRQHandler                      0x080001bb   Thumb Code     0  startup_stm32l431xx.o(.text)
    CAN1_TX_IRQHandler                       0x080001bb   Thumb Code     0  startup_stm32l431xx.o(.text)
    COMP_IRQHandler                          0x080001bb   Thumb Code     0  startup_stm32l431xx.o(.text)
    CRS_IRQHandler                           0x080001bb   Thumb Code     0  startup_stm32l431xx.o(.text)
    DMA1_Channel1_IRQHandler                 0x080001bb   Thumb Code     0  startup_stm32l431xx.o(.text)
    DMA1_Channel2_IRQHandler                 0x080001bb   Thumb Code     0  startup_stm32l431xx.o(.text)
    DMA1_Channel3_IRQHandler                 0x080001bb   Thumb Code     0  startup_stm32l431xx.o(.text)
    DMA1_Channel4_IRQHandler                 0x080001bb   Thumb Code     0  startup_stm32l431xx.o(.text)
    DMA1_Channel5_IRQHandler                 0x080001bb   Thumb Code     0  startup_stm32l431xx.o(.text)
    DMA1_Channel6_IRQHandler                 0x080001bb   Thumb Code     0  startup_stm32l431xx.o(.text)
    DMA1_Channel7_IRQHandler                 0x080001bb   Thumb Code     0  startup_stm32l431xx.o(.text)
    DMA2_Channel1_IRQHandler                 0x080001bb   Thumb Code     0  startup_stm32l431xx.o(.text)
    DMA2_Channel2_IRQHandler                 0x080001bb   Thumb Code     0  startup_stm32l431xx.o(.text)
    DMA2_Channel3_IRQHandler                 0x080001bb   Thumb Code     0  startup_stm32l431xx.o(.text)
    DMA2_Channel4_IRQHandler                 0x080001bb   Thumb Code     0  startup_stm32l431xx.o(.text)
    DMA2_Channel5_IRQHandler                 0x080001bb   Thumb Code     0  startup_stm32l431xx.o(.text)
    DMA2_Channel6_IRQHandler                 0x080001bb   Thumb Code     0  startup_stm32l431xx.o(.text)
    DMA2_Channel7_IRQHandler                 0x080001bb   Thumb Code     0  startup_stm32l431xx.o(.text)
    EXTI15_10_IRQHandler                     0x080001bb   Thumb Code     0  startup_stm32l431xx.o(.text)
    EXTI1_IRQHandler                         0x080001bb   Thumb Code     0  startup_stm32l431xx.o(.text)
    EXTI2_IRQHandler                         0x080001bb   Thumb Code     0  startup_stm32l431xx.o(.text)
    EXTI3_IRQHandler                         0x080001bb   Thumb Code     0  startup_stm32l431xx.o(.text)
    EXTI4_IRQHandler                         0x080001bb   Thumb Code     0  startup_stm32l431xx.o(.text)
    EXTI9_5_IRQHandler                       0x080001bb   Thumb Code     0  startup_stm32l431xx.o(.text)
    FLASH_IRQHandler                         0x080001bb   Thumb Code     0  startup_stm32l431xx.o(.text)
    FPU_IRQHandler                           0x080001bb   Thumb Code     0  startup_stm32l431xx.o(.text)
    I2C1_ER_IRQHandler                       0x080001bb   Thumb Code     0  startup_stm32l431xx.o(.text)
    I2C1_EV_IRQHandler                       0x080001bb   Thumb Code     0  startup_stm32l431xx.o(.text)
    I2C2_ER_IRQHandler                       0x080001bb   Thumb Code     0  startup_stm32l431xx.o(.text)
    I2C2_EV_IRQHandler                       0x080001bb   Thumb Code     0  startup_stm32l431xx.o(.text)
    I2C3_ER_IRQHandler                       0x080001bb   Thumb Code     0  startup_stm32l431xx.o(.text)
    I2C3_EV_IRQHandler                       0x080001bb   Thumb Code     0  startup_stm32l431xx.o(.text)
    LPTIM1_IRQHandler                        0x080001bb   Thumb Code     0  startup_stm32l431xx.o(.text)
    LPTIM2_IRQHandler                        0x080001bb   Thumb Code     0  startup_stm32l431xx.o(.text)
    LPUART1_IRQHandler                       0x080001bb   Thumb Code     0  startup_stm32l431xx.o(.text)
    PVD_PVM_IRQHandler                       0x080001bb   Thumb Code     0  startup_stm32l431xx.o(.text)
    QUADSPI_IRQHandler                       0x080001bb   Thumb Code     0  startup_stm32l431xx.o(.text)
    RCC_IRQHandler                           0x080001bb   Thumb Code     0  startup_stm32l431xx.o(.text)
    RNG_IRQHandler                           0x080001bb   Thumb Code     0  startup_stm32l431xx.o(.text)
    RTC_Alarm_IRQHandler                     0x080001bb   Thumb Code     0  startup_stm32l431xx.o(.text)
    RTC_WKUP_IRQHandler                      0x080001bb   Thumb Code     0  startup_stm32l431xx.o(.text)
    SAI1_IRQHandler                          0x080001bb   Thumb Code     0  startup_stm32l431xx.o(.text)
    SDMMC1_IRQHandler                        0x080001bb   Thumb Code     0  startup_stm32l431xx.o(.text)
    SPI1_IRQHandler                          0x080001bb   Thumb Code     0  startup_stm32l431xx.o(.text)
    SPI2_IRQHandler                          0x080001bb   Thumb Code     0  startup_stm32l431xx.o(.text)
    SPI3_IRQHandler                          0x080001bb   Thumb Code     0  startup_stm32l431xx.o(.text)
    SWPMI1_IRQHandler                        0x080001bb   Thumb Code     0  startup_stm32l431xx.o(.text)
    TAMP_STAMP_IRQHandler                    0x080001bb   Thumb Code     0  startup_stm32l431xx.o(.text)
    TIM1_BRK_TIM15_IRQHandler                0x080001bb   Thumb Code     0  startup_stm32l431xx.o(.text)
    TIM1_CC_IRQHandler                       0x080001bb   Thumb Code     0  startup_stm32l431xx.o(.text)
    TIM1_TRG_COM_IRQHandler                  0x080001bb   Thumb Code     0  startup_stm32l431xx.o(.text)
    TIM1_UP_TIM16_IRQHandler                 0x080001bb   Thumb Code     0  startup_stm32l431xx.o(.text)
    TIM2_IRQHandler                          0x080001bb   Thumb Code     0  startup_stm32l431xx.o(.text)
    TIM6_DAC_IRQHandler                      0x080001bb   Thumb Code     0  startup_stm32l431xx.o(.text)
    TIM7_IRQHandler                          0x080001bb   Thumb Code     0  startup_stm32l431xx.o(.text)
    TSC_IRQHandler                           0x080001bb   Thumb Code     0  startup_stm32l431xx.o(.text)
    USART1_IRQHandler                        0x080001bb   Thumb Code     0  startup_stm32l431xx.o(.text)
    USART2_IRQHandler                        0x080001bb   Thumb Code     0  startup_stm32l431xx.o(.text)
    USART3_IRQHandler                        0x080001bb   Thumb Code     0  startup_stm32l431xx.o(.text)
    WWDG_IRQHandler                          0x080001bb   Thumb Code     0  startup_stm32l431xx.o(.text)
    __aeabi_uldivmod                         0x080001c5   Thumb Code    98  uldiv.o(.text)
    __aeabi_memset                           0x0800022d   Thumb Code    14  memseta.o(.text)
    __aeabi_memset4                          0x0800022d   Thumb Code     0  memseta.o(.text)
    __aeabi_memset8                          0x0800022d   Thumb Code     0  memseta.o(.text)
    __aeabi_memclr                           0x0800023b   Thumb Code     4  memseta.o(.text)
    __aeabi_memclr4                          0x0800023b   Thumb Code     0  memseta.o(.text)
    __aeabi_memclr8                          0x0800023b   Thumb Code     0  memseta.o(.text)
    _memset$wrapper                          0x0800023f   Thumb Code    18  memseta.o(.text)
    strncpy                                  0x08000251   Thumb Code    24  strncpy.o(.text)
    strncmp                                  0x08000269   Thumb Code    30  strncmp.o(.text)
    calloc                                   0x08000287   Thumb Code    28  calloc.o(.text)
    __aeabi_llsl                             0x080002a3   Thumb Code    30  llshl.o(.text)
    _ll_shift_l                              0x080002a3   Thumb Code     0  llshl.o(.text)
    __aeabi_llsr                             0x080002c1   Thumb Code    32  llushr.o(.text)
    _ll_ushift_r                             0x080002c1   Thumb Code     0  llushr.o(.text)
    __scatterload                            0x080002e1   Thumb Code    28  init.o(.text)
    __scatterload_rt2                        0x080002e1   Thumb Code     0  init.o(.text)
    APT_ChipRegInit                          0x08000305   Thumb Code   108  apt8l16.o(i.APT_ChipRegInit)
    APT_ChipRegSet                           0x0800038d   Thumb Code    72  apt8l16.o(i.APT_ChipRegSet)
    APT_Init                                 0x080003d5   Thumb Code     4  apt8l16.o(i.APT_Init)
    APT_ReadChipReg                          0x080003d9   Thumb Code    48  apt8l16.o(i.APT_ReadChipReg)
    APT_ScanTouchKey                         0x08000435   Thumb Code   180  apt8l16.o(i.APT_ScanTouchKey)
    APT_WriteChipReg                         0x08000531   Thumb Code    48  apt8l16.o(i.APT_WriteChipReg)
    All_Screen                               0x08000591   Thumb Code    14  ssd1305.o(i.All_Screen)
    BusFault_Handler                         0x0800059f   Thumb Code     2  stm32l4xx_it.o(i.BusFault_Handler)
    Clear_Screen                             0x080005a1   Thumb Code    52  ssd1305.o(i.Clear_Screen)
    DebugMon_Handler                         0x080005d5   Thumb Code     2  stm32l4xx_it.o(i.DebugMon_Handler)
    EXTI0_IRQHandler                         0x080005d7   Thumb Code     6  stm32l4xx_it.o(i.EXTI0_IRQHandler)
    FLASH_FlushCaches                        0x080005dd   Thumb Code    76  stm32l4xx_hal_flash_ex.o(i.FLASH_FlushCaches)
    FLASH_PageErase                          0x0800064d   Thumb Code    28  stm32l4xx_hal_flash_ex.o(i.FLASH_PageErase)
    FLASH_WaitForLastOperation               0x080006a9   Thumb Code   104  stm32l4xx_hal_flash.o(i.FLASH_WaitForLastOperation)
    HAL_Delay                                0x08000759   Thumb Code    28  stm32l4xx_hal.o(i.HAL_Delay)
    HAL_FLASHEx_Erase                        0x08000775   Thumb Code   216  stm32l4xx_hal_flash_ex.o(i.HAL_FLASHEx_Erase)
    HAL_FLASH_Lock                           0x0800085d   Thumb Code    14  stm32l4xx_hal_flash.o(i.HAL_FLASH_Lock)
    HAL_FLASH_Program                        0x08000871   Thumb Code   156  stm32l4xx_hal_flash.o(i.HAL_FLASH_Program)
    HAL_FLASH_Unlock                         0x0800091d   Thumb Code    28  stm32l4xx_hal_flash.o(i.HAL_FLASH_Unlock)
    HAL_GPIO_EXTI_Callback                   0x08000945   Thumb Code    10  main.o(i.HAL_GPIO_EXTI_Callback)
    HAL_GPIO_EXTI_IRQHandler                 0x08000951   Thumb Code    18  stm32l4xx_hal_gpio.o(i.HAL_GPIO_EXTI_IRQHandler)
    HAL_GPIO_Init                            0x08000969   Thumb Code   364  stm32l4xx_hal_gpio.o(i.HAL_GPIO_Init)
    HAL_GPIO_ReadPin                         0x08000af7   Thumb Code    10  stm32l4xx_hal_gpio.o(i.HAL_GPIO_ReadPin)
    HAL_GPIO_WritePin                        0x08000b01   Thumb Code    10  stm32l4xx_hal_gpio.o(i.HAL_GPIO_WritePin)
    HAL_GetTick                              0x08000b0d   Thumb Code     6  stm32l4xx_hal.o(i.HAL_GetTick)
    HAL_I2CEx_ConfigAnalogFilter             0x08000b19   Thumb Code    86  stm32l4xx_hal_i2c_ex.o(i.HAL_I2CEx_ConfigAnalogFilter)
    HAL_I2CEx_ConfigDigitalFilter            0x08000b6f   Thumb Code    82  stm32l4xx_hal_i2c_ex.o(i.HAL_I2CEx_ConfigDigitalFilter)
    HAL_I2C_Init                             0x08000bc1   Thumb Code   178  stm32l4xx_hal_i2c.o(i.HAL_I2C_Init)
    HAL_I2C_Mem_Read                         0x08000c79   Thumb Code   346  stm32l4xx_hal_i2c.o(i.HAL_I2C_Mem_Read)
    HAL_I2C_Mem_Write                        0x08000de5   Thumb Code   340  stm32l4xx_hal_i2c.o(i.HAL_I2C_Mem_Write)
    HAL_I2C_MspInit                          0x08000f45   Thumb Code    66  i2c.o(i.HAL_I2C_MspInit)
    HAL_IncTick                              0x08000f91   Thumb Code    10  stm32l4xx_hal.o(i.HAL_IncTick)
    HAL_Init                                 0x08000fa1   Thumb Code    30  stm32l4xx_hal.o(i.HAL_Init)
    HAL_InitTick                             0x08000fc1   Thumb Code    42  stm32l4xx_hal.o(i.HAL_InitTick)
    HAL_MspInit                              0x08000ff1   Thumb Code   122  stm32l4xx_hal_msp.o(i.HAL_MspInit)
    HAL_NVIC_DisableIRQ                      0x08001071   Thumb Code    22  stm32l4xx_hal_cortex.o(i.HAL_NVIC_DisableIRQ)
    HAL_NVIC_EnableIRQ                       0x08001087   Thumb Code    22  stm32l4xx_hal_cortex.o(i.HAL_NVIC_EnableIRQ)
    HAL_NVIC_SetPriority                     0x0800109d   Thumb Code    60  stm32l4xx_hal_cortex.o(i.HAL_NVIC_SetPriority)
    HAL_NVIC_SetPriorityGrouping             0x080010dd   Thumb Code    26  stm32l4xx_hal_cortex.o(i.HAL_NVIC_SetPriorityGrouping)
    HAL_PWREx_ControlVoltageScaling          0x08001101   Thumb Code    90  stm32l4xx_hal_pwr_ex.o(i.HAL_PWREx_ControlVoltageScaling)
    HAL_PWREx_GetVoltageRange                0x08001169   Thumb Code    10  stm32l4xx_hal_pwr_ex.o(i.HAL_PWREx_GetVoltageRange)
    HAL_PWR_EnableBkUpAccess                 0x08001179   Thumb Code    12  stm32l4xx_hal_pwr.o(i.HAL_PWR_EnableBkUpAccess)
    HAL_RCCEx_EnableMSIPLLMode               0x08001189   Thumb Code    12  stm32l4xx_hal_rcc_ex.o(i.HAL_RCCEx_EnableMSIPLLMode)
    HAL_RCCEx_PeriphCLKConfig                0x08001199   Thumb Code   682  stm32l4xx_hal_rcc_ex.o(i.HAL_RCCEx_PeriphCLKConfig)
    HAL_RCC_ClockConfig                      0x08001455   Thumb Code   264  stm32l4xx_hal_rcc.o(i.HAL_RCC_ClockConfig)
    HAL_RCC_GetHCLKFreq                      0x0800156d   Thumb Code     6  stm32l4xx_hal_rcc.o(i.HAL_RCC_GetHCLKFreq)
    HAL_RCC_GetPCLK1Freq                     0x08001579   Thumb Code    24  stm32l4xx_hal_rcc.o(i.HAL_RCC_GetPCLK1Freq)
    HAL_RCC_GetPCLK2Freq                     0x0800159d   Thumb Code    24  stm32l4xx_hal_rcc.o(i.HAL_RCC_GetPCLK2Freq)
    HAL_RCC_GetSysClockFreq                  0x080015c1   Thumb Code   152  stm32l4xx_hal_rcc.o(i.HAL_RCC_GetSysClockFreq)
    HAL_RCC_OscConfig                        0x08001665   Thumb Code  1202  stm32l4xx_hal_rcc.o(i.HAL_RCC_OscConfig)
    HAL_SPI_Init                             0x08001b1d   Thumb Code   172  stm32l4xx_hal_spi.o(i.HAL_SPI_Init)
    HAL_SPI_MspInit                          0x08001bc9   Thumb Code    64  spi.o(i.HAL_SPI_MspInit)
    HAL_SYSTICK_CLKSourceConfig              0x08001c15   Thumb Code    24  stm32l4xx_hal_cortex.o(i.HAL_SYSTICK_CLKSourceConfig)
    HAL_SYSTICK_Callback                     0x08001c2d   Thumb Code     2  stm32l4xx_hal_cortex.o(i.HAL_SYSTICK_Callback)
    HAL_SYSTICK_Config                       0x08001c2f   Thumb Code    40  stm32l4xx_hal_cortex.o(i.HAL_SYSTICK_Config)
    HAL_SYSTICK_IRQHandler                   0x08001c57   Thumb Code     8  stm32l4xx_hal_cortex.o(i.HAL_SYSTICK_IRQHandler)
    HAL_UART_Init                            0x08001c5f   Thumb Code   106  stm32l4xx_hal_uart.o(i.HAL_UART_Init)
    HAL_UART_MspInit                         0x08001cc9   Thumb Code    62  usart.o(i.HAL_UART_MspInit)
    HAL_UART_Transmit                        0x08001d15   Thumb Code   176  stm32l4xx_hal_uart.o(i.HAL_UART_Transmit)
    HardFault_Handler                        0x08001dc5   Thumb Code     2  stm32l4xx_it.o(i.HardFault_Handler)
    IC_IIC_Start                             0x08002055   Thumb Code    60  ssd1305.o(i.IC_IIC_Start)
    IC_IIC_Stop                              0x08002095   Thumb Code    48  ssd1305.o(i.IC_IIC_Stop)
    MX_GPIO_Init                             0x080020c9   Thumb Code   236  gpio.o(i.MX_GPIO_Init)
    MX_I2C1_Init                             0x080021c5   Thumb Code    90  i2c.o(i.MX_I2C1_Init)
    MX_SPI2_Init                             0x08002239   Thumb Code    74  spi.o(i.MX_SPI2_Init)
    MX_USART1_UART_Init                      0x0800229d   Thumb Code    56  usart.o(i.MX_USART1_UART_Init)
    MemManage_Handler                        0x080022ed   Thumb Code     2  stm32l4xx_it.o(i.MemManage_Handler)
    NMI_Handler                              0x080022ef   Thumb Code     2  stm32l4xx_it.o(i.NMI_Handler)
    PendSV_Handler                           0x08002311   Thumb Code     2  stm32l4xx_it.o(i.PendSV_Handler)
    Reset_IC                                 0x080024bd   Thumb Code    46  ssd1305.o(i.Reset_IC)
    SVC_Handler                              0x08002515   Thumb Code     2  stm32l4xx_it.o(i.SVC_Handler)
    SysTick_Handler                          0x08002517   Thumb Code    14  stm32l4xx_it.o(i.SysTick_Handler)
    SystemClock_Config                       0x08002525   Thumb Code   144  main.o(i.SystemClock_Config)
    SystemInit                               0x080025b9   Thumb Code    56  system_stm32l4xx.o(i.SystemInit)
    UART_AdvFeatureConfig                    0x080025fd   Thumb Code   200  stm32l4xx_hal_uart.o(i.UART_AdvFeatureConfig)
    UART_CheckIdleState                      0x080026c5   Thumb Code    92  stm32l4xx_hal_uart.o(i.UART_CheckIdleState)
    UART_SetConfig                           0x08002721   Thumb Code   554  stm32l4xx_hal_uart.o(i.UART_SetConfig)
    UART_WaitOnFlagUntilTimeout              0x08002975   Thumb Code   100  stm32l4xx_hal_uart.o(i.UART_WaitOnFlagUntilTimeout)
    UsageFault_Handler                       0x080029d9   Thumb Code     2  stm32l4xx_it.o(i.UsageFault_Handler)
    Write_Command                            0x080029db   Thumb Code    34  ssd1305.o(i.Write_Command)
    Write_Data                               0x080029fd   Thumb Code    34  ssd1305.o(i.Write_Data)
    Write_IIC_Data                           0x08002a21   Thumb Code   148  ssd1305.o(i.Write_IIC_Data)
    _Error_Handler                           0x08002ab9   Thumb Code     2  main.o(i._Error_Handler)
    __0printf$5                              0x08002abd   Thumb Code    22  printf5.o(i.__0printf$5)
    __1printf$5                              0x08002abd   Thumb Code     0  printf5.o(i.__0printf$5)
    __2printf                                0x08002abd   Thumb Code     0  printf5.o(i.__0printf$5)
    __scatterload_copy                       0x08002add   Thumb Code    14  handlers.o(i.__scatterload_copy)
    __scatterload_null                       0x08002aeb   Thumb Code     2  handlers.o(i.__scatterload_null)
    __scatterload_zeroinit                   0x08002aed   Thumb Code    14  handlers.o(i.__scatterload_zeroinit)
    delay_init                               0x08002dc5   Thumb Code    24  delay.o(i.delay_init)
    dele_password                            0x08002de1   Thumb Code   408  user_change.o(i.dele_password)
    display_check_exit                       0x08002f85   Thumb Code    48  ssd1305.o(i.display_check_exit)
    display_check_failed                     0x08002fb9   Thumb Code    48  ssd1305.o(i.display_check_failed)
    display_check_sucessful                  0x08002fed   Thumb Code    48  ssd1305.o(i.display_check_sucessful)
    display_company_name                     0x08003021   Thumb Code    48  ssd1305.o(i.display_company_name)
    display_del_failed                       0x08003055   Thumb Code    48  ssd1305.o(i.display_del_failed)
    display_del_sucessful                    0x08003089   Thumb Code    48  ssd1305.o(i.display_del_sucessful)
    display_mainmenu                         0x080030bd   Thumb Code   286  ssd1305.o(i.display_mainmenu)
    display_number                           0x080031e5   Thumb Code    42  ssd1305.o(i.display_number)
    display_number_del                       0x08003215   Thumb Code    34  ssd1305.o(i.display_number_del)
    display_number_password                  0x0800323d   Thumb Code   164  ssd1305.o(i.display_number_password)
    display_number_password_const            0x080032e9   Thumb Code   164  ssd1305.o(i.display_number_password_const)
    display_one_word                         0x08003395   Thumb Code    80  ssd1305.o(i.display_one_word)
    display_one_word_const                   0x080033e9   Thumb Code    84  ssd1305.o(i.display_one_word_const)
    display_passwod_warn                     0x08003441   Thumb Code    48  ssd1305.o(i.display_passwod_warn)
    display_passwod_warn_again               0x08003475   Thumb Code    48  ssd1305.o(i.display_passwod_warn_again)
    display_spe_char                         0x080034a9   Thumb Code    46  ssd1305.o(i.display_spe_char)
    display_spe_char_del                     0x080034ed   Thumb Code    46  ssd1305.o(i.display_spe_char_del)
    display_submenu_del                      0x08003531   Thumb Code   218  ssd1305.o(i.display_submenu_del)
    display_subsubmenu_add                   0x08003615   Thumb Code   218  ssd1305.o(i.display_subsubmenu_add)
    flash_init                               0x080036f9   Thumb Code   198  flash_alloc.o(i.flash_init)
    fputc                                    0x08003839   Thumb Code    20  usart.o(i.fputc)
    init_ic                                  0x08003851   Thumb Code   154  ssd1305.o(i.init_ic)
    login                                    0x080038ed   Thumb Code   180  menu.o(i.login)
    main                                     0x080039d5   Thumb Code    78  main.o(i.main)
    main_menu                                0x08003a25   Thumb Code    90  menu.o(i.main_menu)
    malloc                                   0x08003a89   Thumb Code    92  malloc.o(i.malloc)
    oled_init                                0x08003af5   Thumb Code    10  ssd1305.o(i.oled_init)
    oled_refresh_gram                        0x08003b05   Thumb Code    60  ssd1305.o(i.oled_refresh_gram)
    oled_refresh_gram_with_arg               0x08003b45   Thumb Code    74  ssd1305.o(i.oled_refresh_gram_with_arg)
    save_password                            0x08003ba1   Thumb Code   246  user_change.o(i.save_password)
    send_bytes                               0x08003cbd   Thumb Code    88  74hc595.o(i.send_bytes)
    set_win6170                              0x08003d1d   Thumb Code   124  win6170.o(i.set_win6170)
    stm_flash_erase_write                    0x08003d9d   Thumb Code   128  stmflash.o(i.stm_flash_erase_write)
    stm_flash_read                           0x08003e59   Thumb Code    24  stmflash.o(i.stm_flash_read)
    sys_delay_us                             0x08003e71   Thumb Code    48  delay.o(i.sys_delay_us)
    user_add                                 0x08003ea5   Thumb Code    88  user_change.o(i.user_add)
    user_confirm                             0x08003f05   Thumb Code   224  flash_alloc.o(i.user_confirm)
    user_delete                              0x08004051   Thumb Code    84  user_change.o(i.user_delete)
    user_password_del                        0x080040ad   Thumb Code   114  flash_alloc.o(i.user_password_del)
    user_password_save                       0x0800413d   Thumb Code   296  flash_alloc.o(i.user_password_save)
    AHBPrescTable                            0x080042cc   Data          16  system_stm32l4xx.o(.constdata)
    MSIRangeTable                            0x080042dc   Data          48  system_stm32l4xx.o(.constdata)
    APBPrescTable                            0x0800430c   Data           8  system_stm32l4xx.o(.constdata)
    WELCOME0                                 0x08004314   Data         128  ssd1305.o(.constdata)
    WELCOME1                                 0x08004394   Data         176  ssd1305.o(.constdata)
    NUMBER                                   0x08004444   Data         160  ssd1305.o(.constdata)
    NUMBER_DEL                               0x080044e4   Data          16  ssd1305.o(.constdata)
    PASSWORD_WARN                            0x080044f4   Data         160  ssd1305.o(.constdata)
    PASSWORD_WARN_AGAIN                      0x08004594   Data         224  ssd1305.o(.constdata)
    ADD_USER                                 0x08004674   Data         160  ssd1305.o(.constdata)
    DEL_USER                                 0x08004714   Data         160  ssd1305.o(.constdata)
    SYS_SET                                  0x080047b4   Data         160  ssd1305.o(.constdata)
    SYS_INFO                                 0x08004854   Data         160  ssd1305.o(.constdata)
    ADMIN                                    0x080048f4   Data         128  ssd1305.o(.constdata)
    USER                                     0x08004974   Data         160  ssd1305.o(.constdata)
    USER_SE                                  0x08004a14   Data         192  ssd1305.o(.constdata)
    ADD_FINGER                               0x08004ad4   Data         160  ssd1305.o(.constdata)
    ADD_PASSWORD                             0x08004b74   Data         160  ssd1305.o(.constdata)
    ADD_CARD                                 0x08004c14   Data         192  ssd1305.o(.constdata)
    DEL_FINGER                               0x08004cd4   Data         160  ssd1305.o(.constdata)
    DEL_PASSWORD                             0x08004d74   Data         160  ssd1305.o(.constdata)
    DEL_CARD                                 0x08004e14   Data         192  ssd1305.o(.constdata)
    VOICE_SET                                0x08004ed4   Data         160  ssd1305.o(.constdata)
    WAN_SET                                  0x08004f74   Data         160  ssd1305.o(.constdata)
    DATA_SET                                 0x08005014   Data         160  ssd1305.o(.constdata)
    FACTORY_SET                              0x080050b4   Data         224  ssd1305.o(.constdata)
    VOICE_HIGH                               0x08005194   Data         128  ssd1305.o(.constdata)
    VOICE_MID                                0x08005214   Data         128  ssd1305.o(.constdata)
    VOICE_LOW                                0x08005294   Data         128  ssd1305.o(.constdata)
    VOICE_OFF                                0x08005314   Data          96  ssd1305.o(.constdata)
    SPE_CHART                                0x08005374   Data          16  ssd1305.o(.constdata)
    SPE_CHART_DEL                            0x08005384   Data          16  ssd1305.o(.constdata)
    company                                  0x08005394   Data         768  ssd1305.o(.constdata)
    CHECK_FAILED                             0x08005694   Data         128  ssd1305.o(.constdata)
    CHECK_SUCESSFUL                          0x08005714   Data         192  ssd1305.o(.constdata)
    CHECK_EXIT                               0x080057d4   Data         160  ssd1305.o(.constdata)
    DEL_SUCESS                               0x08005874   Data         128  ssd1305.o(.constdata)
    DEL_FAILE                                0x080058f4   Data         128  ssd1305.o(.constdata)
    NUM_PASSWORD                             0x08005974   Data          96  ssd1305.o(.constdata)
    Region$$Table$$Base                      0x080059d4   Number         0  anon$$obj.o(Region$$Table)
    Region$$Table$$Limit                     0x080059f4   Number         0  anon$$obj.o(Region$$Table)
    uwTick                                   0x20000000   Data           4  stm32l4xx_hal.o(.data)
    pFlash                                   0x20000004   Data          32  stm32l4xx_hal_flash.o(.data)
    SystemCoreClock                          0x20000024   Data           4  system_stm32l4xx.o(.data)
    get_cur_number                           0x20000028   Data           2  apt8l16.o(.data)
    key_board_flash                          0x20000044   Data           4  flash_alloc.o(.data)
    get_cur_info                             0x20000048   Data           8  flash_alloc.o(.data)
    __stdout                                 0x20000050   Data           4  stdout.o(.data)
    __microlib_freelist                      0x20000054   Data           4  mvars.o(.data)
    __microlib_freelist_initialised          0x20000058   Data           4  mvars.o(.data)
    hi2c1                                    0x2000005c   Data          76  i2c.o(.bss)
    hspi2                                    0x200000a8   Data         100  spi.o(.bss)
    huart1                                   0x2000010c   Data         120  usart.o(.bss)
    OLED_GRAM                                0x20000184   Data        1024  ssd1305.o(.bss)
    __heap_base                              0x20000608   Data           0  startup_stm32l431xx.o(HEAP)
    __heap_limit                             0x20001e08   Data           0  startup_stm32l431xx.o(HEAP)
    __initial_sp                             0x20002208   Data           0  startup_stm32l431xx.o(STACK)



==============================================================================

Memory Map of the image

  Image Entry point : 0x0800018d

  Load Region LR_IROM1 (Base: 0x08000000, Size: 0x00005a50, Max: 0x00040000, ABSOLUTE)

    Execution Region ER_IROM1 (Base: 0x08000000, Size: 0x000059f4, Max: 0x00040000, ABSOLUTE)

    Base Addr    Size         Type   Attr      Idx    E Section Name        Object

    0x08000000   0x0000018c   Data   RO            3    RESET               startup_stm32l431xx.o
    0x0800018c   0x00000000   Code   RO         3717  * .ARM.Collect$$$$00000000  mc_w.l(entry.o)
    0x0800018c   0x00000004   Code   RO         4019    .ARM.Collect$$$$00000001  mc_w.l(entry2.o)
    0x08000190   0x00000004   Code   RO         4022    .ARM.Collect$$$$00000004  mc_w.l(entry5.o)
    0x08000194   0x00000000   Code   RO         4024    .ARM.Collect$$$$00000008  mc_w.l(entry7b.o)
    0x08000194   0x00000000   Code   RO         4026    .ARM.Collect$$$$0000000A  mc_w.l(entry8b.o)
    0x08000194   0x00000008   Code   RO         4027    .ARM.Collect$$$$0000000B  mc_w.l(entry9a.o)
    0x0800019c   0x00000000   Code   RO         4029    .ARM.Collect$$$$0000000D  mc_w.l(entry10a.o)
    0x0800019c   0x00000000   Code   RO         4031    .ARM.Collect$$$$0000000F  mc_w.l(entry11a.o)
    0x0800019c   0x00000004   Code   RO         4020    .ARM.Collect$$$$00002712  mc_w.l(entry2.o)
    0x080001a0   0x00000024   Code   RO            4    .text               startup_stm32l431xx.o
    0x080001c4   0x00000068   Code   RO         3720    .text               mc_w.l(uldiv.o)
    0x0800022c   0x00000024   Code   RO         3722    .text               mc_w.l(memseta.o)
    0x08000250   0x00000018   Code   RO         3724    .text               mc_w.l(strncpy.o)
    0x08000268   0x0000001e   Code   RO         3726    .text               mc_w.l(strncmp.o)
    0x08000286   0x0000001c   Code   RO         4017    .text               mc_w.l(calloc.o)
    0x080002a2   0x0000001e   Code   RO         4036    .text               mc_w.l(llshl.o)
    0x080002c0   0x00000020   Code   RO         4038    .text               mc_w.l(llushr.o)
    0x080002e0   0x00000024   Code   RO         4057    .text               mc_w.l(init.o)
    0x08000304   0x00000088   Code   RO         3169    i.APT_ChipRegInit   apt8l16.o
    0x0800038c   0x00000048   Code   RO         3170    i.APT_ChipRegSet    apt8l16.o
    0x080003d4   0x00000004   Code   RO         3171    i.APT_Init          apt8l16.o
    0x080003d8   0x0000005c   Code   RO         3172    i.APT_ReadChipReg   apt8l16.o
    0x08000434   0x000000fc   Code   RO         3173    i.APT_ScanTouchKey  apt8l16.o
    0x08000530   0x00000060   Code   RO         3174    i.APT_WriteChipReg  apt8l16.o
    0x08000590   0x0000000e   Code   RO         3264    i.All_Screen        ssd1305.o
    0x0800059e   0x00000002   Code   RO          370    i.BusFault_Handler  stm32l4xx_it.o
    0x080005a0   0x00000034   Code   RO         3265    i.Clear_Screen      ssd1305.o
    0x080005d4   0x00000002   Code   RO          371    i.DebugMon_Handler  stm32l4xx_it.o
    0x080005d6   0x00000006   Code   RO          372    i.EXTI0_IRQHandler  stm32l4xx_it.o
    0x080005dc   0x00000054   Code   RO         2393    i.FLASH_FlushCaches  stm32l4xx_hal_flash_ex.o
    0x08000630   0x0000001c   Code   RO         2394    i.FLASH_MassErase   stm32l4xx_hal_flash_ex.o
    0x0800064c   0x00000020   Code   RO         2397    i.FLASH_PageErase   stm32l4xx_hal_flash_ex.o
    0x0800066c   0x00000018   Code   RO         2290    i.FLASH_Program_DoubleWord  stm32l4xx_hal_flash.o
    0x08000684   0x00000024   Code   RO         2291    i.FLASH_Program_Fast  stm32l4xx_hal_flash.o
    0x080006a8   0x00000074   Code   RO         2292    i.FLASH_WaitForLastOperation  stm32l4xx_hal_flash.o
    0x0800071c   0x0000003c   Code   RO         3525    i.GetPage           stmflash.o
    0x08000758   0x0000001c   Code   RO         1802    i.HAL_Delay         stm32l4xx_hal.o
    0x08000774   0x000000e6   Code   RO         2398    i.HAL_FLASHEx_Erase  stm32l4xx_hal_flash_ex.o
    0x0800085a   0x00000002   PAD
    0x0800085c   0x00000014   Code   RO         2296    i.HAL_FLASH_Lock    stm32l4xx_hal_flash.o
    0x08000870   0x000000aa   Code   RO         2301    i.HAL_FLASH_Program  stm32l4xx_hal_flash.o
    0x0800091a   0x00000002   PAD
    0x0800091c   0x00000028   Code   RO         2303    i.HAL_FLASH_Unlock  stm32l4xx_hal_flash.o
    0x08000944   0x0000000a   Code   RO           13    i.HAL_GPIO_EXTI_Callback  main.o
    0x0800094e   0x00000002   PAD
    0x08000950   0x00000018   Code   RO         2495    i.HAL_GPIO_EXTI_IRQHandler  stm32l4xx_hal_gpio.o
    0x08000968   0x0000018e   Code   RO         2496    i.HAL_GPIO_Init     stm32l4xx_hal_gpio.o
    0x08000af6   0x0000000a   Code   RO         2498    i.HAL_GPIO_ReadPin  stm32l4xx_hal_gpio.o
    0x08000b00   0x0000000a   Code   RO         2500    i.HAL_GPIO_WritePin  stm32l4xx_hal_gpio.o
    0x08000b0a   0x00000002   PAD
    0x08000b0c   0x0000000c   Code   RO         1806    i.HAL_GetTick       stm32l4xx_hal.o
    0x08000b18   0x00000056   Code   RO          932    i.HAL_I2CEx_ConfigAnalogFilter  stm32l4xx_hal_i2c_ex.o
    0x08000b6e   0x00000052   Code   RO          933    i.HAL_I2CEx_ConfigDigitalFilter  stm32l4xx_hal_i2c_ex.o
    0x08000bc0   0x000000b8   Code   RO          486    i.HAL_I2C_Init      stm32l4xx_hal_i2c.o
    0x08000c78   0x0000016a   Code   RO          504    i.HAL_I2C_Mem_Read  stm32l4xx_hal_i2c.o
    0x08000de2   0x00000002   PAD
    0x08000de4   0x0000015e   Code   RO          507    i.HAL_I2C_Mem_Write  stm32l4xx_hal_i2c.o
    0x08000f42   0x00000002   PAD
    0x08000f44   0x0000004c   Code   RO          239    i.HAL_I2C_MspInit   i2c.o
    0x08000f90   0x00000010   Code   RO         1810    i.HAL_IncTick       stm32l4xx_hal.o
    0x08000fa0   0x0000001e   Code   RO         1811    i.HAL_Init          stm32l4xx_hal.o
    0x08000fbe   0x00000002   PAD
    0x08000fc0   0x00000030   Code   RO         1812    i.HAL_InitTick      stm32l4xx_hal.o
    0x08000ff0   0x00000080   Code   RO          451    i.HAL_MspInit       stm32l4xx_hal_msp.o
    0x08001070   0x00000016   Code   RO         2976    i.HAL_NVIC_DisableIRQ  stm32l4xx_hal_cortex.o
    0x08001086   0x00000016   Code   RO         2977    i.HAL_NVIC_EnableIRQ  stm32l4xx_hal_cortex.o
    0x0800109c   0x00000040   Code   RO         2983    i.HAL_NVIC_SetPriority  stm32l4xx_hal_cortex.o
    0x080010dc   0x00000024   Code   RO         2984    i.HAL_NVIC_SetPriorityGrouping  stm32l4xx_hal_cortex.o
    0x08001100   0x00000068   Code   RO         2787    i.HAL_PWREx_ControlVoltageScaling  stm32l4xx_hal_pwr_ex.o
    0x08001168   0x00000010   Code   RO         2810    i.HAL_PWREx_GetVoltageRange  stm32l4xx_hal_pwr_ex.o
    0x08001178   0x00000010   Code   RO         2679    i.HAL_PWR_EnableBkUpAccess  stm32l4xx_hal_pwr.o
    0x08001188   0x00000010   Code   RO         2128    i.HAL_RCCEx_EnableMSIPLLMode  stm32l4xx_hal_rcc_ex.o
    0x08001198   0x000002ba   Code   RO         2134    i.HAL_RCCEx_PeriphCLKConfig  stm32l4xx_hal_rcc_ex.o
    0x08001452   0x00000002   PAD
    0x08001454   0x00000118   Code   RO         2012    i.HAL_RCC_ClockConfig  stm32l4xx_hal_rcc.o
    0x0800156c   0x0000000c   Code   RO         2016    i.HAL_RCC_GetHCLKFreq  stm32l4xx_hal_rcc.o
    0x08001578   0x00000024   Code   RO         2018    i.HAL_RCC_GetPCLK1Freq  stm32l4xx_hal_rcc.o
    0x0800159c   0x00000024   Code   RO         2019    i.HAL_RCC_GetPCLK2Freq  stm32l4xx_hal_rcc.o
    0x080015c0   0x000000a4   Code   RO         2020    i.HAL_RCC_GetSysClockFreq  stm32l4xx_hal_rcc.o
    0x08001664   0x000004b8   Code   RO         2023    i.HAL_RCC_OscConfig  stm32l4xx_hal_rcc.o
    0x08001b1c   0x000000ac   Code   RO          997    i.HAL_SPI_Init      stm32l4xx_hal_spi.o
    0x08001bc8   0x0000004c   Code   RO          281    i.HAL_SPI_MspInit   spi.o
    0x08001c14   0x00000018   Code   RO         2986    i.HAL_SYSTICK_CLKSourceConfig  stm32l4xx_hal_cortex.o
    0x08001c2c   0x00000002   Code   RO         2987    i.HAL_SYSTICK_Callback  stm32l4xx_hal_cortex.o
    0x08001c2e   0x00000028   Code   RO         2988    i.HAL_SYSTICK_Config  stm32l4xx_hal_cortex.o
    0x08001c56   0x00000008   Code   RO         2989    i.HAL_SYSTICK_IRQHandler  stm32l4xx_hal_cortex.o
    0x08001c5e   0x0000006a   Code   RO         1399    i.HAL_UART_Init     stm32l4xx_hal_uart.o
    0x08001cc8   0x0000004c   Code   RO          323    i.HAL_UART_MspInit  usart.o
    0x08001d14   0x000000b0   Code   RO         1407    i.HAL_UART_Transmit  stm32l4xx_hal_uart.o
    0x08001dc4   0x00000002   Code   RO          373    i.HardFault_Handler  stm32l4xx_it.o
    0x08001dc6   0x00000022   Code   RO          533    i.I2C_Flush_TXDR    stm32l4xx_hal_i2c.o
    0x08001de8   0x00000084   Code   RO          541    i.I2C_IsAcknowledgeFailed  stm32l4xx_hal_i2c.o
    0x08001e6c   0x00000064   Code   RO          544    i.I2C_RequestMemoryRead  stm32l4xx_hal_i2c.o
    0x08001ed0   0x00000064   Code   RO          545    i.I2C_RequestMemoryWrite  stm32l4xx_hal_i2c.o
    0x08001f34   0x0000002c   Code   RO          548    i.I2C_TransferConfig  stm32l4xx_hal_i2c.o
    0x08001f60   0x00000058   Code   RO          549    i.I2C_WaitOnFlagUntilTimeout  stm32l4xx_hal_i2c.o
    0x08001fb8   0x0000004c   Code   RO          551    i.I2C_WaitOnSTOPFlagUntilTimeout  stm32l4xx_hal_i2c.o
    0x08002004   0x00000050   Code   RO          552    i.I2C_WaitOnTXISFlagUntilTimeout  stm32l4xx_hal_i2c.o
    0x08002054   0x00000040   Code   RO         3266    i.IC_IIC_Start      ssd1305.o
    0x08002094   0x00000034   Code   RO         3267    i.IC_IIC_Stop       ssd1305.o
    0x080020c8   0x000000fc   Code   RO          214    i.MX_GPIO_Init      gpio.o
    0x080021c4   0x00000074   Code   RO          240    i.MX_I2C1_Init      i2c.o
    0x08002238   0x00000064   Code   RO          282    i.MX_SPI2_Init      spi.o
    0x0800229c   0x00000050   Code   RO          324    i.MX_USART1_UART_Init  usart.o
    0x080022ec   0x00000002   Code   RO          374    i.MemManage_Handler  stm32l4xx_it.o
    0x080022ee   0x00000002   Code   RO          375    i.NMI_Handler       stm32l4xx_it.o
    0x080022f0   0x00000020   Code   RO         2990    i.NVIC_SetPriority  stm32l4xx_hal_cortex.o
    0x08002310   0x00000002   Code   RO          376    i.PendSV_Handler    stm32l4xx_it.o
    0x08002312   0x00000002   PAD
    0x08002314   0x0000012c   Code   RO         2138    i.RCCEx_PLLSAI1_Config  stm32l4xx_hal_rcc_ex.o
    0x08002440   0x0000007c   Code   RO         2024    i.RCC_SetFlashLatencyFromMSIRange  stm32l4xx_hal_rcc.o
    0x080024bc   0x00000034   Code   RO         3268    i.Reset_IC          ssd1305.o
    0x080024f0   0x00000024   Code   RO         3269    i.SDA_OUT           ssd1305.o
    0x08002514   0x00000002   Code   RO          377    i.SVC_Handler       stm32l4xx_it.o
    0x08002516   0x0000000e   Code   RO          378    i.SysTick_Handler   stm32l4xx_it.o
    0x08002524   0x00000094   Code   RO           14    i.SystemClock_Config  main.o
    0x080025b8   0x00000044   Code   RO         3108    i.SystemInit        system_stm32l4xx.o
    0x080025fc   0x000000c8   Code   RO         1412    i.UART_AdvFeatureConfig  stm32l4xx_hal_uart.o
    0x080026c4   0x0000005c   Code   RO         1413    i.UART_CheckIdleState  stm32l4xx_hal_uart.o
    0x08002720   0x00000254   Code   RO         1428    i.UART_SetConfig    stm32l4xx_hal_uart.o
    0x08002974   0x00000064   Code   RO         1431    i.UART_WaitOnFlagUntilTimeout  stm32l4xx_hal_uart.o
    0x080029d8   0x00000002   Code   RO          379    i.UsageFault_Handler  stm32l4xx_it.o
    0x080029da   0x00000022   Code   RO         3270    i.Write_Command     ssd1305.o
    0x080029fc   0x00000022   Code   RO         3271    i.Write_Data        ssd1305.o
    0x08002a1e   0x00000002   PAD
    0x08002a20   0x00000098   Code   RO         3272    i.Write_IIC_Data    ssd1305.o
    0x08002ab8   0x00000002   Code   RO           15    i._Error_Handler    main.o
    0x08002aba   0x00000002   PAD
    0x08002abc   0x00000020   Code   RO         3861    i.__0printf$5       mc_w.l(printf5.o)
    0x08002adc   0x0000000e   Code   RO         4065    i.__scatterload_copy  mc_w.l(handlers.o)
    0x08002aea   0x00000002   Code   RO         4066    i.__scatterload_null  mc_w.l(handlers.o)
    0x08002aec   0x0000000e   Code   RO         4067    i.__scatterload_zeroinit  mc_w.l(handlers.o)
    0x08002afa   0x00000002   PAD
    0x08002afc   0x000002c6   Code   RO         3868    i._printf_core      mc_w.l(printf5.o)
    0x08002dc2   0x00000002   PAD
    0x08002dc4   0x0000001c   Code   RO         3226    i.delay_init        delay.o
    0x08002de0   0x000001a4   Code   RO         3621    i.dele_password     user_change.o
    0x08002f84   0x00000034   Code   RO         3273    i.display_check_exit  ssd1305.o
    0x08002fb8   0x00000034   Code   RO         3274    i.display_check_failed  ssd1305.o
    0x08002fec   0x00000034   Code   RO         3275    i.display_check_sucessful  ssd1305.o
    0x08003020   0x00000034   Code   RO         3276    i.display_company_name  ssd1305.o
    0x08003054   0x00000034   Code   RO         3277    i.display_del_failed  ssd1305.o
    0x08003088   0x00000034   Code   RO         3278    i.display_del_sucessful  ssd1305.o
    0x080030bc   0x00000128   Code   RO         3279    i.display_mainmenu  ssd1305.o
    0x080031e4   0x00000030   Code   RO         3280    i.display_number    ssd1305.o
    0x08003214   0x00000028   Code   RO         3281    i.display_number_del  ssd1305.o
    0x0800323c   0x000000ac   Code   RO         3282    i.display_number_password  ssd1305.o
    0x080032e8   0x000000ac   Code   RO         3283    i.display_number_password_const  ssd1305.o
    0x08003394   0x00000054   Code   RO         3284    i.display_one_word  ssd1305.o
    0x080033e8   0x00000058   Code   RO         3285    i.display_one_word_const  ssd1305.o
    0x08003440   0x00000034   Code   RO         3286    i.display_passwod_warn  ssd1305.o
    0x08003474   0x00000034   Code   RO         3287    i.display_passwod_warn_again  ssd1305.o
    0x080034a8   0x00000044   Code   RO         3288    i.display_spe_char  ssd1305.o
    0x080034ec   0x00000044   Code   RO         3289    i.display_spe_char_del  ssd1305.o
    0x08003530   0x000000e4   Code   RO         3291    i.display_submenu_del  ssd1305.o
    0x08003614   0x000000e4   Code   RO         3293    i.display_subsubmenu_add  ssd1305.o
    0x080036f8   0x0000013e   Code   RO         3667    i.flash_init        flash_alloc.o
    0x08003836   0x00000002   PAD
    0x08003838   0x00000018   Code   RO          325    i.fputc             usart.o
    0x08003850   0x0000009a   Code   RO         3296    i.init_ic           ssd1305.o
    0x080038ea   0x00000002   PAD
    0x080038ec   0x000000e8   Code   RO         3584    i.login             menu.o
    0x080039d4   0x0000004e   Code   RO           16    i.main              main.o
    0x08003a22   0x00000002   PAD
    0x08003a24   0x00000064   Code   RO         3585    i.main_menu         menu.o
    0x08003a88   0x0000006c   Code   RO         3990    i.malloc            mc_w.l(malloc.o)
    0x08003af4   0x00000010   Code   RO         3297    i.oled_init         ssd1305.o
    0x08003b04   0x00000040   Code   RO         3298    i.oled_refresh_gram  ssd1305.o
    0x08003b44   0x0000005c   Code   RO         3299    i.oled_refresh_gram_with_arg  ssd1305.o
    0x08003ba0   0x0000011a   Code   RO         3622    i.save_password     user_change.o
    0x08003cba   0x00000002   PAD
    0x08003cbc   0x00000060   Code   RO         3145    i.send_bytes        74hc595.o
    0x08003d1c   0x00000080   Code   RO         3560    i.set_win6170       win6170.o
    0x08003d9c   0x000000bc   Code   RO         3526    i.stm_flash_erase_write  stmflash.o
    0x08003e58   0x00000018   Code   RO         3527    i.stm_flash_read    stmflash.o
    0x08003e70   0x00000034   Code   RO         3228    i.sys_delay_us      delay.o
    0x08003ea4   0x00000060   Code   RO         3623    i.user_add          user_change.o
    0x08003f04   0x0000014c   Code   RO         3668    i.user_confirm      flash_alloc.o
    0x08004050   0x0000005c   Code   RO         3624    i.user_delete       user_change.o
    0x080040ac   0x00000090   Code   RO         3669    i.user_password_del  flash_alloc.o
    0x0800413c   0x0000018e   Code   RO         3670    i.user_password_save  flash_alloc.o
    0x080042ca   0x00000002   PAD
    0x080042cc   0x00000040   Data   RO         3109    .constdata          system_stm32l4xx.o
    0x0800430c   0x00000008   Data   RO         3110    .constdata          system_stm32l4xx.o
    0x08004314   0x000016c0   Data   RO         3301    .constdata          ssd1305.o
    0x080059d4   0x00000020   Data   RO         4063    Region$$Table       anon$$obj.o


    Execution Region RW_IRAM1 (Base: 0x20000000, Size: 0x00002208, Max: 0x00010000, ABSOLUTE)

    Base Addr    Size         Type   Attr      Idx    E Section Name        Object

    0x20000000   0x00000004   Data   RW         1827    .data               stm32l4xx_hal.o
    0x20000004   0x00000020   Data   RW         2304    .data               stm32l4xx_hal_flash.o
    0x20000024   0x00000004   Data   RW         3111    .data               system_stm32l4xx.o
    0x20000028   0x00000010   Data   RW         3175    .data               apt8l16.o
    0x20000038   0x00000004   Data   RW         3229    .data               delay.o
    0x2000003c   0x00000004   Data   RW         3587    .data               menu.o
    0x20000040   0x00000002   Data   RW         3625    .data               user_change.o
    0x20000042   0x00000002   PAD
    0x20000044   0x0000000c   Data   RW         3671    .data               flash_alloc.o
    0x20000050   0x00000004   Data   RW         4033    .data               mc_w.l(stdout.o)
    0x20000054   0x00000004   Data   RW         4044    .data               mc_w.l(mvars.o)
    0x20000058   0x00000004   Data   RW         4045    .data               mc_w.l(mvars.o)
    0x2000005c   0x0000004c   Zero   RW          241    .bss                i2c.o
    0x200000a8   0x00000064   Zero   RW          283    .bss                spi.o
    0x2000010c   0x00000078   Zero   RW          326    .bss                usart.o
    0x20000184   0x00000400   Zero   RW         3300    .bss                ssd1305.o
    0x20000584   0x0000007e   Zero   RW         3586    .bss                menu.o
    0x20000602   0x00000006   PAD
    0x20000608   0x00001800   Zero   RW            2    HEAP                startup_stm32l431xx.o
    0x20001e08   0x00000400   Zero   RW            1    STACK               startup_stm32l431xx.o


==============================================================================

Image component sizes


      Code (inc. data)   RO Data    RW Data    ZI Data      Debug   Object Name

        96          8          0          0          0        601   74hc595.o
       652        192          0         16          0       4411   apt8l16.o
        80          8          0          4          0       1384   delay.o
      1192        348          0         12          0       4036   flash_alloc.o
       252         16          0          0          0        971   gpio.o
       192         36          0          0         76       1637   i2c.o
       238          4          0          0          0     669465   main.o
       332         62          0          4        126       1997   menu.o
       176         38          0          0        100       1625   spi.o
      2724        194       5824          0       1024      22461   ssd1305.o
        36          8        396          0       7168        836   startup_stm32l431xx.o
       134         18          0          4          0       4183   stm32l4xx_hal.o
       250         14          0          0          0      32835   stm32l4xx_hal_cortex.o
       406         48          0         32          0       5170   stm32l4xx_hal_flash.o
       374         24          0          0          0       3969   stm32l4xx_hal_flash_ex.o
       442         34          0          0          0       3702   stm32l4xx_hal_gpio.o
      1550         40          0          0          0      11718   stm32l4xx_hal_i2c.o
       168          0          0          0          0       1923   stm32l4xx_hal_i2c_ex.o
       128          6          0          0          0        910   stm32l4xx_hal_msp.o
        16          4          0          0          0        547   stm32l4xx_hal_pwr.o
       120         20          0          0          0       1370   stm32l4xx_hal_pwr_ex.o
      1860         92          0          0          0       7488   stm32l4xx_hal_rcc.o
      1014         36          0          0          0       3653   stm32l4xx_hal_rcc_ex.o
       172          0          0          0          0       1251   stm32l4xx_hal_spi.o
      1270         62          0          0          0       6401   stm32l4xx_hal_uart.o
        36          0          0          0          0       4605   stm32l4xx_it.o
       272         64          0          0          0       2713   stmflash.o
        68         12         72          4          0       1225   system_stm32l4xx.o
       180         42          0          0        120       2254   usart.o
       890         58          0          2          0       3545   user_change.o
       128          4          0          0          0        698   win6170.o

    ----------------------------------------------------------------------
     15480       1492       6324         80       8620     809584   Object Totals
         0          0         32          0          0          0   (incl. Generated)
        32          0          0          2          6          0   (incl. Padding)

    ----------------------------------------------------------------------

      Code (inc. data)   RO Data    RW Data    ZI Data      Debug   Library Member Name

        28          0          0          0          0         76   calloc.o
         0          0          0          0          0          0   entry.o
         0          0          0          0          0          0   entry10a.o
         0          0          0          0          0          0   entry11a.o
         8          4          0          0          0          0   entry2.o
         4          0          0          0          0          0   entry5.o
         0          0          0          0          0          0   entry7b.o
         0          0          0          0          0          0   entry8b.o
         8          4          0          0          0          0   entry9a.o
        30          0          0          0          0          0   handlers.o
        36          8          0          0          0         68   init.o
        30          0          0          0          0         68   llshl.o
        32          0          0          0          0         68   llushr.o
       108         16          0          0          0         84   malloc.o
        36          0          0          0          0        108   memseta.o
         0          0          0          8          0          0   mvars.o
       742         56          0          0          0        184   printf5.o
         0          0          0          4          0          0   stdout.o
        30          0          0          0          0         80   strncmp.o
        24          0          0          0          0         76   strncpy.o
       104          0          0          0          0         92   uldiv.o

    ----------------------------------------------------------------------
      1224         88          0         12          0        904   Library Totals
         4          0          0          0          0          0   (incl. Padding)

    ----------------------------------------------------------------------

      Code (inc. data)   RO Data    RW Data    ZI Data      Debug   Library Name

      1220         88          0         12          0        904   mc_w.l

    ----------------------------------------------------------------------
      1224         88          0         12          0        904   Library Totals

    ----------------------------------------------------------------------

==============================================================================


      Code (inc. data)   RO Data    RW Data    ZI Data      Debug   

     16704       1580       6324         92       8620     796976   Grand Totals
     16704       1580       6324         92       8620     796976   ELF Image Totals
     16704       1580       6324         92          0          0   ROM Totals

==============================================================================

    Total RO  Size (Code + RO Data)                23028 (  22.49kB)
    Total RW  Size (RW Data + ZI Data)              8712 (   8.51kB)
    Total ROM Size (Code + RO Data + RW Data)      23120 (  22.58kB)

==============================================================================

